/BATCH  
/COM,ANSYS RELEASE 2024 R1           BUILD 24.1      UP20231106       16:45:35
/input,menust,tmp,''
/GRA,POWER
/GST,ON
/PLO,INFO,3
/GRO,CURL,ON
/CPLANE,1   
/REPLOT,RESIZE  
WPSTYLE,,,,,,,,0
/INPUT,'Task1_lower','mac','C:\Users\HUAWEI\Documents\GitHub\MY_MTO\APDL\',, 0  
/COM,ANSYS RELEASE 2024 R1           BUILD 24.1      UP20231106       16:48:18
FINISH  
! /EXIT,NOSAV   
/BATCH  
/COM,ANSYS RELEASE 2024 R1           BUILD 24.1      UP20231106       17:07:52
/input,menust,tmp,''
/GRA,POWER
/GST,ON
/PLO,INFO,3
/GRO,CURL,ON
/CPLANE,1   
/REPLOT,RESIZE  
WPSTYLE,,,,,,,,0
/INPUT,'Task1_lower','mac','C:\Users\HUAWEI\Documents\GitHub\MY_MTO\APDL\',, 0  
/COM,ANSYS RELEASE 2024 R1           BUILD 24.1      UP20231106       17:08:54
/INPUT,'Task1_upper','mac','C:\Users\HUAWEI\Documents\GitHub\MY_MTO\APDL\',, 0  
/COM,ANSYS RELEASE 2024 R1           BUILD 24.1      UP20231106       17:09:21
/INPUT,'Task2_lower.mac','txt','C:\Users\HUAWEI\Documents\GitHub\MY_MTO\APDL\',, 0  
/COM,ANSYS RELEASE 2024 R1           BUILD 24.1      UP20231106       17:09:51
/INPUT,'Task2_upper.mac','txt','C:\Users\HUAWEI\Documents\GitHub\MY_MTO\APDL\',, 0  
/COM,ANSYS RELEASE 2024 R1           BUILD 24.1      UP20231106       17:10:10
FINISH  
! /EXIT,NOSAV   
