/BATCH  
/COM,ANSYS RELEASE 2024 R1           BUILD 24.1      UP20231106       00:49:11
/input,menust,tmp,''
/GRA,POWER
/GST,ON
/PLO,INFO,3
/GRO,CURL,ON
/CPLANE,1   
/REPLOT,RESIZE  
WPSTYLE,,,,,,,,0
/INPUT,'task5_lower','mac','C:\Users\HUAWEI\Documents\GitHub\MY_MTO\APDL\',, 0  
/COM,ANSYS RELEASE 2024 R1           BUILD 24.1      UP20231106       00:50:51
/INPUT,'task5_upper','mac','C:\Users\HUAWEI\Documents\GitHub\MY_MTO\APDL\',, 0  
/COM,ANSYS RELEASE 2024 R1           BUILD 24.1      UP20231106       00:51:11
/INPUT,'Task1_lower','mac','C:\Users\HUAWEI\Documents\GitHub\MY_MTO\APDL\',, 0  
/COM,ANSYS RELEASE 2024 R1           BUILD 24.1      UP20231106       00:51:47
/INPUT,'Task3_upper','mac','C:\Users\HUAWEI\Documents\GitHub\MY_MTO\APDL\',, 0  
/COM,ANSYS RELEASE 2024 R1           BUILD 24.1      UP20231106       00:52:15
/INPUT,'Task3_lower','mac','C:\Users\HUAWEI\Documents\GitHub\MY_MTO\APDL\',, 0  
/COM,ANSYS RELEASE 2024 R1           BUILD 24.1      UP20231106       01:01:41
SET,LAST
SET,LAST
SET,LAST
SET,LAST
SET,LAST
!*  
PLESOL, S,X, 0,1.0  
PLESOL, S,XY, 0,1.0 
PLESOL, S,YZ, 0,1.0 
PLESOL, S,XY, 0,1.0 
PLESOL, S,XZ, 0,1.0 
PLESOL, S,XY, 0,1.0 
PLESOL, S,X, 0,1.0  
PLESOL, S,Y, 0,1.0  
PLESOL, S,Z, 0,1.0  
PLESOL, S,XY, 0,1.0 
PLESOL, S,YZ, 0,1.0 
PLESOL, S,XZ, 0,1.0 
PLESOL, S,Z, 0,1.0  
PLESOL, S,XY, 0,1.0 
PLESOL, S,YZ, 0,1.0 
PLESOL, S,XY, 0,1.0 
PLESOL, S,X, 0,1.0  
PLESOL, S,XY, 0,1.0 
!*  
PLESOL, S,YZ, 0,1.0 
!*  
PLESOL, S,X, 0,1.0  
!*  
!*  
!*  
PRESOL,S,COMP   
PRESOL,S,COMP   
PRESOL,S,COMP   
PRESOL,S,COMP   
PRESOL,S,COMP   
PRESOL,S,COMP   
!*  
PRNSOL,S,COMP   
!*  
PRESOL,S,COMP   
FINISH  
! /EXIT,NOSAV   
/BATCH  
/COM,ANSYS RELEASE 2024 R1           BUILD 24.1      UP20231106       03:54:37
/input,menust,tmp,''
/GRA,POWER
/GST,ON
/PLO,INFO,3
/GRO,CURL,ON
/CPLANE,1   
/REPLOT,RESIZE  
WPSTYLE,,,,,,,,0
/INPUT,'task5_lower','mac','C:\Users\HUAWEI\Documents\GitHub\MY_MTO\APDL\',, 0  
/COM,ANSYS RELEASE 2024 R1           BUILD 24.1      UP20231106       03:55:34
!*  
PRESOL,S,COMP   
ALLSEL,ALL  
EPLOT   
/VIEW,1,1,1,1   
/ANG,1  
/REP,FAST   
/USER,  1   
/DIST,  1,   7116.01466217  
/ANG,   1,   20.4000000000  
/REPLO  
/DIST,  1,   6690.65591276  
/ANG,   1,   54.9000000000  
/REPLO  
/DIST,  1,   6431.46087893  
/ANG,   1,   66.6000000000  
/REPLO  
/DIST, 1 ,1.082226,1
/REP,FAST   
/DIST, 1 ,1.082226,1
/REP,FAST   
/DIST, 1 ,0.924021,1
/REP,FAST   
/DIST, 1 ,0.924021,1
/REP,FAST   
/DIST, 1 ,0.924021,1
/REP,FAST   
/DIST, 1 ,0.924021,1
/REP,FAST   
/DIST, 1 ,0.924021,1
/REP,FAST   
/DIST, 1 ,0.924021,1
/REP,FAST   
/DIST, 1 ,0.924021,1
/REP,FAST   
/DIST, 1 ,0.924021,1
/REP,FAST   
/DIST, 1 ,0.924021,1
/REP,FAST   
/DIST,  1,   3664.07164434  
/ANG,   1,   36.6000000000  
/REPLO  
/DIST,  1,   2955.41622146  
/ANG,   1,   37.5000000000  
/REPLO  
/VIEW,1,,,1 
/ANG,1  
/REP,FAST   
/VIEW,1,,1  
/ANG,1  
/REP,FAST   
/DIST,  1,   3045.50657050  
/ANG,   1,   14.1000000000  
/REPLO  
/VIEW,1,1,1,1   
/ANG,1  
/REP,FAST   
/DIST, 1 ,1.082226,1
/REP,FAST   
/DIST, 1 ,0.924021,1
/REP,FAST   
/DIST, 1 ,0.924021,1
/REP,FAST   
/DIST, 1 ,1.082226,1
/REP,FAST   
/DIST, 1 ,1.082226,1
/REP,FAST   
/DIST, 1 ,1.082226,1
/REP,FAST   
/DIST, 1 ,1.082226,1
/REP,FAST   
/DIST, 1 ,1.082226,1
/REP,FAST   
/DIST, 1 ,1.082226,1
/REP,FAST   
/DIST,  1,   5631.87957287  
/ANG,   1,  -164.100000000  
/REPLO  
/DIST,  1,   4658.96937774  
/ANG,   1,  -151.500000000  
/REPLO  
/VIEW,1,,,-1
/ANG,1  
/REP,FAST   
/VIEW,1,-1  
/ANG,1  
/REP,FAST   
/VIEW,1,,-1 
/ANG,1  
/REP,FAST   
/DIST,  1,   5010.28617480  
/ANG,   1,   14.1000000000  
/REPLO  
/DIST, 1 ,1.082226,1
/REP,FAST   
/DIST, 1 ,1.082226,1
/REP,FAST   
/ZOOM,1,RECT,-0.30648,0.433505 ,1.00353004432 ,-0.123995098446  
/VIEW,1,1,1,1   
/ANG,1  
/REP,FAST   
/DIST, 1 ,1.082226,1
/REP,FAST   
/DIST, 1 ,1.082226,1
/REP,FAST   
/DIST, 1 ,1.082226,1
/REP,FAST   
/DIST, 1 ,1.082226,1
/REP,FAST   
/DIST, 1 ,1.082226,1
/REP,FAST   
/DIST, 1 ,1.082226,1
/REP,FAST   
/DIST, 1 ,1.082226,1
/REP,FAST   
/DIST, 1 ,1.082226,1
/REP,FAST   
/DIST, 1 ,1.082226,1
/REP,FAST   
/DIST, 1 ,1.082226,1
/REP,FAST   
/DIST, 1 ,0.924021,1
/REP,FAST   
/DIST, 1 ,0.924021,1
/REP,FAST   
/DIST, 1 ,0.924021,1
/REP,FAST   
/DIST, 1 ,0.924021,1
/REP,FAST   
/ANG,1,-30,ZS,1 
/REP,FAST   
/ANG,1,-30,ZS,1 
/REP,FAST   
/ANG,1,30,YS,1  
/REP,FAST   
/ANG,1,30,YS,1  
/REP,FAST   
/ANG,1,30,YS,1  
/REP,FAST   
/ANG,1,30,YS,1  
/REP,FAST   
/ANG,1,-30,YS,1 
/REP,FAST   
/ANG,1,30,XS,1  
/REP,FAST   
/ANG,1,30,XS,1  
/REP,FAST   
/ANG,1,30,XS,1  
/REP,FAST   
/ANG,1,-30,XS,1 
/REP,FAST   
/ANG,1,30,XS,1  
/REP,FAST   
/ANG,1,-30,YS,1 
/REP,FAST   
/ANG,1,-30,YS,1 
/REP,FAST   
/ANG,1,-30,YS,1 
/REP,FAST   
/ANG,1,-30,YS,1 
/REP,FAST   
/ANG,1,-30,YS,1 
/REP,FAST   
/ANG,1,-30,YS,1 
/REP,FAST   
/ANG,1,30,ZS,1  
/REP,FAST   
/DIST, 1 ,1.082226,1
/REP,FAST   
/DIST, 1 ,1.082226,1
/REP,FAST   
/DIST, 1 ,0.924021,1
/REP,FAST   
/DIST, 1 ,0.924021,1
/REP,FAST   
/DIST, 1 ,0.924021,1
/REP,FAST   
/DIST, 1 ,0.924021,1
/REP,FAST   
/DIST, 1 ,0.924021,1
/REP,FAST   
/DIST, 1 ,1.082226,1
/REP,FAST   
/DIST, 1 ,1.082226,1
/REP,FAST   
/AUTO,1 
/REP,FAST   
/DIST, 1 ,0.924021,1
/REP,FAST   
/DIST, 1 ,0.924021,1
/REP,FAST   
/DIST, 1 ,0.924021,1
/REP,FAST   
/DIST, 1 ,0.924021,1
/REP,FAST   
/DIST, 1 ,1.082226,1
/REP,FAST   
/DIST, 1 ,1.082226,1
/REP,FAST   
/INPUT,'task5_upper','mac','C:\Users\HUAWEI\Documents\GitHub\MY_MTO\APDL\',, 0  
/COM,ANSYS RELEASE 2024 R1           BUILD 24.1      UP20231106       04:00:01
/REPLOT,RESIZE  
ALLSEL,ALL  
EPLOT   
/VIEW,1,1,1,1   
/ANG,1  
/REP,FAST   
/DIST, 1 ,1.082226,1
/REP,FAST   
/DIST, 1 ,1.082226,1
/REP,FAST   
/DIST, 1 ,0.924021,1
/REP,FAST   
/DIST, 1 ,0.924021,1
/REP,FAST   
/DIST, 1 ,0.924021,1
/REP,FAST   
/DIST, 1 ,0.924021,1
/REP,FAST   
/DIST, 1 ,0.924021,1
/REP,FAST   
/DIST, 1 ,0.924021,1
/REP,FAST   
/DIST, 1 ,0.924021,1
/REP,FAST   
/DIST, 1 ,0.924021,1
/REP,FAST   
/DIST, 1 ,0.924021,1
/REP,FAST   
/DIST, 1 ,0.924021,1
/REP,FAST   
/DIST, 1 ,0.924021,1
/REP,FAST   
/DIST, 1 ,1.082226,1
/REP,FAST   
/DIST, 1 ,1.082226,1
/REP,FAST   
/DIST, 1 ,1.082226,1
/REP,FAST   
/DIST, 1 ,1.082226,1
/REP,FAST   
/DIST, 1 ,1.082226,1
/REP,FAST   
/DIST, 1 ,1.082226,1
/REP,FAST   
/DIST, 1 ,1.082226,1
/REP,FAST   
/USER,  1   
/DIST,  1,   6669.51341582  
/ANG,   1,   35.1000000000  
/REPLO  
/DIST,  1,   6075.73412966  
/ANG,   1,   26.7000000000  
/REPLO  
/DIST,  1,   5868.11728562  
/ANG,   1,   36.6000000000  
/REPLO  
/DIST,  1,   5171.18152293  
/ANG,   1,   32.4000000000  
/REPLO  
/REPLO  
/VIEW,1,,,1 
/ANG,1  
/REP,FAST   
/VIEW,1,1,2,3   
/ANG,1  
/REP,FAST   
/VIEW,1,,1  
/ANG,1  
/REP,FAST   
/DIST,  1,   5622.98593422  
/ANG,   1,   5.10000000000  
/REPLO  
/ANG,1,30,XS,1  
/REP,FAST   
/ANG,1,-30,XS,1 
/REP,FAST   
/ANG,1,-10,XS,1 
/REP,FAST   
/ANG,1,-10,XS,1 
/REP,FAST   
/ANG,1,-10,XS,1 
/REP,FAST   
/ANG,1,-10,XS,1 
/REP,FAST   
/ANG,1,-10,XS,1 
/REP,FAST   
/VIEW,1,,,1 
/ANG,1  
/REP,FAST   
/ANG,1,-10,YS,1 
/REP,FAST   
/ANG,1,-10,YS,1 
/REP,FAST   
/ANG,1,-10,YS,1 
/REP,FAST   
/ANG,1,-10,YS,1 
/REP,FAST   
/ANG,1,-10,YS,1 
/REP,FAST   
/ANG,1,-10,YS,1 
/REP,FAST   
/ANG,1,-10,YS,1 
/REP,FAST   
/ANG,1,-10,YS,1 
/REP,FAST   
/ANG,1,-10,YS,1 
/REP,FAST   
/ANG,1,-10,YS,1 
/REP,FAST   
/ANG,1,-10,YS,1 
/REP,FAST   
/ANG,1,-10,YS,1 
/REP,FAST   
/ANG,1,-10,YS,1 
/REP,FAST   
/ANG,1,-10,YS,1 
/REP,FAST   
/ANG,1,-10,YS,1 
/REP,FAST   
/ANG,1,-10,YS,1 
/REP,FAST   
/ANG,1,10,XS,1  
/REP,FAST   
/ANG,1,10,XS,1  
/REP,FAST   
/ANG,1,10,XS,1  
/REP,FAST   
/ANG,1,10,XS,1  
/REP,FAST   
/ANG,1,10,XS,1  
/REP,FAST   
/ANG,1,10,XS,1  
/REP,FAST   
/ANG,1,10,XS,1  
/REP,FAST   
/ANG,1,-10,ZS,1 
/REP,FAST   
/ANG,1,-10,ZS,1 
/REP,FAST   
/ANG,1,-10,ZS,1 
/REP,FAST   
/ANG,1,-10,ZS,1 
/REP,FAST   
/ANG,1,-10,ZS,1 
/REP,FAST   
/ANG,1,-10,ZS,1 
/REP,FAST   
/ANG,1,-10,ZS,1 
/REP,FAST   
/ANG,1,-10,ZS,1 
/REP,FAST   
/ANG,1,-10,ZS,1 
/REP,FAST   
/ANG,1,-10,ZS,1 
/REP,FAST   
/ANG,1,-10,YS,1 
/REP,FAST   
/ANG,1,-10,YS,1 
/REP,FAST   
/ANG,1,-10,YS,1 
/REP,FAST   
/ANG,1,-10,YS,1 
/REP,FAST   
/ANG,1,-10,YS,1 
/REP,FAST   
/ANG,1,-10,YS,1 
/REP,FAST   
/ANG,1,-10,XS,1 
/REP,FAST   
/ANG,1,-10,XS,1 
/REP,FAST   
/ANG,1,-10,XS,1 
/REP,FAST   
/ANG,1,-10,XS,1 
/REP,FAST   
/ANG,1,-10,XS,1 
/REP,FAST   
/ANG,1,-10,XS,1 
/REP,FAST   
/ANG,1,-10,XS,1 
/REP,FAST   
/ANG,1,-10,XS,1 
/REP,FAST   
/ANG,1,-10,XS,1 
/REP,FAST   
/ANG,1,-10,XS,1 
/REP,FAST   
/ANG,1,-10,XS,1 
/REP,FAST   
/ANG,1,-10,XS,1 
/REP,FAST   
/ANG,1,-10,XS,1 
/REP,FAST   
/ANG,1,-10,XS,1 
/REP,FAST   
/ANG,1,-10,XS,1 
/REP,FAST   
/ANG,1,-10,XS,1 
/REP,FAST   
/ANG,1,-10,XS,1 
/REP,FAST   
/ANG,1,-10,XS,1 
/REP,FAST   
/ANG,1,-10,XS,1 
/REP,FAST   
/ANG,1,-10,XS,1 
/REP,FAST   
/ANG,1,-10,XS,1 
/REP,FAST   
/ANG,1,-10,XS,1 
/REP,FAST   
/ANG,1,10,XS,1  
/REP,FAST   
/ANG,1,10,XS,1  
/REP,FAST   
/ANG,1,10,XS,1  
/REP,FAST   
/REPLO  
/INPUT,'task5_lower','mac','C:\Users\HUAWEI\Documents\GitHub\MY_MTO\APDL\',, 0  
/COM,ANSYS RELEASE 2024 R1           BUILD 24.1      UP20231106       04:04:46
/INPUT,'task5_upper','mac','C:\Users\HUAWEI\Documents\GitHub\MY_MTO\APDL\',, 0  
/COM,ANSYS RELEASE 2024 R1           BUILD 24.1      UP20231106       04:06:30
FINISH  
! /EXIT,NOSAV   
/BATCH  
/COM,ANSYS RELEASE 2024 R1           BUILD 24.1      UP20231106       12:39:47
/input,menust,tmp,''
/GRA,POWER
/GST,ON
/PLO,INFO,3
/GRO,CURL,ON
/INPUT,'Task3_ind19_check','mac','C:\Users\HUAWEI\Documents\GitHub\MY_MTO\APDL\',, 0
/COM,ANSYS RELEASE 2024 R1           BUILD 24.1      UP20231106       12:40:08
/CPLANE,1   
/REPLOT,RESIZE  
WPSTYLE,,,,,,,,0
FINISH  
! /EXIT,NOSAV   
