/BATCH  
/COM,ANSYS RELEASE 2024 R1           BUILD 24.1      UP20231106       03:17:29
/input,menust,tmp,''
/GRA,POWER
/GST,ON
/PLO,INFO,3
/GRO,CURL,ON
/CPLANE,1   
/REPLOT,RESIZE  
WPSTYLE,,,,,,,,0
/INPUT,'Task8_lower','mac','C:\Users\HUAWEI\Documents\GitHub\MY_MTO\APDL\',, 0  
/COM,ANSYS RELEASE 2024 R1           BUILD 24.1      UP20231106       03:18:32
EPLOT   
/DIST, 1 ,0.924021,1
/REP,FAST   
/DIST, 1 ,0.924021,1
/REP,FAST   
/ZOOM,1,RECT,0.112487,0.185727 ,0.758640691277 ,-0.442566619759 
/VIEW,1,1,1,1   
/ANG,1  
/REP,FAST   
/DIST, 1 ,1.082226,1
/REP,FAST   
/DIST, 1 ,1.082226,1
/REP,FAST   
/DIST, 1 ,1.082226,1
/REP,FAST   
/DIST, 1 ,1.082226,1
/REP,FAST   
/DIST, 1 ,1.082226,1
/REP,FAST   
/DIST, 1 ,1.082226,1
/REP,FAST   
/DIST, 1 ,1.082226,1
/REP,FAST   
/VIEW,1,,,1 
/ANG,1  
/REP,FAST   
/VIEW,1,,1  
/ANG,1  
/REP,FAST   
/POST1  
!*  
!*  
/EFACET,1   
PLNSOL, S,X, 0,1.0  
/VIEW,1,1,1,1   
/ANG,1  
/REP,FAST   
/DIST, 1 ,1.082226,1
/REP,FAST   
/DIST, 1 ,1.082226,1
/REP,FAST   
/DIST, 1 ,1.082226,1
/REP,FAST   
/DIST, 1 ,1.082226,1
/REP,FAST   
/REPLOT,RESIZE  
/INPUT,'Task8_lower','mac','C:\Users\HUAWEI\Documents\GitHub\MY_MTO\APDL\',, 0  
/COM,ANSYS RELEASE 2024 R1           BUILD 24.1      UP20231106       03:29:00
/VIEW,1,1,1,1   
/ANG,1  
/REP,FAST   
EPLOT   
/VIEW,1,1,1,1   
/ANG,1  
/REP,FAST   
/DIST, 1 ,0.924021,1
/REP,FAST   
/DIST, 1 ,0.924021,1
/REP,FAST   
/INPUT,'Task8_upper','mac','C:\Users\HUAWEI\Documents\GitHub\MY_MTO\APDL\',, 0  
/COM,ANSYS RELEASE 2024 R1           BUILD 24.1      UP20231106       03:30:22
/INPUT,'Task9_lower','mac','C:\Users\HUAWEI\Documents\GitHub\MY_MTO\APDL\',, 0  
/COM,ANSYS RELEASE 2024 R1           BUILD 24.1      UP20231106       03:30:57
/INPUT,'Task9_upper','mac','C:\Users\HUAWEI\Documents\GitHub\MY_MTO\APDL\',, 0  
/COM,ANSYS RELEASE 2024 R1           BUILD 24.1      UP20231106       03:33:19
FINISH  
! /EXIT,NOSAV   
/BATCH  
/COM,ANSYS RELEASE 2024 R1           BUILD 24.1      UP20231106       20:03:57
/input,menust,tmp,''
/GRA,POWER
/GST,ON
/PLO,INFO,3
/GRO,CURL,ON
/CPLANE,1   
/REPLOT,RESIZE  
WPSTYLE,,,,,,,,0
/INPUT,'Task3_lower','mac','C:\Users\HUAWEI\Documents\GitHub\MY_MTO\APDL\',, 0  
/COM,ANSYS RELEASE 2024 R1           BUILD 24.1      UP20231106       20:28:31
/INPUT,'Task3_upper','mac','C:\Users\HUAWEI\Documents\GitHub\MY_MTO\APDL\',, 0  
/COM,ANSYS RELEASE 2024 R1           BUILD 24.1      UP20231106       20:30:19
/INPUT,'Task4_lower','mac','C:\Users\HUAWEI\Documents\GitHub\MY_MTO\APDL\',, 0  
/COM,ANSYS RELEASE 2024 R1           BUILD 24.1      UP20231106       20:34:39
/INPUT,'Task4_upper','mac','C:\Users\HUAWEI\Documents\GitHub\MY_MTO\APDL\',, 0  
/COM,ANSYS RELEASE 2024 R1           BUILD 24.1      UP20231106       20:50:45
FINISH  
! /EXIT,NOSAV   
/BATCH  
/COM,ANSYS RELEASE 2024 R1           BUILD 24.1      UP20231106       01:25:56
/input,menust,tmp,''
/GRA,POWER
/GST,ON
/PLO,INFO,3
/GRO,CURL,ON
/CPLANE,1   
/REPLOT,RESIZE  
WPSTYLE,,,,,,,,0
/INPUT,'Task3_lower','mac','C:\Users\HUAWEI\Documents\GitHub\MY_MTO\APDL\',, 0  
/COM,ANSYS RELEASE 2024 R1           BUILD 24.1      UP20231106       01:26:29
EPLOT   
/VIEW,1,1,1,1   
/ANG,1  
/REP,FAST   
!*  
/EFACET,1   
PLNSOL, S,X, 0,1.0  
/ZOOM,1,RECT,-0.265174,0.657685 ,1.09794521658 ,-0.654947633967 
/ZOOM,1,RECT,-0.743151,0.852368 ,1.18940991471 ,-0.796534976773 
/ZOOM,1,RECT,-0.30648,0.775674 ,1.19236038884 ,-0.321627431112  
/DIST, 1 ,1.082226,1
/REP,FAST   
/DIST, 1 ,1.082226,1
/REP,FAST   
/DIST, 1 ,1.082226,1
/REP,FAST   
/DIST, 1 ,1.082226,1
/REP,FAST   
/DIST, 1 ,1.082226,1
/REP,FAST   
/DIST, 1 ,1.082226,1
/REP,FAST   
/DIST, 1 ,1.082226,1
/REP,FAST   
/DIST, 1 ,1.082226,1
/REP,FAST   
/DIST, 1 ,1.082226,1
/REP,FAST   
/DIST, 1 ,1.082226,1
/REP,FAST   
/DIST, 1 ,1.082226,1
/REP,FAST   
/DIST, 1 ,1.082226,1
/REP,FAST   
/ANG,1,-30,ZS,1 
/REP,FAST   
/ANG,1,-30,ZS,1 
/REP,FAST   
/ANG,1,-30,ZS,1 
/REP,FAST   
/ANG,1,-30,YS,1 
/REP,FAST   
/ANG,1,-30,YS,1 
/REP,FAST   
/ANG,1,-30,YS,1 
/REP,FAST   
/ANG,1,-30,YS,1 
/REP,FAST   
/ANG,1,-30,YS,1 
/REP,FAST   
/ZOOM,1,RECT,-0.023235,0.530846 ,1.2956269835 ,-0.454365564992  
/DIST, 1 ,1.082226,1
/REP,FAST   
/DIST, 1 ,1.082226,1
/REP,FAST   
/DIST, 1 ,1.082226,1
/REP,FAST   
/DIST, 1 ,1.082226,1
/REP,FAST   
/ZOOM,1,RECT,0.0800316,0.0883859 ,0.758640691277 ,-0.40127031144
/DIST, 1 ,1.082226,1
/REP,FAST   
/DIST, 1 ,1.082226,1
/REP,FAST   
/DIST, 1 ,1.082226,1
/REP,FAST   
/DIST, 1 ,1.082226,1
/REP,FAST   
/DIST, 1 ,1.082226,1
/REP,FAST   
/DIST, 1 ,1.082226,1
/REP,FAST   
/DIST, 1 ,1.082226,1
/REP,FAST   
/DIST, 1 ,1.082226,1
/REP,FAST   
/DIST, 1 ,1.082226,1
/REP,FAST   
/DIST, 1 ,1.082226,1
/REP,FAST   
/DIST, 1 ,1.082226,1
/REP,FAST   
/DIST, 1 ,1.082226,1
/REP,FAST   
/DIST, 1 ,1.082226,1
/REP,FAST   
/DIST, 1 ,1.082226,1
/REP,FAST   
/DIST, 1 ,1.082226,1
/REP,FAST   
/DIST, 1 ,1.082226,1
/REP,FAST   
/DIST, 1 ,1.082226,1
/REP,FAST   
/DIST, 1 ,1.082226,1
/REP,FAST   
/DIST, 1 ,1.082226,1
/REP,FAST   
/DIST, 1 ,1.082226,1
/REP,FAST   
/ZOOM,1,RECT,-0.465806,-0.348175 ,0.811749225673 ,-0.681495260743   
/ANG,1,30,XS,1  
/REP,FAST   
/ANG,1,30,XS,1  
/REP,FAST   
/ANG,1,30,XS,1  
/REP,FAST   
/DIST, 1 ,1.082226,1
/REP,FAST   
/DIST, 1 ,1.082226,1
/REP,FAST   
/DIST, 1 ,1.082226,1
/REP,FAST   
/DIST, 1 ,1.082226,1
/REP,FAST   
/DIST, 1 ,1.082226,1
/REP,FAST   
/DIST, 1 ,1.082226,1
/REP,FAST   
/DIST, 1 ,1.082226,1
/REP,FAST   
/DIST, 1 ,1.082226,1
/REP,FAST   
/DIST, 1 ,1.082226,1
/REP,FAST   
/DIST, 1 ,1.082226,1
/REP,FAST   
/ZOOM,1,RECT,-0.259273,0.147381 ,1.25432034564 ,-0.525159236395 
/DIST, 1 ,1.082226,1
/REP,FAST   
/DIST, 1 ,1.082226,1
/REP,FAST   
/DIST, 1 ,1.082226,1
/REP,FAST   
/DIST, 1 ,1.082226,1
/REP,FAST   
/DIST, 1 ,1.082226,1
/REP,FAST   
/DIST, 1 ,1.082226,1
/REP,FAST   
/DIST, 1 ,1.082226,1
/REP,FAST   
/DIST, 1 ,1.082226,1
/REP,FAST   
/DIST, 1 ,1.082226,1
/REP,FAST   
/DIST, 1 ,1.082226,1
/REP,FAST   
/DIST, 1 ,1.082226,1
/REP,FAST   
/DIST, 1 ,1.082226,1
/REP,FAST   
/DIST, 1 ,1.082226,1
/REP,FAST   
/DIST, 1 ,1.082226,1
/REP,FAST   
/ZOOM,1,RECT,-0.330084,-0.460265 ,0.944520561662 ,-0.834881548782   
/ZOOM,1,RECT,-0.728398,0.286018 ,1.23071655257 ,-0.38357189359  
/ZOOM,1,RECT,-0.592676,0.404008 ,1.21301370777 ,-0.351124794197 
/INPUT,'Task3_lower','mac','C:\Users\HUAWEI\Documents\GitHub\MY_MTO\APDL\',, 0  
/COM,ANSYS RELEASE 2024 R1           BUILD 24.1      UP20231106       02:49:46
/INPUT,'Task3_upper','mac','C:\Users\HUAWEI\Documents\GitHub\MY_MTO\APDL\',, 0  
/COM,ANSYS RELEASE 2024 R1           BUILD 24.1      UP20231106       02:50:14
/INPUT,'Task4_lower','mac','C:\Users\HUAWEI\Documents\GitHub\MY_MTO\APDL\',, 0  
/COM,ANSYS RELEASE 2024 R1           BUILD 24.1      UP20231106       02:50:18
/VIEW,1,1,1,1   
/ANG,1  
/REP,FAST   
EPLOT   
/INPUT,'Task4_upper','mac','C:\Users\HUAWEI\Documents\GitHub\MY_MTO\APDL\',, 0  
/COM,ANSYS RELEASE 2024 R1           BUILD 24.1      UP20231106       02:50:57
EPLOT   
/VIEW,1,1,1,1   
/ANG,1  
/REP,FAST   
/INPUT,'Task3_lower','mac','C:\Users\HUAWEI\Documents\GitHub\MY_MTO\APDL\',, 0  
/COM,ANSYS RELEASE 2024 R1           BUILD 24.1      UP20231106       05:40:54
/INPUT,'Task2_upper.mac','txt','C:\Users\HUAWEI\Documents\GitHub\MY_MTO\APDL\',, 0  
/COM,ANSYS RELEASE 2024 R1           BUILD 24.1      UP20231106       05:41:33
/INPUT,'Task4_lower','mac','C:\Users\HUAWEI\Documents\GitHub\MY_MTO\APDL\',, 0  
/COM,ANSYS RELEASE 2024 R1           BUILD 24.1      UP20231106       05:42:00
/INPUT,'Task4_upper','mac','C:\Users\HUAWEI\Documents\GitHub\MY_MTO\APDL\',, 0  
/COM,ANSYS RELEASE 2024 R1           BUILD 24.1      UP20231106       05:43:21
/INPUT,'Task3_upper','mac','C:\Users\HUAWEI\Documents\GitHub\MY_MTO\APDL\',, 0  
/COM,ANSYS RELEASE 2024 R1           BUILD 24.1      UP20231106       05:55:25
EPLOT   
/VIEW,1,1,1,1   
/ANG,1  
/REP,FAST   
!*  
/EFACET,1   
PLNSOL, S,X, 0,1.0  
EPLOT   
!*  
/EFACET,1   
PLNSOL, S,X, 0,1.0  
!*  
EPLOT   
FINISH  
! /EXIT,NOSAV   
/BATCH  
/COM,ANSYS RELEASE 2024 R1           BUILD 24.1      UP20231106       01:53:24
/input,menust,tmp,''
/GRA,POWER
/GST,ON
/PLO,INFO,3
/GRO,CURL,ON
/CPLANE,1   
/REPLOT,RESIZE  
WPSTYLE,,,,,,,,0
/INPUT,'Task8_lower','mac','C:\Users\HUAWEI\Documents\GitHub\MY_MTO\APDL\',, 0  
/COM,ANSYS RELEASE 2024 R1           BUILD 24.1      UP20231106       01:54:05
EPLOT   
/VIEW,1,1,1,1   
/ANG,1  
/REP,FAST   
/INPUT,'Task8_upper','mac','C:\Users\HUAWEI\Documents\GitHub\MY_MTO\APDL\',, 0  
/COM,ANSYS RELEASE 2024 R1           BUILD 24.1      UP20231106       01:58:42
/INPUT,'Task9_lower','mac','C:\Users\HUAWEI\Documents\GitHub\MY_MTO\APDL\',, 0  
/COM,ANSYS RELEASE 2024 R1           BUILD 24.1      UP20231106       02:00:13
/INPUT,'Task9_upper','mac','C:\Users\HUAWEI\Documents\GitHub\MY_MTO\APDL\',, 0  
/COM,ANSYS RELEASE 2024 R1           BUILD 24.1      UP20231106       02:04:19
FINISH  
! /EXIT,NOSAV   
/BATCH  
/COM,ANSYS RELEASE 2024 R1           BUILD 24.1      UP20231106       23:58:56
/input,menust,tmp,''
/GRA,POWER
/GST,ON
/PLO,INFO,3
/GRO,CURL,ON
/CPLANE,1   
/REPLOT,RESIZE  
WPSTYLE,,,,,,,,0
/INPUT,'Task8_lower','mac','C:\Users\HUAWEI\Documents\GitHub\MY_MTO\APDL\',, 0  
/COM,ANSYS RELEASE 2024 R1           BUILD 24.1      UP20231106       00:00:04
/INPUT,'Task8_upper','mac','C:\Users\HUAWEI\Documents\GitHub\MY_MTO\APDL\',, 0  
/COM,ANSYS RELEASE 2024 R1           BUILD 24.1      UP20231106       00:03:25
/INPUT,'Task8_lower','mac','C:\Users\HUAWEI\Documents\GitHub\MY_MTO\APDL\',, 0  
/COM,ANSYS RELEASE 2024 R1           BUILD 24.1      UP20231106       00:03:58
/INPUT,'Task8_upper','mac','C:\Users\HUAWEI\Documents\GitHub\MY_MTO\APDL\',, 0  
/COM,ANSYS RELEASE 2024 R1           BUILD 24.1      UP20231106       00:05:00
/INPUT,'Task9_lower','mac','C:\Users\HUAWEI\Documents\GitHub\MY_MTO\APDL\',, 0  
/COM,ANSYS RELEASE 2024 R1           BUILD 24.1      UP20231106       00:05:25
/INPUT,'Task9_upper','mac','C:\Users\HUAWEI\Documents\GitHub\MY_MTO\APDL\',, 0  
/COM,ANSYS RELEASE 2024 R1           BUILD 24.1      UP20231106       00:06:56
FINISH  
! /EXIT,NOSAV   
/BATCH  
/COM,ANSYS RELEASE 2024 R1           BUILD 24.1      UP20231106       05:26:21
/input,menust,tmp,''
/GRA,POWER
/GST,ON
/PLO,INFO,3
/GRO,CURL,ON
/CPLANE,1   
/REPLOT,RESIZE  
WPSTYLE,,,,,,,,0
/INPUT,'Task8_lower','mac','C:\Users\HUAWEI\Documents\GitHub\MY_MTO\APDL\',, 0  
/COM,ANSYS RELEASE 2024 R1           BUILD 24.1      UP20231106       05:27:14
EPLOT   
/VIEW,1,1,1,1   
/ANG,1  
/REP,FAST   
/VIEW,1,,,1 
/ANG,1  
/REP,FAST   
/VIEW,1,1   
/ANG,1  
/REP,FAST   
/DIST, 1 ,0.924021,1
/REP,FAST   
/DIST, 1 ,0.924021,1
/REP,FAST   
/DIST, 1 ,0.924021,1
/REP,FAST   
/DIST, 1 ,0.924021,1
/REP,FAST   
/DIST, 1 ,0.924021,1
/REP,FAST   
/DIST, 1 ,0.924021,1
/REP,FAST   
/VIEW,1,1,1,1   
/ANG,1  
/REP,FAST   
/ZOOM,1,RECT,0.829452,0.752077 ,1.44610116429 ,0.0765869705283  
/POST1  
!*  
/EFACET,1   
PLNSOL, U,X, 0,1.0  
/DIST, 1 ,1.082226,1
/REP,FAST   
/DIST, 1 ,1.082226,1
/REP,FAST   
/DIST, 1 ,1.082226,1
/REP,FAST   
/DIST, 1 ,1.082226,1
/REP,FAST   
/AUTO,1 
/REP,FAST   
/ZOOM,1,RECT,-0.188462,0.448254 ,0.900263449666 ,-0.498611609619
/ANG,1,30,XS,1  
/REP,FAST   
/ZOOM,1,RECT,0.684879,0.0677378 ,1.39299262989 ,-0.678545524435 
/ANG,1,1,YS,1   
/REP,FAST   
/ANG,1,1,XS,1   
/REP,FAST   
/ANG,1,1,ZS,1   
/REP,FAST   
/ANG,1,1,YS,1   
/REP,FAST   
/ANG,1,1,XS,1   
/REP,FAST   
/ANG,1,1,XS,1   
/REP,FAST   
/ANG,1,-1,XS,1  
/REP,FAST   
/ANG,1,-1,XS,1  
/REP,FAST   
/ANG,1,-1,XS,1  
/REP,FAST   
/ANG,1,-1,XS,1  
/REP,FAST   
/ANG,1,-1,XS,1  
/REP,FAST   
/ANG,1,-1,XS,1  
/REP,FAST   
/ANG,1,-1,XS,1  
/REP,FAST   
/ANG,1,-1,XS,1  
/REP,FAST   
/ANG,1,-1,XS,1  
/REP,FAST   
/ANG,1,-1,XS,1  
/REP,FAST   
/ANG,1,-1,XS,1  
/REP,FAST   
/ANG,1,-1,XS,1  
/REP,FAST   
/ANG,1,-1,XS,1  
/REP,FAST   
/ANG,1,-1,XS,1  
/REP,FAST   
/ANG,1,-1,XS,1  
/REP,FAST   
/ANG,1,-1,XS,1  
/REP,FAST   
/ANG,1,-1,XS,1  
/REP,FAST   
/ANG,1,-1,XS,1  
/REP,FAST   
/ANG,1,-1,XS,1  
/REP,FAST   
/ANG,1,1,YS,1   
/REP,FAST   
/ANG,1,1,ZS,1   
/REP,FAST   
/ANG,1,1,ZS,1   
/REP,FAST   
/ANG,1,1,ZS,1   
/REP,FAST   
/ANG,1,-1,YS,1  
/REP,FAST   
/ANG,1,-1,YS,1  
/REP,FAST   
/ANG,1,-1,YS,1  
/REP,FAST   
/ANG,1,-1,YS,1  
/REP,FAST   
/ANG,1,-1,YS,1  
/REP,FAST   
/ANG,1,-1,YS,1  
/REP,FAST   
/ANG,1,-1,YS,1  
/REP,FAST   
/ANG,1,-1,YS,1  
/REP,FAST   
/ANG,1,-1,YS,1  
/REP,FAST   
/ANG,1,-1,YS,1  
/REP,FAST   
/ANG,1,-1,YS,1  
/REP,FAST   
/ANG,1,-1,YS,1  
/REP,FAST   
/ANG,1,-1,YS,1  
/REP,FAST   
/ANG,1,-1,YS,1  
/REP,FAST   
/ANG,1,-1,YS,1  
/REP,FAST   
/ANG,1,-1,YS,1  
/REP,FAST   
/ANG,1,-1,YS,1  
/REP,FAST   
/ANG,1,-1,YS,1  
/REP,FAST   
/ANG,1,-1,YS,1  
/REP,FAST   
/ANG,1,-1,YS,1  
/REP,FAST   
/ANG,1,-1,YS,1  
/REP,FAST   
/ANG,1,-1,YS,1  
/REP,FAST   
/ANG,1,-1,YS,1  
/REP,FAST   
/ANG,1,-1,YS,1  
/REP,FAST   
/ANG,1,-1,YS,1  
/REP,FAST   
/ANG,1,-1,YS,1  
/REP,FAST   
/ANG,1,-1,YS,1  
/REP,FAST   
/ANG,1,-1,YS,1  
/REP,FAST   
/ANG,1,-1,YS,1  
/REP,FAST   
/ANG,1,-1,YS,1  
/REP,FAST   
/ANG,1,-1,YS,1  
/REP,FAST   
/ANG,1,-1,YS,1  
/REP,FAST   
/ANG,1,-1,YS,1  
/REP,FAST   
/ZOOM,1,RECT,-0.315332,-0.200688 ,0.652423622485 ,-0.557606335788   
/VIEW,1,1,1,1   
/ANG,1  
/REP,FAST   
/AUTO,1 
/REP,FAST   
/ZOOM,1,RECT,0.1951,0.100185 ,0.369178105707 ,-0.197738506157   
/DIST, 1 ,1.002637,1
/REP,FAST   
/DIST, 1 ,1.002637,1
/REP,FAST   
/AUTO,1 
/REP,FAST   
/ZOOM,1,RECT,0.251159,0.554444 ,0.658324570751 ,0.16802879609   
/DIST, 1 ,1.002637,1
/REP,FAST   
/DIST, 1 ,1.002637,1
/REP,FAST   
/DIST, 1 ,1.002637,1
/REP,FAST   
/AUTO,1 
/REP,FAST   
/INPUT,'Task8_lower','mac','C:\Users\HUAWEI\Documents\GitHub\MY_MTO\APDL\',, 0  
/COM,ANSYS RELEASE 2024 R1           BUILD 24.1      UP20231106       05:35:40
/POST1  
!*  
EPLOT   
!*  
/EFACET,1   
PLNSOL, U,X, 0,1.0  
!*  
/EFACET,1   
PLNSOL, U,Y, 0,1.0  
!*  
/EFACET,1   
PLNSOL, U,Z, 0,1.0  
!*  
/EFACET,1   
PLNSOL, U,X, 0,1.0  
!*  
!*  
PLESOL, S,X, 0,1.0  
/VIEW,1,1,1,1   
/ANG,1  
/REP,FAST   
/ZOOM,1,RECT,0.0593783,0.247672 ,0.522602760628 ,-0.300979276953
/AUTO,1 
/REP,FAST   
/ANG,1,-1,ZS,1  
/REP,FAST   
/ANG,1,1,ZS,1   
/REP,FAST   
/ANG,1,-1,YS,1  
/REP,FAST   
/ANG,1,-1,YS,1  
/REP,FAST   
/ANG,1,-1,YS,1  
/REP,FAST   
/ANG,1,-1,YS,1  
/REP,FAST   
/ANG,1,-1,YS,1  
/REP,FAST   
/ANG,1,-1,YS,1  
/REP,FAST   
/ANG,1,-1,YS,1  
/REP,FAST   
/ANG,1,-1,YS,1  
/REP,FAST   
/ANG,1,-1,YS,1  
/REP,FAST   
/ANG,1,-1,YS,1  
/REP,FAST   
/ANG,1,-1,YS,1  
/REP,FAST   
/ANG,1,-1,YS,1  
/REP,FAST   
/ANG,1,-1,YS,1  
/REP,FAST   
/ANG,1,-1,YS,1  
/REP,FAST   
/ANG,1,-1,YS,1  
/REP,FAST   
/ANG,1,-1,YS,1  
/REP,FAST   
/ANG,1,-1,YS,1  
/REP,FAST   
/ANG,1,-1,YS,1  
/REP,FAST   
/ANG,1,-1,YS,1  
/REP,FAST   
/ANG,1,-1,YS,1  
/REP,FAST   
/ANG,1,-1,YS,1  
/REP,FAST   
/ANG,1,-1,YS,1  
/REP,FAST   
/ANG,1,-1,YS,1  
/REP,FAST   
/ANG,1,-1,YS,1  
/REP,FAST   
/ANG,1,-1,YS,1  
/REP,FAST   
/ANG,1,-1,YS,1  
/REP,FAST   
/ANG,1,-1,YS,1  
/REP,FAST   
/ANG,1,-1,YS,1  
/REP,FAST   
/ANG,1,-1,YS,1  
/REP,FAST   
/ANG,1,-1,YS,1  
/REP,FAST   
/ANG,1,-1,YS,1  
/REP,FAST   
/ANG,1,-1,YS,1  
/REP,FAST   
/ANG,1,-1,YS,1  
/REP,FAST   
/ANG,1,-1,YS,1  
/REP,FAST   
/ANG,1,-1,YS,1  
/REP,FAST   
/ANG,1,-1,YS,1  
/REP,FAST   
/ANG,1,-1,YS,1  
/REP,FAST   
/ANG,1,-1,YS,1  
/REP,FAST   
/ANG,1,-1,YS,1  
/REP,FAST   
/ANG,1,-1,YS,1  
/REP,FAST   
/ANG,1,-1,YS,1  
/REP,FAST   
/ANG,1,-1,YS,1  
/REP,FAST   
/ANG,1,-1,YS,1  
/REP,FAST   
/ANG,1,-1,YS,1  
/REP,FAST   
/ANG,1,-1,YS,1  
/REP,FAST   
/ANG,1,-1,YS,1  
/REP,FAST   
/ANG,1,-1,YS,1  
/REP,FAST   
/ANG,1,-1,YS,1  
/REP,FAST   
/ANG,1,-1,YS,1  
/REP,FAST   
/ANG,1,-1,YS,1  
/REP,FAST   
/ANG,1,-1,YS,1  
/REP,FAST   
/ANG,1,-1,YS,1  
/REP,FAST   
/ANG,1,-1,YS,1  
/REP,FAST   
/ANG,1,-1,YS,1  
/REP,FAST   
/ANG,1,-1,YS,1  
/REP,FAST   
/ANG,1,-1,YS,1  
/REP,FAST   
/ANG,1,-1,YS,1  
/REP,FAST   
/ANG,1,-1,YS,1  
/REP,FAST   
/ANG,1,-1,YS,1  
/REP,FAST   
/ANG,1,-1,YS,1  
/REP,FAST   
/ANG,1,-1,YS,1  
/REP,FAST   
/ANG,1,-1,YS,1  
/REP,FAST   
/ANG,1,-1,YS,1  
/REP,FAST   
/ANG,1,-1,YS,1  
/REP,FAST   
/ANG,1,-1,YS,1  
/REP,FAST   
/ANG,1,-1,YS,1  
/REP,FAST   
/ANG,1,-1,YS,1  
/REP,FAST   
/ANG,1,-1,YS,1  
/REP,FAST   
/ANG,1,-1,YS,1  
/REP,FAST   
/ANG,1,-1,YS,1  
/REP,FAST   
/ANG,1,-1,YS,1  
/REP,FAST   
/ANG,1,-1,YS,1  
/REP,FAST   
/ANG,1,-1,YS,1  
/REP,FAST   
/ANG,1,-1,YS,1  
/REP,FAST   
/ANG,1,-1,YS,1  
/REP,FAST   
/ANG,1,-1,YS,1  
/REP,FAST   
/ANG,1,-1,YS,1  
/REP,FAST   
/ANG,1,-1,YS,1  
/REP,FAST   
/ANG,1,-1,YS,1  
/REP,FAST   
/ANG,1,-1,YS,1  
/REP,FAST   
/ANG,1,-1,YS,1  
/REP,FAST   
/ANG,1,-1,YS,1  
/REP,FAST   
/ANG,1,-1,YS,1  
/REP,FAST   
/ANG,1,-1,YS,1  
/REP,FAST   
/ANG,1,-1,YS,1  
/REP,FAST   
/ANG,1,-1,YS,1  
/REP,FAST   
/ANG,1,-1,YS,1  
/REP,FAST   
/ANG,1,-1,YS,1  
/REP,FAST   
/ANG,1,-1,YS,1  
/REP,FAST   
/ANG,1,-1,YS,1  
/REP,FAST   
/ANG,1,-1,YS,1  
/REP,FAST   
/ANG,1,-1,YS,1  
/REP,FAST   
/ANG,1,-1,YS,1  
/REP,FAST   
/ANG,1,-1,YS,1  
/REP,FAST   
/ANG,1,-1,YS,1  
/REP,FAST   
/ANG,1,-1,YS,1  
/REP,FAST   
/ANG,1,-1,YS,1  
/REP,FAST   
/ANG,1,-1,YS,1  
/REP,FAST   
/ANG,1,-1,YS,1  
/REP,FAST   
/ANG,1,-1,YS,1  
/REP,FAST   
/ANG,1,-1,YS,1  
/REP,FAST   
/ANG,1,-1,YS,1  
/REP,FAST   
/ANG,1,-1,YS,1  
/REP,FAST   
/ANG,1,-1,YS,1  
/REP,FAST   
/ANG,1,-1,YS,1  
/REP,FAST   
/ANG,1,-1,YS,1  
/REP,FAST   
/ANG,1,-1,YS,1  
/REP,FAST   
/ANG,1,-1,YS,1  
/REP,FAST   
/ANG,1,-1,YS,1  
/REP,FAST   
/ANG,1,-1,YS,1  
/REP,FAST   
/ANG,1,-1,YS,1  
/REP,FAST   
/ANG,1,-1,YS,1  
/REP,FAST   
/ANG,1,-1,YS,1  
/REP,FAST   
/ANG,1,-1,YS,1  
/REP,FAST   
/ANG,1,-1,YS,1  
/REP,FAST   
/ANG,1,-1,YS,1  
/REP,FAST   
/ANG,1,-1,YS,1  
/REP,FAST   
/ANG,1,-1,YS,1  
/REP,FAST   
/ANG,1,-1,YS,1  
/REP,FAST   
/ANG,1,-1,YS,1  
/REP,FAST   
/ANG,1,-1,YS,1  
/REP,FAST   
/ANG,1,-1,YS,1  
/REP,FAST   
/ANG,1,-1,YS,1  
/REP,FAST   
/ANG,1,-1,YS,1  
/REP,FAST   
/ANG,1,-1,YS,1  
/REP,FAST   
/ANG,1,-1,YS,1  
/REP,FAST   
/ANG,1,-1,YS,1  
/REP,FAST   
/ANG,1,-1,YS,1  
/REP,FAST   
/ANG,1,-1,YS,1  
/REP,FAST   
/ANG,1,-1,YS,1  
/REP,FAST   
/ANG,1,-1,YS,1  
/REP,FAST   
/ANG,1,-1,YS,1  
/REP,FAST   
/ANG,1,-1,YS,1  
/REP,FAST   
/ANG,1,-1,YS,1  
/REP,FAST   
/ANG,1,-1,YS,1  
/REP,FAST   
/ANG,1,-1,YS,1  
/REP,FAST   
/ANG,1,-1,YS,1  
/REP,FAST   
/ZOOM,1,RECT,-0.0999473,0.209325 ,0.891412027267 ,-0.371772948356   
/DIST, 1 ,1.002637,1
/REP,FAST   
/DIST, 1 ,1.002637,1
/REP,FAST   
/AUTO,1 
/REP,FAST   
/VIEW,1,1,1,1   
/ANG,1  
/REP,FAST   
/ZOOM,1,RECT,0.622919,0.333214 ,1.18645944058 ,-0.265582441252  
/ZOOM,1,RECT,-0.518915,0.690132 ,0.147892545724 ,0.156229850856 
/AUTO,1 
/REP,FAST   
/ZOOM,1,RECT,0.0770812,0.15328 ,0.614067458755 ,-0.221336396625 
/AUTO,1 
/REP,FAST   
/ZOOM,1,RECT,0.525553,-0.389471 ,1.03598525979 ,-0.831931812474 
/ZOOM,1,RECT,0.0210222,0.563293 ,0.549157027826 ,0.132631960389 
/VIEW,1,1,1,1   
/ANG,1  
/REP,FAST   
/AUTO,1 
/REP,FAST   
/ZOOM,1,RECT,0.0593783,0.168029 ,0.608166510489 ,-0.224286132933
/AUTO,1 
/REP,FAST   
/ZOOM,1,RECT,0.673077,-0.0767993 ,0.97107482886 ,-0.480913191769
/DIST, 1 ,1.002637,1
/REP,FAST   
/DIST, 1 ,1.002637,1
/REP,FAST   
/AUTO,1 
/REP,FAST   
/ZOOM,1,RECT,0.56981,0.401058 ,0.802897803273 ,0.0765869705283  
/AUTO,1 
/REP,FAST   
/ZOOM,1,RECT,0.484247,-0.0532014 ,1.21891465604 ,-0.483862928077
/ZOOM,1,RECT,-0.524816,0.147381 ,-0.156006289986 ,-0.118095625829   
/AUTO,1 
/REP,FAST   
/ZOOM,1,RECT,0.460643,0.0293912 ,0.917966294464 ,-0.442566619759
/ZOOM,1,RECT,0.203952,0.209325 ,0.856006337669 ,-0.40127031144  
/ZOOM,1,RECT,0.37803,0.138531 ,1.29857745763 ,-0.510410554853   
/DIST, 1 ,1.002637,1
/REP,FAST   
/DIST, 1 ,1.002637,1
/REP,FAST   
/DIST, 1 ,1.002637,1
/REP,FAST   
/DIST, 1 ,1.002637,1
/REP,FAST   
/AUTO,1 
/REP,FAST   
/ZOOM,1,RECT,0.121338,0.595741 ,0.776343536075 ,0.0500393437522 
/ZOOM,1,RECT,-0.734299,0.628188 ,-0.129452022788 ,0.150330378239
/ZOOM,1,RECT,-0.474657,0.619338 ,0.569810346758 ,-0.0650003722773   
/AUTO,1 
/REP,FAST   
/ZOOM,1,RECT,0.664226,0.064788 ,1.15105375098 ,-0.498611609619  
!*  
/EFACET,1   
PLNSOL, S,X, 0,1.0  
EPLOT   
!*  
/EFACET,1   
PLNSOL, S,X, 0,1.0  
/INPUT,'Task8_upper','mac','C:\Users\HUAWEI\Documents\GitHub\MY_MTO\APDL\',, 0  
/COM,ANSYS RELEASE 2024 R1           BUILD 24.1      UP20231106       06:10:50
EPLOT   
/POST1  
!*  
/EFACET,1   
PLNSOL, S,X, 0,1.0  
/VIEW,1,1,1,1   
/ANG,1  
/REP,FAST   
/ZOOM,1,RECT,-0.0350369,0.277169 ,0.578661769157 ,-0.480913191769   
/ZOOM,1,RECT,0.779294,0.448254 ,1.3752897851 ,-0.239034814476   
/AUTO,1 
/REP,FAST   
/ZOOM,1,RECT,0.590464,-0.121045 ,1.10679663898 ,-0.430767674525 
/AUTO,1 
/REP,FAST   
/ZOOM,1,RECT,0.174447,0.0795367 ,0.386880950506 ,-0.138743779988
/VIEW,1,1,1,1   
/ANG,1  
/REP,FAST   
/AUTO,1 
/REP,FAST   
/ZOOM,1,RECT,0.917966,0.451203 ,-0.456954651562 ,-0.463214773918
/ANG,1,-1,YS,1  
/REP,FAST   
/ANG,1,-1,YS,1  
/REP,FAST   
/ANG,1,-1,YS,1  
/REP,FAST   
/ANG,1,-1,YS,1  
/REP,FAST   
/ANG,1,-1,YS,1  
/REP,FAST   
/ANG,1,3,XS,1   
/REP,FAST   
/ANG,1,3,YS,1   
/REP,FAST   
/ANG,1,-3,YS,1  
/REP,FAST   
/ANG,1,-3,YS,1  
/REP,FAST   
/ANG,1,-30,YS,1 
/REP,FAST   
/ANG,1,-30,YS,1 
/REP,FAST   
/AUTO,1 
/REP,FAST   
/DIST,1,0.729,1 
/REP,FAST   
/DIST,1,0.729,1 
/REP,FAST   
/DIST,1,0.729,1 
/REP,FAST   
/VIEW,1,1,1,1   
/ANG,1  
/REP,FAST   
/ZOOM,1,RECT,0.997629,-0.000106173 ,1.53756586242 ,-0.460265037609  
/ZOOM,1,RECT,1.20416,-0.250834 ,1.44610116429 ,-0.513360291161  
/ZOOM,1,RECT,1.4461,-0.51336 ,1.28382508697 ,-0.454365564992
/DIST,1,1.37174211248,1 
/REP,FAST   
/DIST,1,1.37174211248,1 
/REP,FAST   
/DIST,1,1.37174211248,1 
/REP,FAST   
/DIST,1,1.37174211248,1 
/REP,FAST   
/AUTO,1 
/REP,FAST   
/ZOOM,1,RECT,0.596365,-0.118096 ,1.06844047525 ,-0.38357189359  
/ZOOM,1,RECT,-0.477608,0.324365 ,0.501949441697 ,-0.300979276953
/AUTO,1 
/REP,FAST   
PLDISP,0
NPLOT   
LPLOT   
PLDISP,0
PLDISP,0
FINISH  
! /EXIT,NOSAV   
/BATCH  
/COM,ANSYS RELEASE 2024 R1           BUILD 24.1      UP20231106       17:14:21
/input,menust,tmp,''
/GRA,POWER
/GST,ON
/PLO,INFO,3
/GRO,CURL,ON
/CPLANE,1   
/REPLOT,RESIZE  
WPSTYLE,,,,,,,,0
/INPUT,'Task8_lower','mac','C:\Users\HUAWEI\Documents\GitHub\MY_MTO\APDL\',, 0  
/COM,ANSYS RELEASE 2024 R1           BUILD 24.1      UP20231106       17:15:13
EPLOT   
/VIEW,1,1,1,1   
/ANG,1  
/REP,FAST   
/POST1  
!*  
/EFACET,1   
PLNSOL, S,X, 0,1.0  
/INPUT,'Task8_upper','mac','C:\Users\HUAWEI\Documents\GitHub\MY_MTO\APDL\',, 0  
/COM,ANSYS RELEASE 2024 R1           BUILD 24.1      UP20231106       17:18:33
/POST1  
!*  
/EFACET,1   
PLNSOL, S,X, 0,1.0  
/VIEW,1,1,1,1   
/ANG,1  
/REP,FAST   
/ZOOM,1,RECT,0.109536,0.241772 ,0.50489991583 ,-0.241984550784  
/DIST, 1 ,1.082226,1
/REP,FAST   
/DIST, 1 ,1.082226,1
/REP,FAST   
/DIST, 1 ,1.082226,1
/REP,FAST   
/DIST, 1 ,1.082226,1
/REP,FAST   
/DIST, 1 ,1.082226,1
/REP,FAST   
/DIST, 1 ,1.082226,1
/REP,FAST   
/DIST, 1 ,0.924021,1
/REP,FAST   
/DIST, 1 ,0.924021,1
/REP,FAST   
/DIST, 1 ,0.924021,1
/REP,FAST   
/FOC,1,,-0.3,,1 
/REP,FAST   
/FOC,1,,-0.3,,1 
/REP,FAST   
/FOC,1,,0.3,,1  
/REP,FAST   
/FOC,1,,-0.3,,1 
/REP,FAST   
/FOC,1,,-0.3,,1 
/REP,FAST   
/FOC,1,,-0.3,,1 
/REP,FAST   
/FOC,1,,0.3,,1  
/REP,FAST   
/FOC,1,,0.3,,1  
/REP,FAST   
/FOC,1,,0.3,,1  
/REP,FAST   
/FOC,1,,0.3,,1  
/REP,FAST   
/FOC,1,,0.3,,1  
/REP,FAST   
/FOC,1,,0.3,,1  
/REP,FAST   
/ZOOM,1,RECT,-0.0468387,-0.566456 ,0.619968407021 ,-0.985318100513  
/DIST, 1 ,1.082226,1
/REP,FAST   
/DIST, 1 ,1.082226,1
/REP,FAST   
/DIST, 1 ,1.082226,1
/REP,FAST   
/DIST, 1 ,1.082226,1
/REP,FAST   
/DIST, 1 ,1.082226,1
/REP,FAST   
/DIST, 1 ,1.082226,1
/REP,FAST   
/DIST, 1 ,1.082226,1
/REP,FAST   
/DIST, 1 ,1.082226,1
/REP,FAST   
/DIST, 1 ,1.082226,1
/REP,FAST   
/DIST, 1 ,1.082226,1
/REP,FAST   
/DIST, 1 ,1.082226,1
/REP,FAST   
/DIST, 1 ,1.082226,1
/REP,FAST   
/DIST, 1 ,1.082226,1
/REP,FAST   
/DIST, 1 ,1.082226,1
/REP,FAST   
/DIST, 1 ,1.082226,1
/REP,FAST   
/AUTO,1 
/REP,FAST   
/DIST, 1 ,0.924021,1
/REP,FAST   
/DIST, 1 ,0.924021,1
/REP,FAST   
/ZOOM,1,RECT,0.44294,-0.0384527 ,1.07139094939 ,-0.463214773918 
/DIST, 1 ,1.082226,1
/REP,FAST   
/DIST, 1 ,1.082226,1
/REP,FAST   
/AUTO,1 
/REP,FAST   
/ZOOM,1,RECT,0.177397,0.0677378 ,0.481296122765 ,-0.224286132933
/DIST, 1 ,1.082226,1
/REP,FAST   
/DIST, 1 ,1.082226,1
/REP,FAST   
/DIST, 1 ,1.082226,1
/REP,FAST   
/DIST, 1 ,1.082226,1
/REP,FAST   
/DIST, 1 ,1.082226,1
/REP,FAST   
/FOC,1,,-0.3,,1 
/REP,FAST   
/FOC,1,,-0.3,,1 
/REP,FAST   
/FOC,1,,-0.3,,1 
/REP,FAST   
/FOC,1,,-0.3,,1 
/REP,FAST   
/FOC,1,,-0.3,,1 
/REP,FAST   
/FOC,1,,-0.3,,1 
/REP,FAST   
/FOC,1,,0.3,,1  
/REP,FAST   
/FOC,1,,0.3,,1  
/REP,FAST   
/FOC,1,,0.3,,1  
/REP,FAST   
/FOC,1,,0.3,,1  
/REP,FAST   
/FOC,1,,0.3,,1  
/REP,FAST   
/FOC,1,,0.3,,1  
/REP,FAST   
/FOC,1,,0.3,,1  
/REP,FAST   
/FOC,1,,0.3,,1  
/REP,FAST   
/FOC,1,,0.3,,1  
/REP,FAST   
/FOC,1,,0.3,,1  
/REP,FAST   
/FOC,1,,0.3,,1  
/REP,FAST   
/FOC,1,,0.3,,1  
/REP,FAST   
/FOC,1,,0.3,,1  
/REP,FAST   
FINISH  
! /EXIT,NOSAV   
/BATCH  
/COM,ANSYS RELEASE 2024 R1           BUILD 24.1      UP20231106       20:36:26
/input,menust,tmp,''
/GRA,POWER
/GST,ON
/PLO,INFO,3
/GRO,CURL,ON
/CPLANE,1   
/REPLOT,RESIZE  
WPSTYLE,,,,,,,,0
/INPUT,'Task9_lower','mac','C:\Users\HUAWEI\Documents\GitHub\MY_MTO\APDL\',, 0  
/COM,ANSYS RELEASE 2024 R1           BUILD 24.1      UP20231106       21:03:51
/INPUT,'Task8_lower','mac','C:\Users\HUAWEI\Documents\GitHub\MY_MTO\APDL\',, 0  
/COM,ANSYS RELEASE 2024 R1           BUILD 24.1      UP20231106       21:04:11
/INPUT,'Task8_upper','mac','C:\Users\HUAWEI\Documents\GitHub\MY_MTO\APDL\',, 0  
/COM,ANSYS RELEASE 2024 R1           BUILD 24.1      UP20231106       21:05:46
/INPUT,'Task9_lower','mac','C:\Users\HUAWEI\Documents\GitHub\MY_MTO\APDL\',, 0  
/COM,ANSYS RELEASE 2024 R1           BUILD 24.1      UP20231106       21:06:09
/INPUT,'Task9_upper','mac','C:\Users\HUAWEI\Documents\GitHub\MY_MTO\APDL\',, 0  
/COM,ANSYS RELEASE 2024 R1           BUILD 24.1      UP20231106       21:16:21
FINISH  
! /EXIT,NOSAV   
/BATCH  
/COM,ANSYS RELEASE 2024 R1           BUILD 24.1      UP20231106       02:29:22
/input,menust,tmp,''
/GRA,POWER
/GST,ON
/PLO,INFO,3
/GRO,CURL,ON
/CPLANE,1   
/REPLOT,RESIZE  
WPSTYLE,,,,,,,,0
/INPUT,'Task8_upper','mac','C:\Users\HUAWEI\Documents\GitHub\MY_MTO\APDL\',, 0  
/COM,ANSYS RELEASE 2024 R1           BUILD 24.1      UP20231106       02:31:15
EPLOT   
/VIEW,1,1,1,1   
/ANG,1  
/REP,FAST   
/POST1  
!*  
/EFACET,1   
PLNSOL, S,X, 0,1.0  
/ZOOM,1,RECT,0.0564278,0.200476 ,0.593414139823 ,-0.339325848963
/FOC,1,,-0.3,,1 
/REP,FAST   
/FOC,1,,-0.3,,1 
/REP,FAST   
/DIST, 1 ,1.082226,1
/REP,FAST   
/DIST, 1 ,1.082226,1
/REP,FAST   
/DIST, 1 ,1.082226,1
/REP,FAST   
/DIST, 1 ,1.082226,1
/REP,FAST   
/DIST, 1 ,1.082226,1
/REP,FAST   
/DIST, 1 ,1.082226,1
/REP,FAST   
/DIST, 1 ,1.082226,1
/REP,FAST   
/DIST, 1 ,1.082226,1
/REP,FAST   
/DIST, 1 ,1.082226,1
/REP,FAST   
/DIST, 1 ,1.082226,1
/REP,FAST   
/ZOOM,1,RECT,0.779294,0.218174 ,1.32513172483 ,-0.277381386486  
/INPUT,'Task3_lower','mac','C:\Users\HUAWEI\Documents\GitHub\MY_MTO\APDL\',, 0  
/BATCH  
/COM,ANSYS RELEASE 2024 R1           BUILD 24.1      UP20231106       03:44:30
/input,menust,tmp,''
/GRA,POWER
/GST,ON
/PLO,INFO,3
/GRO,CURL,ON
/CPLANE,1   
/REPLOT,RESIZE  
WPSTYLE,,,,,,,,0
/INPUT,'Task3_lower','mac','C:\Users\HUAWEI\Documents\GitHub\MY_MTO\APDL\',, 0  
/COM,ANSYS RELEASE 2024 R1           BUILD 24.1      UP20231106       03:50:26
EPLOT   
/VIEW,1,1,1,1   
/ANG,1  
/REP,FAST   
!*  
/EFACET,1   
PLNSOL, S,X, 0,1.0  
/ZOOM,1,RECT,0.0151212,0.286018 ,0.667175993151 ,-0.295079804336
/DIST, 1 ,1.082226,1
/REP,FAST   
/DIST, 1 ,1.082226,1
/REP,FAST   
/DIST, 1 ,1.082226,1
/REP,FAST   
/DIST, 1 ,1.082226,1
/REP,FAST   
/DIST, 1 ,1.082226,1
/REP,FAST   
/DIST, 1 ,1.082226,1
/REP,FAST   
/DIST, 1 ,1.082226,1
/REP,FAST   
/DIST, 1 ,1.082226,1
/REP,FAST   
/DIST, 1 ,1.082226,1
/REP,FAST   
/ZOOM,1,RECT,-0.0586406,0.336164 ,0.611116984622 ,-0.386521629898   
/DIST, 1 ,1.082226,1
/REP,FAST   
/DIST, 1 ,1.082226,1
/REP,FAST   
/DIST, 1 ,1.082226,1
/REP,FAST   
/DIST, 1 ,1.082226,1
/REP,FAST   
/DIST, 1 ,1.082226,1
/REP,FAST   
/DIST, 1 ,1.082226,1
/REP,FAST   
/DIST, 1 ,1.082226,1
/REP,FAST   
/DIST, 1 ,1.082226,1
/REP,FAST   
/DIST, 1 ,1.082226,1
/REP,FAST   
/DIST, 1 ,1.082226,1
/REP,FAST   
/DIST, 1 ,1.082226,1
/REP,FAST   
/DIST, 1 ,1.082226,1
/REP,FAST   
/ZOOM,1,RECT,0.00331931,0.306666 ,0.802897803273 ,-0.413069256674   
/DIST, 1 ,1.082226,1
/REP,FAST   
/DIST, 1 ,1.082226,1
/REP,FAST   
/DIST, 1 ,1.082226,1
/REP,FAST   
/DIST, 1 ,1.082226,1
/REP,FAST   
/DIST, 1 ,1.082226,1
/REP,FAST   
/DIST, 1 ,1.082226,1
/REP,FAST   
/DIST, 1 ,1.082226,1
/REP,FAST   
/DIST, 1 ,1.082226,1
/REP,FAST   
/DIST, 1 ,1.082226,1
/REP,FAST   
/DIST, 1 ,1.082226,1
/REP,FAST   
/DIST, 1 ,1.082226,1
/REP,FAST   
/DIST, 1 ,1.082226,1
/REP,FAST   
/DIST, 1 ,1.082226,1
/REP,FAST   
!*  
/EFACET,1   
PLNSOL, S,XY, 0,1.0 
/ZOOM,1,RECT,0.183298,0.955608 ,0.619968407021 ,0.728478694695  
/DIST, 1 ,1.082226,1
/REP,FAST   
/DIST, 1 ,1.082226,1
/REP,FAST   
/DIST, 1 ,1.082226,1
/REP,FAST   
/DIST, 1 ,1.082226,1
/REP,FAST   
/DIST, 1 ,1.082226,1
/REP,FAST   
/DIST, 1 ,1.082226,1
/REP,FAST   
/DIST, 1 ,1.082226,1
/REP,FAST   
/DIST, 1 ,1.082226,1
/REP,FAST   
/DIST, 1 ,1.082226,1
/REP,FAST   
/DIST, 1 ,1.082226,1
/REP,FAST   
/VIEW,1,1,1,1   
/ANG,1  
/REP,FAST   
/AUTO,1 
/REP,FAST   
/ZOOM,1,RECT,0.658325,-0.168241 ,1.09499474245 ,-0.47796345546  
!*  
/EFACET,1   
PLNSOL, S,YZ, 0,1.0 
!*  
/EFACET,1   
PLNSOL, S,XZ, 0,1.0 
/DIST, 1 ,1.082226,1
/REP,FAST   
/DIST, 1 ,1.082226,1
/REP,FAST   
/DIST, 1 ,1.082226,1
/REP,FAST   
/DIST, 1 ,1.082226,1
/REP,FAST   
/DIST, 1 ,1.082226,1
/REP,FAST   
/DIST, 1 ,1.082226,1
/REP,FAST   
/DIST, 1 ,1.082226,1
/REP,FAST   
/DIST, 1 ,1.082226,1
/REP,FAST   
/DIST, 1 ,1.082226,1
/REP,FAST   
/DIST, 1 ,1.082226,1
/REP,FAST   
/DIST, 1 ,1.082226,1
/REP,FAST   
/DIST, 1 ,1.082226,1
/REP,FAST   
/DIST, 1 ,1.082226,1
/REP,FAST   
/DIST, 1 ,1.082226,1
/REP,FAST   
/DIST, 1 ,1.082226,1
/REP,FAST   
/DIST, 1 ,1.082226,1
/REP,FAST   
/AUTO,1 
/REP,FAST   
/ZOOM,1,RECT,0.109536,0.580992 ,0.826501596338 ,-0.0119051187252
/DIST, 1 ,1.082226,1
/REP,FAST   
/DIST, 1 ,1.082226,1
/REP,FAST   
/DIST, 1 ,1.082226,1
/REP,FAST   
/DIST, 1 ,1.082226,1
/REP,FAST   
/DIST, 1 ,1.082226,1
/REP,FAST   
/DIST, 1 ,1.082226,1
/REP,FAST   
/DIST, 1 ,1.082226,1
/REP,FAST   
/DIST, 1 ,1.082226,1
/REP,FAST   
/DIST, 1 ,1.082226,1
/REP,FAST   
/DIST, 1 ,1.082226,1
/REP,FAST   
/DIST, 1 ,1.082226,1
/REP,FAST   
/DIST, 1 ,1.082226,1
/REP,FAST   
/DIST, 1 ,1.082226,1
/REP,FAST   
/ZOOM,1,RECT,0.484247,-0.392421 ,1.09204426832 ,-0.82013286724  
/AUTO,1 
/REP,FAST   
/ZOOM,1,RECT,0.0416755,0.00284356 ,0.490147545164 ,-0.675595788126  
/DIST, 1 ,1.082226,1
/REP,FAST   
/DIST, 1 ,1.082226,1
/REP,FAST   
/DIST, 1 ,1.082226,1
/REP,FAST   
/DIST, 1 ,1.082226,1
/REP,FAST   
/DIST, 1 ,1.082226,1
/REP,FAST   
/DIST, 1 ,1.082226,1
/REP,FAST   
/ZOOM,1,RECT,0.215753,0.93791 ,0.667175993151 ,0.259470621652   
/DIST, 1 ,1.082226,1
/REP,FAST   
/DIST, 1 ,1.082226,1
/REP,FAST   
/DIST, 1 ,1.082226,1
/REP,FAST   
/DIST, 1 ,1.082226,1
/REP,FAST   
/DIST, 1 ,1.082226,1
/REP,FAST   
/DIST, 1 ,1.082226,1
/REP,FAST   
!*  
/EFACET,1   
PLNSOL, S,X, 0,1.0  
/INPUT,'Task8_lower','mac','C:\Users\HUAWEI\Documents\GitHub\MY_MTO\APDL\',, 0  
/COM,ANSYS RELEASE 2024 R1           BUILD 24.1      UP20231106       03:54:00
EPLOT   
/VIEW,1,1,1,1   
/ANG,1  
/REP,FAST   
/POST1  
!*  
/EFACET,1   
PLNSOL, S,X, 0,1.0  
/ZOOM,1,RECT,0.118388,0.283069 ,0.445890433168 ,-0.327526903729 
/ZOOM,1,RECT,0.563909,0.510198 ,1.02418336326 ,-0.534008445321  
/AUTO,1 
/REP,FAST   
/INPUT,'Task3_upper','mac','C:\Users\HUAWEI\Documents\GitHub\MY_MTO\APDL\',, 0  
/COM,ANSYS RELEASE 2024 R1           BUILD 24.1      UP20231106       03:55:35
EPLOT   
/VIEW,1,1,1,1   
/ANG,1  
/REP,FAST   
!*  
/EFACET,1   
PLNSOL, S,X, 0,1.0  
/ZOOM,1,RECT,-0.0527397,0.303717 ,0.572760820891 ,-0.318677694804   
/DIST, 1 ,1.082226,1
/REP,FAST   
/DIST, 1 ,1.082226,1
/REP,FAST   
/DIST, 1 ,1.082226,1
/REP,FAST   
/DIST, 1 ,1.082226,1
/REP,FAST   
/DIST, 1 ,1.082226,1
/REP,FAST   
/DIST, 1 ,1.082226,1
/REP,FAST   
/DIST, 1 ,1.082226,1
/REP,FAST   
/DIST, 1 ,1.082226,1
/REP,FAST   
/DIST, 1 ,1.082226,1
/REP,FAST   
/INPUT,'Task3_lower','mac','C:\Users\HUAWEI\Documents\GitHub\MY_MTO\APDL\',, 0  
/COM,ANSYS RELEASE 2024 R1           BUILD 24.1      UP20231106       04:03:29
EPLOT   
!*  
/EFACET,1   
PLNSOL, S,X, 0,1.0  
/VIEW,1,,,1 
/ANG,1  
/REP,FAST   
/VIEW,1,1,1,1   
/ANG,1  
/REP,FAST   
/AUTO,1 
/REP,FAST   
/ZOOM,1,RECT,-0.415648,0.834669 ,1.12744995791 ,-0.690344469668 
/DIST, 1 ,0.924021,1
/REP,FAST   
/DIST, 1 ,0.924021,1
/REP,FAST   
/ZOOM,1,RECT,-0.0586406,0.312566 ,0.572760820891 ,-0.528108972704   
/DIST, 1 ,1.082226,1
/REP,FAST   
/DIST, 1 ,1.082226,1
/REP,FAST   
/DIST, 1 ,1.082226,1
/REP,FAST   
/DIST, 1 ,1.082226,1
/REP,FAST   
/DIST, 1 ,1.082226,1
/REP,FAST   
/DIST, 1 ,1.082226,1
/REP,FAST   
/DIST, 1 ,1.082226,1
/REP,FAST   
/DIST, 1 ,1.082226,1
/REP,FAST   
/DIST, 1 ,1.082226,1
/REP,FAST   
/REPLO  
/FOC,   1,   5026.67815595    ,   537.778448572    ,  -1573.20083144
/REPLO  
/INPUT,'Task3_upper','mac','C:\Users\HUAWEI\Documents\GitHub\MY_MTO\APDL\',, 0  
/COM,ANSYS RELEASE 2024 R1           BUILD 24.1      UP20231106       04:05:26
/INPUT,'Task4_lower','mac','C:\Users\HUAWEI\Documents\GitHub\MY_MTO\APDL\',, 0  
/COM,ANSYS RELEASE 2024 R1           BUILD 24.1      UP20231106       04:05:44
/INPUT,'Task4_upper','mac','C:\Users\HUAWEI\Documents\GitHub\MY_MTO\APDL\',, 0  
/COM,ANSYS RELEASE 2024 R1           BUILD 24.1      UP20231106       04:11:37
/USER,  1   
/REPLO  
EPLOT   
!*  
/EFACET,1   
PLNSOL, S,X, 0,1.0  
/VIEW,1,1,1,1   
/ANG,1  
/REP,FAST   
/AUTO,1 
/REP,FAST   
/USER,  1   
/VIEW,  1,  0.428272522333    ,  0.570816964154    ,  0.700535966277
/ANG,   1,  -7.78025308619  
/REPLO  
/VIEW,  1, -0.609106709773    , -0.142658734844    ,  0.780152229685
/ANG,   1,  -35.9770936474  
/REPLO  
/ZOOM,1,RECT,-0.17961,0.778624 ,1.01533194086 ,-0.489762400694  
/ZOOM,1,RECT,0.0239726,0.162129 ,0.605216036355 ,-0.607751853032
/DIST, 1 ,1.082226,1
/REP,FAST   
/DIST, 1 ,1.082226,1
/REP,FAST   
/DIST, 1 ,1.082226,1
/REP,FAST   
/DIST, 1 ,1.082226,1
/REP,FAST   
FINISH  
! /EXIT,NOSAV   
/BATCH  
/COM,ANSYS RELEASE 2024 R1           BUILD 24.1      UP20231106       05:01:22
/input,menust,tmp,''
/GRA,POWER
/GST,ON
/PLO,INFO,3
/GRO,CURL,ON
/CPLANE,1   
/REPLOT,RESIZE  
WPSTYLE,,,,,,,,0
/INPUT,'Task3_lower','mac','C:\Users\HUAWEI\Documents\GitHub\MY_MTO\APDL\',, 0  
/COM,ANSYS RELEASE 2024 R1           BUILD 24.1      UP20231106       05:05:26
/INPUT,'Task3_upper','mac','C:\Users\HUAWEI\Documents\GitHub\MY_MTO\APDL\',, 0  
/COM,ANSYS RELEASE 2024 R1           BUILD 24.1      UP20231106       05:05:46
/INPUT,'Task4_lower','mac','C:\Users\HUAWEI\Documents\GitHub\MY_MTO\APDL\',, 0  
/COM,ANSYS RELEASE 2024 R1           BUILD 24.1      UP20231106       05:06:04
/INPUT,'Task4_upper','mac','C:\Users\HUAWEI\Documents\GitHub\MY_MTO\APDL\',, 0  
/COM,ANSYS RELEASE 2024 R1           BUILD 24.1      UP20231106       05:08:05
FINISH  
! /EXIT,NOSAV   
