/BATCH  
/BATCH  
/COM,ANSYS RELEASE 2024 R1           BUILD 24.1      UP20231106       18:03:27
/input,menust,tmp,''
/GRA,POWER
/GST,ON
/PLO,INFO,3
/GRO,CURL,ON
/CPLANE,1   
/REPLOT,RESIZE  
WPSTYLE,,,,,,,,0
/INPUT,'Task3_lower','mac','C:\Users\HUAWEI\Documents\GitHub\MY_MTO\APDL\',, 0  
/COM,ANSYS RELEASE 2024 R1           BUILD 24.1      UP20231106       18:06:18
RESUME  
/COM,ANSYS RELEASE 2024 R1           BUILD 24.1      UP20231106       18:08:52
!*  
/SHRINK,0   
/ESHAPE,1   
/EFACET,1   
/RATIO,1,1,1
/CFORMAT,32,0   
/REPLOT 
!*  
!*  
/SHRINK,0   
/ESHAPE,1   
/EFACET,1   
/RATIO,1,1,1
/CFORMAT,32,0   
/REPLOT 
!*  
/DIST, 1 ,0.924021,1
/REP,FAST   
/DIST, 1 ,0.924021,1
/REP,FAST   
/DIST, 1 ,0.924021,1
/REP,FAST   
/DIST, 1 ,0.924021,1
/REP,FAST   
/DIST, 1 ,0.924021,1
/REP,FAST   
/DIST, 1 ,0.924021,1
/REP,FAST   
/DIST, 1 ,0.924021,1
/REP,FAST   
/DIST, 1 ,0.924021,1
/REP,FAST   
/DIST, 1 ,0.924021,1
/REP,FAST   
/DIST, 1 ,0.924021,1
/REP,FAST   
/DIST, 1 ,0.924021,1
/REP,FAST   
/DIST, 1 ,0.924021,1
/REP,FAST   
/DIST, 1 ,1.082226,1
/REP,FAST   
/DIST, 1 ,1.082226,1
/REP,FAST   
/DIST, 1 ,1.082226,1
/REP,FAST   
/DIST, 1 ,1.082226,1
/REP,FAST   
/DIST, 1 ,1.082226,1
/REP,FAST   
/DIST, 1 ,1.082226,1
/REP,FAST   
/DIST, 1 ,1.082226,1
/REP,FAST   
/DIST, 1 ,1.082226,1
/REP,FAST   
/DIST, 1 ,1.082226,1
/REP,FAST   
/DIST, 1 ,1.082226,1
/REP,FAST   
/DIST, 1 ,1.082226,1
/REP,FAST   
/DIST, 1 ,1.082226,1
/REP,FAST   
/DIST, 1 ,1.082226,1
/REP,FAST   
/DIST, 1 ,1.082226,1
/REP,FAST   
/DIST, 1 ,1.082226,1
/REP,FAST   
/DIST, 1 ,1.082226,1
/REP,FAST   
/DIST, 1 ,1.082226,1
/REP,FAST   
/VIEW,1,1,1,1   
/ANG,1  
/REP,FAST   
/DIST, 1 ,0.924021,1
/REP,FAST   
/DIST, 1 ,0.924021,1
/REP,FAST   
/DIST, 1 ,0.924021,1
/REP,FAST   
/DIST, 1 ,0.924021,1
/REP,FAST   
/DIST, 1 ,0.924021,1
/REP,FAST   
/DIST, 1 ,0.924021,1
/REP,FAST   
/DIST, 1 ,0.924021,1
/REP,FAST   
/DIST, 1 ,1.082226,1
/REP,FAST   
/DIST, 1 ,1.082226,1
/REP,FAST   
/DIST, 1 ,1.082226,1
/REP,FAST   
/DIST, 1 ,1.082226,1
/REP,FAST   
/DIST, 1 ,1.082226,1
/REP,FAST   
/DIST, 1 ,1.082226,1
/REP,FAST   
/DIST, 1 ,1.082226,1
/REP,FAST   
/DIST, 1 ,1.082226,1
/REP,FAST   
/USER,  1   
/DIST,  1,   6950.81245642  
/ANG,   1,  -38.4000000000  
/REPLO  
/DIST,  1,   6713.29288842  
/ANG,   1,   64.8000000000  
/REPLO  
/DIST, 1 ,0.924021,1
/REP,FAST   
/DIST, 1 ,0.924021,1
/REP,FAST   
/DIST, 1 ,0.924021,1
/REP,FAST   
/DIST, 1 ,0.924021,1
/REP,FAST   
/DIST, 1 ,0.924021,1
/REP,FAST   
/DIST, 1 ,0.924021,1
/REP,FAST   
/DIST, 1 ,0.924021,1
/REP,FAST   
/DIST, 1 ,0.924021,1
/REP,FAST   
/DIST, 1 ,1.082226,1
/REP,FAST   
/DIST, 1 ,1.082226,1
/REP,FAST   
/DIST, 1 ,1.082226,1
/REP,FAST   
/INPUT,'Task3','mac','C:\Users\HUAWEI\Documents\GitHub\MY_MTO\APDL\',, 0
/COM,ANSYS RELEASE 2024 R1           BUILD 24.1      UP20231106       18:10:18
!*  
/SHRINK,0   
/ESHAPE,1   
/EFACET,1   
/RATIO,1,1,1
/CFORMAT,32,0   
/REPLOT 
!*  
!*  
/SHRINK,0   
/ESHAPE,1   
/EFACET,1   
/RATIO,1,1,1
/CFORMAT,32,0   
/REPLOT 
!*  
/VIEW,1,1,1,1   
/ANG,1  
/REP,FAST   
/USER,  1   
/DIST,  1,   4886.80773240  
/ANG,   1,   39.6000000000  
/REPLO  
/DIST,  1,   4572.96656518  
/ANG,   1,   56.7000000000  
/REPLO  
/DIST,  1,   5222.18771404  
/ANG,   1,   40.5000000000  
/REPLO  
/DIST,  1,   3929.22793585  
/ANG,   1,  -74.1000000000  
/REPLO  
/DIST, 1 ,0.924021,1
/REP,FAST   
/DIST, 1 ,0.924021,1
/REP,FAST   
!*  
/SHRINK,0   
/ESHAPE,1   
/EFACET,1   
/RATIO,1,1,1
/CFORMAT,32,0   
/REPLOT 
!*  
!*  
/SHRINK,0   
/ESHAPE,1   
/EFACET,1   
/RATIO,1,1,1
/CFORMAT,32,0   
/REPLOT 
!*  
RESUME  
/COM,ANSYS RELEASE 2024 R1           BUILD 24.1      UP20231106       18:11:12
SET,LAST
/GRAPHICS,POWER 
/ESHAPE,1   
PLDISP,2
/DIST, 1 ,1.082226,1
/REP,FAST   
/DIST, 1 ,0.924021,1
/REP,FAST   
FINISH  
/PREP7  
!*  
KEYOPT,1,1,0
KEYOPT,1,2,0
KEYOPT,1,3,0
KEYOPT,1,4,2
KEYOPT,1,6,0
KEYOPT,1,7,0
KEYOPT,1,9,0
KEYOPT,1,11,0   
KEYOPT,1,12,0   
KEYOPT,1,15,0   
!*  
FINISH  
/SOL
/STATUS,SOLU
SOLVE   
FINISH  
/POST1  
!*  
!*  
/EFACET,1   
PLNSOL, S,XY, 0,1.0 
!*  
/EFACET,1   
PLNSOL, S,X, 0,1.0  
/DIST, 1 ,1.082226,1
/REP,FAST   
/DIST, 1 ,1.082226,1
/REP,FAST   
/DIST, 1 ,0.924021,1
/REP,FAST   
/DIST, 1 ,0.924021,1
/REP,FAST   
/DIST, 1 ,0.924021,1
/REP,FAST   
/DIST, 1 ,0.924021,1
/REP,FAST   
/DIST, 1 ,1.082226,1
/REP,FAST   
/DIST, 1 ,1.082226,1
/REP,FAST   
/INPUT,'Task4_lower','mac','C:\Users\HUAWEI\Documents\GitHub\MY_MTO\APDL\',, 0  
/COM,ANSYS RELEASE 2024 R1           BUILD 24.1      UP20231106       18:28:03
!*  
/EFACET,1   
PLNSOL, S,X, 0,1.0  
/DIST, 1 ,1.082226,1
/REP,FAST   
/DIST, 1 ,1.082226,1
/REP,FAST   
!*  
/SHRINK,0   
/ESHAPE,1   
/EFACET,1   
/RATIO,1,1,1
/CFORMAT,32,0   
/REPLOT 
!*  
!*  
/SHRINK,0   
/ESHAPE,1   
/EFACET,1   
/RATIO,1,1,1
/CFORMAT,32,0   
/REPLOT 
!*  
FINISH  
/SOL
/STATUS,SOLU
SOLVE   
FINISH  
/PREP7  
FINISH  
/POST1  
!*  
/EFACET,1   
PLNSOL, S,X, 0,1.0  
FINISH  
/PREP7  
/GRAPHICS,POWER 
/ESHAPE,1   
EPLOT   
/DIST, 1 ,1.082226,1
/REP,FAST   
/USER,  1   
/DIST,  1,   7707.67971727  
/ANG,   1,  -61.2000000000  
/REPLO  
/DIST,  1,   6197.34438598  
/ANG,   1,  -105.600000000  
/REPLO  
/VIEW,1,1,1,1   
/ANG,1  
/REP,FAST   
/DIST,  1,   6100.17094239  
/ANG,   1,  -54.6000000000  
/REPLO  
FINISH  
/SOL
/STATUS,SOLU
SOLVE   
FINISH  
/POST1  
!*  
/EFACET,1   
PLNSOL, S,X, 0,1.0  
/DIST, 1 ,0.924021,1
/REP,FAST   
/DIST, 1 ,0.924021,1
/REP,FAST   
/DIST, 1 ,0.924021,1
/REP,FAST   
/DIST, 1 ,0.924021,1
/REP,FAST   
/DIST, 1 ,0.924021,1
/REP,FAST   
/DIST, 1 ,0.924021,1
/REP,FAST   
/DIST, 1 ,0.924021,1
/REP,FAST   
/DIST, 1 ,0.924021,1
/REP,FAST   
/DIST, 1 ,1.082226,1
/REP,FAST   
/DIST, 1 ,1.082226,1
/REP,FAST   
/DIST, 1 ,1.082226,1
/REP,FAST   
/DIST, 1 ,0.924021,1
/REP,FAST   
/DIST, 1 ,0.924021,1
/REP,FAST   
!*  
/EFACET,1   
PLNSOL, S,XY, 0,1.0 
!*  
/EFACET,1   
PLNSOL, S,YZ, 0,1.0 
/DIST, 1 ,1.082226,1
/REP,FAST   
/DIST, 1 ,1.082226,1
/REP,FAST   
/DIST, 1 ,1.082226,1
/REP,FAST   
/DIST, 1 ,1.082226,1
/REP,FAST   
!*  
/EFACET,1   
PLNSOL, S,XZ, 0,1.0 
/REPLO  
/FOC,   1,   1940.06318545    ,   3060.54467726    ,   240.572988355
/REPLO  
/REPLO  
/DIST, 1 ,1.082226,1
/REP,FAST   
/DIST, 1 ,1.082226,1
/REP,FAST   
/DIST, 1 ,1.082226,1
/REP,FAST   
!*  
/EFACET,1   
PLNSOL, S,Y, 0,1.0  
!*  
/EFACET,1   
PLNSOL, S,Z, 0,1.0  
!*  
/EFACET,1   
PLNSOL, S,X, 0,1.0  
/INPUT,'Task7_lower','mac','C:\Users\HUAWEI\Documents\GitHub\MY_MTO\APDL\',, 0  
/COM,ANSYS RELEASE 2024 R1           BUILD 24.1      UP20231106       18:37:38
/INPUT,'Task7_lower','mac','C:\Users\HUAWEI\Documents\GitHub\MY_MTO\APDL\',, 0  
/COM,ANSYS RELEASE 2024 R1           BUILD 24.1      UP20231106       18:38:01
FINISH  
! /EXIT,NOSAV   
/BATCH  
/COM,ANSYS RELEASE 2024 R1           BUILD 24.1      UP20231106       18:38:10
/input,menust,tmp,''
/GRA,POWER
/GST,ON
/PLO,INFO,3
/GRO,CURL,ON
/CPLANE,1   
/REPLOT,RESIZE  
WPSTYLE,,,,,,,,0
/INPUT,'Task7_lower','mac','C:\Users\HUAWEI\Documents\GitHub\MY_MTO\APDL\',, 0  
/COM,ANSYS RELEASE 2024 R1           BUILD 24.1      UP20231106       18:38:57
EPLOT   
!*  
PLESOL, S,X, 0,1.0  
!*  
PLESOL, S,XZ, 0,1.0 
!*  
PLESOL, S,XY, 0,1.0 
/REPLOT,RESIZE  
/REPLOT,RESIZE  
PLETAB, ,NOAV   
/DIST, 1 ,0.924021,1
/REP,FAST   
/DIST, 1 ,0.924021,1
/REP,FAST   
/REPLOT,RESIZE  
!*  
/EFACET,1   
PLNSOL, S,X, 0,1.0  
/EFACET,1   
PLNSOL, S,X, 0,1.0  
!*  
/EFACET,1   
PLNSOL, S,X, 0,1.0  
!*  
/EFACET,1   
PLNSOL, S,YZ, 0,1.0 
FINISH  
/SOL
/STATUS,SOLU
SOLVE   
FINISH  
/POST1  
!*  
/EFACET,1   
PLNSOL, S,X, 0,1.0  
!*  
/EFACET,1   
PLNSOL, U,X, 0,1.0  
/DIST, 1 ,1.082226,1
/REP,FAST   
/DIST, 1 ,1.082226,1
/REP,FAST   
/VIEW,1,1,1,1   
/ANG,1  
/REP,FAST   
/DIST, 1 ,0.924021,1
/REP,FAST   
/DIST, 1 ,0.924021,1
/REP,FAST   
/DIST, 1 ,0.924021,1
/REP,FAST   
/DIST, 1 ,0.924021,1
/REP,FAST   
/DIST, 1 ,0.924021,1
/REP,FAST   
/DIST, 1 ,0.924021,1
/REP,FAST   
/DIST, 1 ,0.924021,1
/REP,FAST   
/DIST, 1 ,0.924021,1
/REP,FAST   
FINISH  
! /EXIT,NOSAV   
/BATCH  
/COM,ANSYS RELEASE 2024 R1           BUILD 24.1      UP20231106       19:22:36
/input,menust,tmp,''
/GRA,POWER
/GST,ON
/PLO,INFO,3
/GRO,CURL,ON
/CPLANE,1   
/REPLOT,RESIZE  
WPSTYLE,,,,,,,,0
/INPUT,'Task7_lower','mac','C:\Users\HUAWEI\Documents\GitHub\MY_MTO\APDL\',, 0  
/COM,ANSYS RELEASE 2024 R1           BUILD 24.1      UP20231106       19:23:28
!*  
/SHRINK,0   
/ESHAPE,1   
/EFACET,1   
/RATIO,1,1,1
/CFORMAT,32,0   
/REPLOT 
!*  
!*  
/SHRINK,0   
/ESHAPE,1   
/EFACET,1   
/RATIO,1,1,1
/CFORMAT,32,0   
/REPLOT 
!*  
/VIEW,1,1,1,1   
/ANG,1  
/REP,FAST   
/DIST, 1 ,1.082226,1
/REP,FAST   
/DIST, 1 ,0.924021,1
/REP,FAST   
/DIST, 1 ,0.924021,1
/REP,FAST   
/DIST, 1 ,0.924021,1
/REP,FAST   
/DIST, 1 ,0.924021,1
/REP,FAST   
/ESHAPE 
! /EPLOT
FINISH  
/SOL
/STATUS,SOLU
SOLVE   
FINISH  
/POST1  
!*  
/EFACET,1   
PLNSOL, S,X, 0,1.0  
EPLOT   
/ESHAPE,1   
EPLOT   
!*  
/EFACET,1   
PLNSOL, S,X, 0,1.0  
/DIST, 1 ,1.082226,1
/REP,FAST   
/DIST, 1 ,1.082226,1
/REP,FAST   
/DIST, 1 ,1.082226,1
/REP,FAST   
/DIST, 1 ,1.082226,1
/REP,FAST   
/DIST, 1 ,0.924021,1
/REP,FAST   
/DIST, 1 ,0.924021,1
/REP,FAST   
/DIST, 1 ,0.924021,1
/REP,FAST   
/DIST, 1 ,0.924021,1
/REP,FAST   
/DIST, 1 ,0.924021,1
/REP,FAST   
/DIST, 1 ,1.082226,1
/REP,FAST   
!*  
/EFACET,1   
PLNSOL, S,Y, 0,1.0  
!*  
/EFACET,1   
PLNSOL, S,XY, 0,1.0 
/DIST, 1 ,1.082226,1
/REP,FAST   
/DIST, 1 ,1.082226,1
/REP,FAST   
/DIST, 1 ,1.082226,1
/REP,FAST   
/DIST, 1 ,1.082226,1
/REP,FAST   
/DIST, 1 ,1.082226,1
/REP,FAST   
/DIST, 1 ,0.924021,1
/REP,FAST   
/DIST, 1 ,0.924021,1
/REP,FAST   
/DIST, 1 ,0.924021,1
/REP,FAST   
/DIST, 1 ,0.924021,1
/REP,FAST   
/DIST, 1 ,0.924021,1
/REP,FAST   
/DIST, 1 ,0.924021,1
/REP,FAST   
/DIST, 1 ,1.082226,1
/REP,FAST   
/DIST, 1 ,1.082226,1
/REP,FAST   
/DIST, 1 ,1.082226,1
/REP,FAST   
/DIST, 1 ,1.082226,1
/REP,FAST   
/DIST, 1 ,1.082226,1
/REP,FAST   
/DIST, 1 ,0.924021,1
/REP,FAST   
/DIST, 1 ,0.924021,1
/REP,FAST   
/DIST, 1 ,0.924021,1
/REP,FAST   
/DIST, 1 ,0.924021,1
/REP,FAST   
/DIST, 1 ,0.924021,1
/REP,FAST   
FINISH  
! /EXIT,NOSAV   
/BATCH  
/COM,ANSYS RELEASE 2024 R1           BUILD 24.1      UP20231106       19:30:02
/input,menust,tmp,''
/GRA,POWER
/GST,ON
/PLO,INFO,3
/GRO,CURL,ON
/INPUT,'Task7_lower','mac','C:\Users\HUAWEI\Documents\GitHub\MY_MTO\APDL\',, 0  
/COM,ANSYS RELEASE 2024 R1           BUILD 24.1      UP20231106       19:30:21
/CPLANE,1   
/REPLOT,RESIZE  
WPSTYLE,,,,,,,,0
!*  
/SHRINK,0   
/ESHAPE,1   
/EFACET,1   
/RATIO,1,1,1
/CFORMAT,32,0   
/REPLOT 
!*  
!*  
/SHRINK,0   
/ESHAPE,1   
/EFACET,1   
/RATIO,1,1,1
/CFORMAT,32,0   
/REPLOT 
!*  
!*  
/EFACET,1   
PLNSOL, S,X, 0,1.0  
/VIEW,1,1,1,1   
/ANG,1  
/REP,FAST   
/DIST, 1 ,1.082226,1
/REP,FAST   
!*  
/EFACET,1   
PLNSOL, S,XY, 0,1.0 
!*  
/EFACET,1   
PLNSOL, S,XZ, 0,1.0 
/INPUT,'Task7_lower','mac','C:\Users\HUAWEI\Documents\GitHub\MY_MTO\APDL\',, 0  
/COM,ANSYS RELEASE 2024 R1           BUILD 24.1      UP20231106       19:32:22
/DIST, 1 ,0.924021,1
/REP,FAST   
/DIST, 1 ,0.924021,1
/REP,FAST   
/DIST, 1 ,1.082226,1
/REP,FAST   
/DIST, 1 ,1.082226,1
/REP,FAST   
/DIST, 1 ,1.082226,1
/REP,FAST   
/DIST, 1 ,0.924021,1
/REP,FAST   
/DIST, 1 ,0.924021,1
/REP,FAST   
/DIST, 1 ,0.924021,1
/REP,FAST   
/DIST, 1 ,0.924021,1
/REP,FAST   
!*  
/EFACET,1   
PLNSOL, S,XZ, 2,1.0 
/DIST, 1 ,0.924021,1
/REP,FAST   
/VIEW,1,1,1,1   
/ANG,1  
/REP,FAST   
/VIEW,1,1,1,1   
/ANG,1  
/REP,FAST   
/VIEW,1,1,1,1   
/ANG,1  
/REP,FAST   
/VIEW,1,1,1,1   
/ANG,1  
/REP,FAST   
/VIEW,1,1,1,1   
/ANG,1  
/REP,FAST   
/VIEW,1,1,1,1   
/ANG,1  
/REP,FAST   
!*  
/DIST, 1 ,0.924021,1
/REP,FAST   
/DIST, 1 ,0.924021,1
/REP,FAST   
/DIST, 1 ,0.924021,1
/REP,FAST   
!*  
/EFACET,1   
PLNSOL, S,X, 2,1.0  
/USER,  1   
/DIST,  1,   3369.67319657  
/ANG,   1,  -14.4000000000  
/REPLO  
/FOC,   1,   1300.53774811    ,   1195.23675082    ,   1669.16482053
/REPLO  
/DIST, 1 ,1.082226,1
/REP,FAST   
FINISH  
! /EXIT,NOSAV   
/BATCH  
/COM,ANSYS RELEASE 2024 R1           BUILD 24.1      UP20231106       19:38:53
/input,menust,tmp,''
/GRA,POWER
/GST,ON
/PLO,INFO,3
/GRO,CURL,ON
/CPLANE,1   
/REPLOT,RESIZE  
WPSTYLE,,,,,,,,0
/INPUT,'Task3_lower','mac','C:\Users\HUAWEI\Documents\GitHub\MY_MTO\APDL\',, 0  
/COM,ANSYS RELEASE 2024 R1           BUILD 24.1      UP20231106       19:39:26
/DIST, 1 ,0.924021,1
/REP,FAST   
/DIST, 1 ,0.924021,1
/REP,FAST   
/DIST, 1 ,0.924021,1
/REP,FAST   
/DIST, 1 ,0.924021,1
/REP,FAST   
/DIST, 1 ,1.082226,1
/REP,FAST   
/DIST, 1 ,1.082226,1
/REP,FAST   
/DIST, 1 ,1.082226,1
/REP,FAST   
/DIST, 1 ,1.082226,1
/REP,FAST   
/DIST, 1 ,1.082226,1
/REP,FAST   
/ZOOM,1,RECT,0.0416755,0.135582 ,0.767492113676 ,-0.2124871877  
/ZOOM,1,RECT,-0.194362,0.274219 ,0.369178105707 ,-0.200688242466
/ZOOM,1,RECT,-0.0851949,0.654735 ,0.670126467284 ,-0.416018992983   
/DIST, 1 ,0.924021,1
/REP,FAST   
/DIST, 1 ,0.924021,1
/REP,FAST   
/ZOOM,1,RECT,-0.0851949,0.840569 ,0.917966294464 ,0.395158491841
/ZOOM,1,RECT,-0.642835,0.457103 ,0.755690217144 ,-0.374722684664
/ZOOM,1,RECT,-0.439252,0.575092 ,0.72323500168 ,-0.26853217756  
!*  
/EFACET,1   
PLNSOL, S,X, 0,1.0  
/DIST, 1 ,1.082226,1
/REP,FAST   
/DIST, 1 ,1.082226,1
/REP,FAST   
/DIST, 1 ,1.082226,1
/REP,FAST   
/DIST, 1 ,1.082226,1
/REP,FAST   
/DIST, 1 ,1.082226,1
/REP,FAST   
/DIST, 1 ,1.082226,1
/REP,FAST   
/DIST, 1 ,1.082226,1
/REP,FAST   
/DIST, 1 ,1.082226,1
/REP,FAST   
/DIST, 1 ,1.082226,1
/REP,FAST   
/DIST, 1 ,1.082226,1
/REP,FAST   
/DIST, 1 ,1.082226,1
/REP,FAST   
/DIST, 1 ,1.082226,1
/REP,FAST   
/DIST, 1 ,1.082226,1
/REP,FAST   
/DIST, 1 ,1.082226,1
/REP,FAST   
/DIST, 1 ,1.082226,1
/REP,FAST   
/DIST, 1 ,1.082226,1
/REP,FAST   
/DIST, 1 ,1.082226,1
/REP,FAST   
/DIST, 1 ,1.082226,1
/REP,FAST   
/DIST, 1 ,1.082226,1
/REP,FAST   
/DIST, 1 ,1.082226,1
/REP,FAST   
/DIST, 1 ,1.082226,1
/REP,FAST   
/DIST, 1 ,1.082226,1
/REP,FAST   
/DIST, 1 ,1.082226,1
/REP,FAST   
/DIST, 1 ,1.082226,1
/REP,FAST   
/DIST, 1 ,1.082226,1
/REP,FAST   
/DIST, 1 ,1.082226,1
/REP,FAST   
/DIST, 1 ,1.082226,1
/REP,FAST   
/DIST, 1 ,1.082226,1
/REP,FAST   
/DIST, 1 ,1.082226,1
/REP,FAST   
/DIST, 1 ,1.082226,1
/REP,FAST   
/DIST, 1 ,1.082226,1
/REP,FAST   
/DIST, 1 ,1.082226,1
/REP,FAST   
/DIST, 1 ,1.082226,1
/REP,FAST   
/DIST, 1 ,1.082226,1
/REP,FAST   
/DIST, 1 ,1.082226,1
/REP,FAST   
/DIST, 1 ,1.082226,1
/REP,FAST   
/DIST, 1 ,1.082226,1
/REP,FAST   
/DIST, 1 ,1.082226,1
/REP,FAST   
/DIST, 1 ,1.082226,1
/REP,FAST   
/DIST, 1 ,1.082226,1
/REP,FAST   
/DIST, 1 ,1.082226,1
/REP,FAST   
/DIST, 1 ,1.082226,1
/REP,FAST   
/DIST, 1 ,1.082226,1
/REP,FAST   
/DIST, 1 ,1.082226,1
/REP,FAST   
/DIST, 1 ,1.082226,1
/REP,FAST   
/DIST, 1 ,1.082226,1
/REP,FAST   
/DIST, 1 ,1.082226,1
/REP,FAST   
/DIST, 1 ,1.082226,1
/REP,FAST   
/DIST, 1 ,1.082226,1
/REP,FAST   
/DIST, 1 ,1.082226,1
/REP,FAST   
/DIST, 1 ,1.082226,1
/REP,FAST   
/DIST, 1 ,1.082226,1
/REP,FAST   
/DIST, 1 ,1.082226,1
/REP,FAST   
/DIST, 1 ,1.082226,1
/REP,FAST   
/DIST, 1 ,1.082226,1
/REP,FAST   
/DIST, 1 ,1.082226,1
/REP,FAST   
/DIST, 1 ,1.082226,1
/REP,FAST   
/DIST, 1 ,1.082226,1
/REP,FAST   
/DIST, 1 ,1.082226,1
/REP,FAST   
/DIST, 1 ,1.082226,1
/REP,FAST   
/DIST, 1 ,1.082226,1
/REP,FAST   
/DIST, 1 ,1.082226,1
/REP,FAST   
/DIST, 1 ,1.082226,1
/REP,FAST   
/DIST, 1 ,1.082226,1
/REP,FAST   
/DIST, 1 ,1.082226,1
/REP,FAST   
/DIST, 1 ,1.082226,1
/REP,FAST   
/DIST, 1 ,1.082226,1
/REP,FAST   
/DIST, 1 ,1.082226,1
/REP,FAST   
/DIST, 1 ,1.082226,1
/REP,FAST   
/DIST, 1 ,1.082226,1
/REP,FAST   
/DIST, 1 ,1.082226,1
/REP,FAST   
/VIEW,1,1,1,1   
/ANG,1  
/REP,FAST   
/DIST, 1 ,0.924021,1
/REP,FAST   
/DIST, 1 ,0.924021,1
/REP,FAST   
/DIST, 1 ,0.924021,1
/REP,FAST   
/DIST, 1 ,0.924021,1
/REP,FAST   
/DIST, 1 ,0.924021,1
/REP,FAST   
/AUTO,1 
/REP,FAST   
/USER,  1   
/DIST,  1,   6085.78700004  
/ANG,   1,  -33.9000000000  
/REPLO  
/DIST,  1,   9063.16957722  
/ANG,   1,  -169.800000000  
/REPLO  
/DIST, 1 ,0.924021,1
/REP,FAST   
/DIST, 1 ,0.924021,1
/REP,FAST   
/DIST, 1 ,1.082226,1
/REP,FAST   
/DIST, 1 ,1.082226,1
/REP,FAST   
/DIST, 1 ,0.924021,1
/REP,FAST   
/DIST, 1 ,0.924021,1
/REP,FAST   
/DIST, 1 ,0.924021,1
/REP,FAST   
/DIST, 1 ,0.924021,1
/REP,FAST   
/DIST, 1 ,0.924021,1
/REP,FAST   
/DIST, 1 ,0.924021,1
/REP,FAST   
/DIST, 1 ,0.924021,1
/REP,FAST   
/DIST, 1 ,0.924021,1
/REP,FAST   
/DIST, 1 ,0.924021,1
/REP,FAST   
/DIST, 1 ,0.924021,1
/REP,FAST   
/DIST, 1 ,0.924021,1
/REP,FAST   
/DIST, 1 ,0.924021,1
/REP,FAST   
/DIST, 1 ,0.924021,1
/REP,FAST   
/DIST, 1 ,0.924021,1
/REP,FAST   
/DIST, 1 ,0.924021,1
/REP,FAST   
/DIST, 1 ,0.924021,1
/REP,FAST   
/DIST, 1 ,0.924021,1
/REP,FAST   
/DIST, 1 ,0.924021,1
/REP,FAST   
/DIST, 1 ,0.924021,1
/REP,FAST   
/DIST, 1 ,0.924021,1
/REP,FAST   
/DIST, 1 ,0.924021,1
/REP,FAST   
/DIST, 1 ,0.924021,1
/REP,FAST   
/DIST, 1 ,0.924021,1
/REP,FAST   
/DIST, 1 ,0.924021,1
/REP,FAST   
/DIST, 1 ,0.924021,1
/REP,FAST   
/DIST, 1 ,0.924021,1
/REP,FAST   
/DIST, 1 ,0.924021,1
/REP,FAST   
/DIST, 1 ,1.082226,1
/REP,FAST   
/DIST, 1 ,1.082226,1
/REP,FAST   
/DIST, 1 ,1.082226,1
/REP,FAST   
/DIST, 1 ,1.082226,1
/REP,FAST   
!*  
/EFACET,1   
PLNSOL, S,XZ, 0,1.0 
/DIST, 1 ,1.082226,1
/REP,FAST   
/DIST, 1 ,1.082226,1
/REP,FAST   
/DIST, 1 ,1.082226,1
/REP,FAST   
/DIST, 1 ,1.082226,1
/REP,FAST   
/DIST, 1 ,1.082226,1
/REP,FAST   
/DIST, 1 ,1.082226,1
/REP,FAST   
/DIST, 1 ,1.082226,1
/REP,FAST   
/DIST, 1 ,1.082226,1
/REP,FAST   
/DIST, 1 ,1.082226,1
/REP,FAST   
/DIST, 1 ,1.082226,1
/REP,FAST   
/DIST,  1,   3113.83429191  
/ANG,   1,  -95.7000000000  
/REPLO  
/DIST, 1 ,0.924021,1
/REP,FAST   
/DIST, 1 ,0.924021,1
/REP,FAST   
/DIST, 1 ,0.924021,1
/REP,FAST   
!*  
/EFACET,1   
PLNSOL, S,X, 0,1.0  
/DIST, 1 ,0.924021,1
/REP,FAST   
/DIST, 1 ,0.924021,1
/REP,FAST   
/DIST, 1 ,0.924021,1
/REP,FAST   
/DIST, 1 ,0.924021,1
/REP,FAST   
/DIST, 1 ,0.924021,1
/REP,FAST   
/DIST, 1 ,0.924021,1
/REP,FAST   
/DIST, 1 ,0.924021,1
/REP,FAST   
/DIST, 1 ,0.924021,1
/REP,FAST   
/REPLO  
/DIST, 1 ,1.082226,1
/REP,FAST   
/DIST, 1 ,1.082226,1
/REP,FAST   
/DIST, 1 ,1.082226,1
/REP,FAST   
/DIST, 1 ,1.082226,1
/REP,FAST   
/DIST, 1 ,1.082226,1
/REP,FAST   
/DIST, 1 ,1.082226,1
/REP,FAST   
/DIST, 1 ,1.082226,1
/REP,FAST   
/DIST, 1 ,1.082226,1
/REP,FAST   
/DIST, 1 ,1.082226,1
/REP,FAST   
/DIST, 1 ,1.082226,1
/REP,FAST   
/DIST, 1 ,0.924021,1
/REP,FAST   
/DIST, 1 ,0.924021,1
/REP,FAST   
/DIST, 1 ,1.082226,1
/REP,FAST   
/DIST, 1 ,1.082226,1
/REP,FAST   
/VIEW,1,,,1 
/ANG,1  
/REP,FAST   
/VIEW,1,1,2,3   
/ANG,1  
/REP,FAST   
/VIEW,1,,1  
/ANG,1  
/REP,FAST   
/VIEW,1,1,1,1   
/ANG,1  
/REP,FAST   
/VIEW,1,1,2,3   
/ANG,1  
/REP,FAST   
/VIEW,1,1,1,1   
/ANG,1  
/REP,FAST   
/DIST, 1 ,1.082226,1
/REP,FAST   
/DIST, 1 ,1.082226,1
/REP,FAST   
/DIST, 1 ,1.082226,1
/REP,FAST   
/DIST, 1 ,1.082226,1
/REP,FAST   
/DIST, 1 ,1.082226,1
/REP,FAST   
/DIST, 1 ,1.082226,1
/REP,FAST   
/VIEW,1,,,-1
/ANG,1  
/REP,FAST   
/ANG,1,-30,ZS,1 
/REP,FAST   
/ANG,1,-30,ZS,1 
/REP,FAST   
/ANG,1,30,YS,1  
/REP,FAST   
/ANG,1,30,YS,1  
/REP,FAST   
/ANG,1,30,YS,1  
/REP,FAST   
/ANG,1,30,YS,1  
/REP,FAST   
/ANG,1,30,YS,1  
/REP,FAST   
/ANG,1,30,XS,1  
/REP,FAST   
/ANG,1,30,XS,1  
/REP,FAST   
/ANG,1,30,XS,1  
/REP,FAST   
/ANG,1,30,XS,1  
/REP,FAST   
/ANG,1,30,XS,1  
/REP,FAST   
/DIST, 1 ,0.924021,1
/REP,FAST   
/DIST, 1 ,0.924021,1
/REP,FAST   
/DIST, 1 ,0.924021,1
/REP,FAST   
/DIST, 1 ,0.924021,1
/REP,FAST   
/DIST, 1 ,0.924021,1
/REP,FAST   
/DIST, 1 ,1.082226,1
/REP,FAST   
/DIST, 1 ,1.082226,1
/REP,FAST   
/DIST, 1 ,1.082226,1
/REP,FAST   
/DIST, 1 ,0.924021,1
/REP,FAST   
/DIST, 1 ,0.924021,1
/REP,FAST   
/ANG,1,-30,XS,1 
/REP,FAST   
/ANG,1,-30,XS,1 
/REP,FAST   
/ANG,1,-30,XS,1 
/REP,FAST   
/ANG,1,-30,XS,1 
/REP,FAST   
/ANG,1,-30,XS,1 
/REP,FAST   
/ANG,1,-30,XS,1 
/REP,FAST   
/ANG,1,-30,XS,1 
/REP,FAST   
/ANG,1,30,XS,1  
/REP,FAST   
/ANG,1,-30,YS,1 
/REP,FAST   
/ANG,1,-30,YS,1 
/REP,FAST   
/ANG,1,-30,ZS,1 
/REP,FAST   
/ANG,1,-30,ZS,1 
/REP,FAST   
/ANG,1,-30,ZS,1 
/REP,FAST   
/ANG,1,-30,YS,1 
/REP,FAST   
/ANG,1,-30,YS,1 
/REP,FAST   
/ANG,1,-30,YS,1 
/REP,FAST   
/DIST, 1 ,0.924021,1
/REP,FAST   
/DIST, 1 ,0.924021,1
/REP,FAST   
/ANG,1,-30,YS,1 
/REP,FAST   
/ANG,1,-30,YS,1 
/REP,FAST   
/ANG,1,-30,YS,1 
/REP,FAST   
/VIEW,1,,-1 
/ANG,1  
/REP,FAST   
/ANG,1,30,YS,1  
/REP,FAST   
/ANG,1,-30,YS,1 
/REP,FAST   
/ANG,1,30,XS,1  
/REP,FAST   
/DIST,  1,   2414.27646247  
/ANG,   1,   2.70000000000  
/REPLO  
/DIST, 1 ,1.082226,1
/REP,FAST   
/DIST, 1 ,1.082226,1
/REP,FAST   
/DIST, 1 ,1.082226,1
/REP,FAST   
/VIEW,1,,,-1
/ANG,1  
/REP,FAST   
/ANG,1,30,XS,1  
/REP,FAST   
/ANG,1,30,XS,1  
/REP,FAST   
FINISH  
! /EXIT,NOSAV   
/BATCH  
/COM,ANSYS RELEASE 2024 R1           BUILD 24.1      UP20231106       13:39:00
/input,menust,tmp,''
/GRA,POWER
/GST,ON
/PLO,INFO,3
/GRO,CURL,ON
/CPLANE,1   
/REPLOT,RESIZE  
WPSTYLE,,,,,,,,0
/INPUT,'Task8_lower','mac','C:\Users\HUAWEI\Documents\GitHub\MY_MTO\APDL\',, 0  
/COM,ANSYS RELEASE 2024 R1           BUILD 24.1      UP20231106       13:51:19
/INPUT,'Task7_lower','mac','C:\Users\HUAWEI\Documents\GitHub\MY_MTO\APDL\',, 0  
/COM,ANSYS RELEASE 2024 R1           BUILD 24.1      UP20231106       13:55:19
/INPUT,'Task8_lower','mac','C:\Users\HUAWEI\Documents\GitHub\MY_MTO\APDL\',, 0  
/COM,ANSYS RELEASE 2024 R1           BUILD 24.1      UP20231106       13:59:07
/INPUT,'Task8_upper','mac','C:\Users\HUAWEI\Documents\GitHub\MY_MTO\APDL\',, 0  
/COM,ANSYS RELEASE 2024 R1           BUILD 24.1      UP20231106       13:59:37
/eshape 
/POST1  
!*  
/EFACET,1   
PLNSOL, S,X, 0,1.0  
/DIST, 1 ,0.924021,1
/REP,FAST   
/DIST, 1 ,0.924021,1
/REP,FAST   
/DIST, 1 ,0.924021,1
/REP,FAST   
/DIST, 1 ,0.924021,1
/REP,FAST   
/DIST, 1 ,0.924021,1
/REP,FAST   
/DIST, 1 ,0.924021,1
/REP,FAST   
/DIST, 1 ,0.924021,1
/REP,FAST   
/DIST, 1 ,0.924021,1
/REP,FAST   
!*  
/EFACET,1   
PLNSOL, S,X, 0,1.0  
/EFACET,1   
PLNSOL, S,X, 0,1.0  
/VIEW,1,1,1,1   
/ANG,1  
/REP,FAST   
/DIST, 1 ,1.082226,1
/REP,FAST   
/DIST, 1 ,1.082226,1
/REP,FAST   
/DIST, 1 ,1.082226,1
/REP,FAST   
/DIST, 1 ,1.082226,1
/REP,FAST   
!*  
/EFACET,1   
PLNSOL, S,XY, 0,1.0 
!*  
/SHRINK,0   
/ESHAPE,1.0 
/EFACET,1   
/RATIO,1,1,1
/CFORMAT,32,0   
/REPLOT 
!*  
!*  
/EFACET,1   
PLNSOL, S,X, 0,1.0  
/DIST, 1 ,1.082226,1
/REP,FAST   
/DIST, 1 ,1.082226,1
/REP,FAST   
/VIEW,1,1,1,1   
/ANG,1  
/REP,FAST   
/DIST, 1 ,0.924021,1
/REP,FAST   
/DIST, 1 ,0.924021,1
/REP,FAST   
/DIST, 1 ,0.924021,1
/REP,FAST   
/DIST, 1 ,0.924021,1
/REP,FAST   
/DIST, 1 ,0.924021,1
/REP,FAST   
/DIST, 1 ,0.924021,1
/REP,FAST   
/DIST, 1 ,0.924021,1
/REP,FAST   
/DIST, 1 ,0.924021,1
/REP,FAST   
/DIST, 1 ,0.924021,1
/REP,FAST   
/DIST, 1 ,0.924021,1
/REP,FAST   
/DIST, 1 ,1.082226,1
/REP,FAST   
/DIST, 1 ,1.082226,1
/REP,FAST   
/DIST, 1 ,1.082226,1
/REP,FAST   
/DIST, 1 ,1.082226,1
/REP,FAST   
/DIST, 1 ,1.082226,1
/REP,FAST   
/DIST, 1 ,1.082226,1
/REP,FAST   
/DIST, 1 ,1.082226,1
/REP,FAST   
/DIST, 1 ,1.082226,1
/REP,FAST   
/DIST, 1 ,1.082226,1
/REP,FAST   
/ZOOM,1,RECT,0.248209,0.93201 ,0.959272932328 ,0.486600317403   
/DIST, 1 ,1.082226,1
/REP,FAST   
/DIST, 1 ,1.082226,1
/REP,FAST   
/DIST, 1 ,1.082226,1
/REP,FAST   
/DIST, 1 ,1.082226,1
/REP,FAST   
/DIST, 1 ,1.082226,1
/REP,FAST   
/DIST, 1 ,1.082226,1
/REP,FAST   
/DIST, 1 ,1.082226,1
/REP,FAST   
/DIST, 1 ,1.082226,1
/REP,FAST   
/DIST, 1 ,1.082226,1
/REP,FAST   
/DIST, 1 ,1.082226,1
/REP,FAST   
/DIST, 1 ,1.082226,1
/REP,FAST   
/DIST, 1 ,1.082226,1
/REP,FAST   
/ZOOM,1,RECT,0.201001,-0.454366 ,0.838303492871 ,-0.828982076165
/DIST, 1 ,0.924021,1
/REP,FAST   
/DIST, 1 ,0.924021,1
/REP,FAST   
/DIST, 1 ,1.082226,1
/REP,FAST   
/DIST, 1 ,1.082226,1
/REP,FAST   
/DIST, 1 ,1.082226,1
/REP,FAST   
/DIST, 1 ,1.082226,1
/REP,FAST   
/DIST, 1 ,1.082226,1
/REP,FAST   
/DIST, 1 ,1.082226,1
/REP,FAST   
/DIST, 1 ,1.082226,1
/REP,FAST   
/DIST, 1 ,1.082226,1
/REP,FAST   
/DIST, 1 ,1.082226,1
/REP,FAST   
/DIST, 1 ,1.082226,1
/REP,FAST   
/DIST, 1 ,1.082226,1
/REP,FAST   
/DIST, 1 ,1.082226,1
/REP,FAST   
/DIST, 1 ,1.082226,1
/REP,FAST   
/DIST, 1 ,1.082226,1
/REP,FAST   
/DIST, 1 ,1.082226,1
/REP,FAST   
/ZOOM,1,RECT,-0.633983,0.760926 ,0.147892545724 ,0.0972351246874
/DIST, 1 ,1.082226,1
/REP,FAST   
/DIST, 1 ,1.082226,1
/REP,FAST   
/DIST, 1 ,1.082226,1
/REP,FAST   
/DIST, 1 ,1.082226,1
/REP,FAST   
/DIST, 1 ,1.082226,1
/REP,FAST   
/DIST, 1 ,1.082226,1
/REP,FAST   
/DIST, 1 ,1.082226,1
/REP,FAST   
/DIST, 1 ,1.082226,1
/REP,FAST   
/DIST, 1 ,1.082226,1
/REP,FAST   
/DIST, 1 ,1.082226,1
/REP,FAST   
/DIST, 1 ,1.082226,1
/REP,FAST   
/DIST, 1 ,1.082226,1
/REP,FAST   
/DIST, 1 ,1.082226,1
/REP,FAST   
/DIST, 1 ,1.082226,1
/REP,FAST   
PLDISP,0
/DIST, 1 ,1.082226,1
/REP,FAST   
/DIST, 1 ,1.082226,1
/REP,FAST   
/DIST, 1 ,1.082226,1
/REP,FAST   
/DIST, 1 ,1.082226,1
/REP,FAST   
/DIST, 1 ,1.082226,1
/REP,FAST   
/DIST, 1 ,1.082226,1
/REP,FAST   
/DIST, 1 ,1.082226,1
/REP,FAST   
/INPUT,'Task9_lower','mac','C:\Users\HUAWEI\Documents\GitHub\MY_MTO\APDL\',, 0  
/COM,ANSYS RELEASE 2024 R1           BUILD 24.1      UP20231106       14:03:55
/INPUT,'Task9_upper','mac','C:\Users\HUAWEI\Documents\GitHub\MY_MTO\APDL\',, 0  
/COM,ANSYS RELEASE 2024 R1           BUILD 24.1      UP20231106       14:11:53
FINISH  
! /EXIT,NOSAV   
/BATCH  
/COM,ANSYS RELEASE 2024 R1           BUILD 24.1      UP20231106       15:40:51
/input,menust,tmp,''
/GRA,POWER
/GST,ON
/PLO,INFO,3
/GRO,CURL,ON
/CPLANE,1   
/REPLOT,RESIZE  
WPSTYLE,,,,,,,,0
/INPUT,'Task3_lower','mac','C:\Users\HUAWEI\Documents\GitHub\MY_MTO\APDL\',, 0  
/COM,ANSYS RELEASE 2024 R1           BUILD 24.1      UP20231106       15:53:27
!*  
/SHRINK,0   
/ESHAPE,1   
/EFACET,1   
/RATIO,1,1,1
/CFORMAT,32,0   
/REPLOT 
!*  
!*  
/SHRINK,0   
/ESHAPE,1   
/EFACET,1   
/RATIO,1,1,1
/CFORMAT,32,0   
/REPLOT 
!*  
/REPLOT,RESIZE  
FINISH  
/SOL
FINISH  
/POST1  
!*  
/EFACET,1   
PLNSOL, S,X, 0,1.0  
/VIEW,1,1,1,1   
/ANG,1  
/REP,FAST   
/DIST, 1 ,0.924021,1
/REP,FAST   
/DIST, 1 ,0.924021,1
/REP,FAST   
/DIST, 1 ,0.924021,1
/REP,FAST   
/DIST, 1 ,0.924021,1
/REP,FAST   
/DIST, 1 ,0.924021,1
/REP,FAST   
/DIST, 1 ,0.924021,1
/REP,FAST   
/DIST, 1 ,0.924021,1
/REP,FAST   
/DIST, 1 ,0.924021,1
/REP,FAST   
/DIST, 1 ,0.924021,1
/REP,FAST   
/DIST, 1 ,0.924021,1
/REP,FAST   
/DIST, 1 ,0.924021,1
/REP,FAST   
/DIST, 1 ,0.924021,1
/REP,FAST   
/DIST, 1 ,0.924021,1
/REP,FAST   
/DIST, 1 ,0.924021,1
/REP,FAST   
/DIST, 1 ,0.924021,1
/REP,FAST   
/DIST, 1 ,0.924021,1
/REP,FAST   
/DIST, 1 ,0.924021,1
/REP,FAST   
/DIST, 1 ,0.924021,1
/REP,FAST   
/DIST, 1 ,0.924021,1
/REP,FAST   
/DIST, 1 ,1.082226,1
/REP,FAST   
/DIST, 1 ,1.082226,1
/REP,FAST   
/DIST, 1 ,0.924021,1
/REP,FAST   
/DIST, 1 ,0.924021,1
/REP,FAST   
/DIST, 1 ,0.924021,1
/REP,FAST   
/DIST, 1 ,1.082226,1
/REP,FAST   
/DIST, 1 ,1.082226,1
/REP,FAST   
/DIST, 1 ,1.082226,1
/REP,FAST   
/DIST, 1 ,1.082226,1
/REP,FAST   
/DIST, 1 ,1.082226,1
/REP,FAST   
/DIST, 1 ,1.082226,1
/REP,FAST   
/DIST, 1 ,1.082226,1
/REP,FAST   
/DIST, 1 ,1.082226,1
/REP,FAST   
/DIST, 1 ,1.082226,1
/REP,FAST   
/DIST, 1 ,1.082226,1
/REP,FAST   
/DIST, 1 ,1.082226,1
/REP,FAST   
/DIST, 1 ,1.082226,1
/REP,FAST   
/DIST, 1 ,1.082226,1
/REP,FAST   
/DIST, 1 ,1.082226,1
/REP,FAST   
PLESOL,S,X  
/VIEW,1,1,1,1   
/ANG,1  
/REP,FAST   
!*  
/ZOOM,1,RECT,0.648686,0.809565 ,1.0231270758 ,0.496086933993
/DIST, 1 ,1.082226,1
/REP,FAST   
/DIST, 1 ,1.082226,1
/REP,FAST   
/DIST, 1 ,1.082226,1
/REP,FAST   
/DIST, 1 ,1.082226,1
/REP,FAST   
/DIST, 1 ,1.082226,1
/REP,FAST   
/DIST, 1 ,1.082226,1
/REP,FAST   
/DIST, 1 ,1.082226,1
/REP,FAST   
/DIST, 1 ,1.082226,1
/REP,FAST   
/DIST, 1 ,1.082226,1
/REP,FAST   
/DIST, 1 ,1.082226,1
/REP,FAST   
/DIST, 1 ,1.082226,1
/REP,FAST   
/DIST, 1 ,1.082226,1
/REP,FAST   
/DIST, 1 ,1.082226,1
/REP,FAST   
/DIST, 1 ,1.082226,1
/REP,FAST   
/DIST, 1 ,1.082226,1
/REP,FAST   
/DIST, 1 ,1.082226,1
/REP,FAST   
/DIST, 1 ,1.082226,1
/REP,FAST   
/DIST, 1 ,1.082226,1
/REP,FAST   
/DIST, 1 ,1.082226,1
/REP,FAST   
/DIST, 1 ,1.082226,1
/REP,FAST   
/DIST, 1 ,1.082226,1
/REP,FAST   
/DIST, 1 ,1.082226,1
/REP,FAST   
/DIST, 1 ,1.082226,1
/REP,FAST   
/ZOOM,1,RECT,0.146386,-0.121739 ,0.59997779987 ,-0.477826065257 
/DIST, 1 ,1.082226,1
/REP,FAST   
/DIST, 1 ,1.082226,1
/REP,FAST   
/DIST, 1 ,1.082226,1
/REP,FAST   
/DIST, 1 ,1.082226,1
/REP,FAST   
/DIST, 1 ,1.082226,1
/REP,FAST   
/DIST, 1 ,1.082226,1
/REP,FAST   
/DIST, 1 ,1.082226,1
/REP,FAST   
/DIST, 1 ,1.082226,1
/REP,FAST   
/DIST, 1 ,1.082226,1
/REP,FAST   
/DIST, 1 ,1.082226,1
/REP,FAST   
/DIST, 1 ,1.082226,1
/REP,FAST   
/DIST, 1 ,1.082226,1
/REP,FAST   
/DIST, 1 ,1.082226,1
/REP,FAST   
/DIST, 1 ,1.082226,1
/REP,FAST   
/DIST, 1 ,1.082226,1
/REP,FAST   
/DIST, 1 ,1.082226,1
/REP,FAST   
/DIST, 1 ,1.082226,1
/REP,FAST   
/DIST, 1 ,1.082226,1
/REP,FAST   
/DIST, 1 ,1.082226,1
/REP,FAST   
/DIST, 1 ,1.082226,1
/REP,FAST   
/DIST, 1 ,1.082226,1
/REP,FAST   
/ZOOM,1,RECT,-0.474639,0.386522 ,0.00939535720566 ,-0.0760869530664 
/DIST, 1 ,1.082226,1
/REP,FAST   
/DIST, 1 ,1.082226,1
/REP,FAST   
/DIST, 1 ,1.082226,1
/REP,FAST   
/DIST, 1 ,1.082226,1
/REP,FAST   
/DIST, 1 ,1.082226,1
/REP,FAST   
/DIST, 1 ,1.082226,1
/REP,FAST   
/DIST, 1 ,1.082226,1
/REP,FAST   
/DIST, 1 ,1.082226,1
/REP,FAST   
/DIST, 1 ,1.082226,1
/REP,FAST   
/DIST, 1 ,1.082226,1
/REP,FAST   
/DIST, 1 ,1.082226,1
/REP,FAST   
/DIST, 1 ,1.082226,1
/REP,FAST   
/DIST, 1 ,1.082226,1
/REP,FAST   
/DIST, 1 ,1.082226,1
/REP,FAST   
/DIST, 1 ,1.082226,1
/REP,FAST   
/DIST, 1 ,1.082226,1
/REP,FAST   
/DIST, 1 ,1.082226,1
/REP,FAST   
/DIST, 1 ,1.082226,1
/REP,FAST   
/DIST, 1 ,1.082226,1
/REP,FAST   
/DIST, 1 ,1.082226,1
/REP,FAST   
/DIST, 1 ,1.082226,1
/REP,FAST   
/DIST, 1 ,1.082226,1
/REP,FAST   
/DIST, 1 ,1.082226,1
/REP,FAST   
/DIST, 1 ,1.082226,1
/REP,FAST   
/DIST, 1 ,1.082226,1
/REP,FAST   
/DIST, 1 ,1.082226,1
/REP,FAST   
/DIST, 1 ,1.082226,1
/REP,FAST   
/DIST, 1 ,1.082226,1
/REP,FAST   
/DIST, 1 ,1.082226,1
/REP,FAST   
/DIST, 1 ,1.082226,1
/REP,FAST   
/DIST, 1 ,1.082226,1
/REP,FAST   
/DIST, 1 ,1.082226,1
/REP,FAST   
/DIST, 1 ,1.082226,1
/REP,FAST   
/DIST, 1 ,1.082226,1
/REP,FAST   
/DIST, 1 ,1.082226,1
/REP,FAST   
/DIST, 1 ,1.082226,1
/REP,FAST   
/DIST, 1 ,1.082226,1
/REP,FAST   
/DIST, 1 ,1.082226,1
/REP,FAST   
/DIST, 1 ,1.082226,1
/REP,FAST   
/DIST, 1 ,1.082226,1
/REP,FAST   
/DIST, 1 ,1.082226,1
/REP,FAST   
/DIST, 1 ,1.082226,1
/REP,FAST   
/DIST, 1 ,1.082226,1
/REP,FAST   
/DIST, 1 ,1.082226,1
/REP,FAST   
/DIST, 1 ,1.082226,1
/REP,FAST   
/DIST, 1 ,1.082226,1
/REP,FAST   
/DIST, 1 ,1.082226,1
/REP,FAST   
/DIST, 1 ,1.082226,1
/REP,FAST   
/DIST, 1 ,1.082226,1
/REP,FAST   
/DIST, 1 ,1.082226,1
/REP,FAST   
/DIST, 1 ,0.924021,1
/REP,FAST   
/DIST, 1 ,0.924021,1
/REP,FAST   
/DIST, 1 ,0.924021,1
/REP,FAST   
/DIST, 1 ,0.924021,1
/REP,FAST   
/ZOOM,1,RECT,0.122032,0.121739 ,0.603022039265 ,-0.310434768511 
/ZOOM,1,RECT,0.161607,0.21 ,0.724791615072 ,-0.273913031039 
/ZOOM,1,RECT,-0.118463,0.517391 ,0.709570418097 ,-0.143043471765
/DIST, 1 ,1.082226,1
/REP,FAST   
/DIST, 1 ,1.082226,1
/REP,FAST   
/DIST, 1 ,1.082226,1
/REP,FAST   
/DIST, 1 ,1.082226,1
/REP,FAST   
/DIST, 1 ,1.082226,1
/REP,FAST   
/DIST, 1 ,1.082226,1
/REP,FAST   
/DIST, 1 ,1.082226,1
/REP,FAST   
/DIST, 1 ,1.082226,1
/REP,FAST   
/DIST, 1 ,1.082226,1
/REP,FAST   
/DIST, 1 ,1.082226,1
/REP,FAST   
/DIST, 1 ,1.082226,1
/REP,FAST   
/DIST, 1 ,1.082226,1
/REP,FAST   
/DIST, 1 ,1.082226,1
/REP,FAST   
/DIST, 1 ,1.082226,1
/REP,FAST   
/DIST, 1 ,1.082226,1
/REP,FAST   
/DIST, 1 ,1.082226,1
/REP,FAST   
/ZOOM,1,RECT,-0.788195,0.496087 ,-0.398532721748 ,0.124782603029
/DIST, 1 ,1.082226,1
/REP,FAST   
/DIST, 1 ,0.924021,1
/REP,FAST   
/DIST, 1 ,0.924021,1
/REP,FAST   
/DIST, 1 ,1.082226,1
/REP,FAST   
/DIST, 1 ,1.082226,1
/REP,FAST   
/DIST, 1 ,1.082226,1
/REP,FAST   
/DIST, 1 ,1.082226,1
/REP,FAST   
/DIST, 1 ,1.082226,1
/REP,FAST   
/DIST, 1 ,1.082226,1
/REP,FAST   
/DIST, 1 ,1.082226,1
/REP,FAST   
/DIST, 1 ,1.082226,1
/REP,FAST   
/DIST, 1 ,1.082226,1
/REP,FAST   
/DIST, 1 ,1.082226,1
/REP,FAST   
/DIST, 1 ,1.082226,1
/REP,FAST   
/DIST, 1 ,1.082226,1
/REP,FAST   
/DIST, 1 ,1.082226,1
/REP,FAST   
/DIST, 1 ,1.082226,1
/REP,FAST   
/DIST, 1 ,1.082226,1
/REP,FAST   
/DIST, 1 ,1.082226,1
/REP,FAST   
/DIST, 1 ,1.082226,1
/REP,FAST   
/DIST, 1 ,1.082226,1
/REP,FAST   
/DIST, 1 ,1.082226,1
/REP,FAST   
/DIST, 1 ,1.082226,1
/REP,FAST   
/DIST, 1 ,1.082226,1
/REP,FAST   
/DIST, 1 ,1.082226,1
/REP,FAST   
/DIST, 1 ,1.082226,1
/REP,FAST   
/DIST, 1 ,1.082226,1
/REP,FAST   
/DIST, 1 ,1.082226,1
/REP,FAST   
/DIST, 1 ,1.082226,1
/REP,FAST   
/DIST, 1 ,1.082226,1
/REP,FAST   
/DIST, 1 ,0.924021,1
/REP,FAST   
/DIST, 1 ,0.924021,1
/REP,FAST   
/PNUM,ELEM,1
/PNUM,NODE,1
/DIST, 1 ,1.082226,1
/REP,FAST   
/DIST, 1 ,1.082226,1
/REP,FAST   
/DIST, 1 ,0.924021,1
/REP,FAST   
/DIST, 1 ,0.924021,1
/REP,FAST   
/DIST, 1 ,0.924021,1
/REP,FAST   
/DIST, 1 ,0.924021,1
/REP,FAST   
/DIST, 1 ,0.924021,1
/REP,FAST   
/ZOOM,1,RECT,0.00939536,0.365217 ,1.29710862137 ,-0.623913015144
FINISH  
/SOL
/GRAPHICS,FULL  
/ESHAPE,0   
EPLOT   
/PNUM,ELEM,1
/PNUM,NODE,1
/NUMBER,1   
! REPLOT
FINISH  
/POST1  
!*  
PRESOL,S,COMP   
/DIST, 1 ,1.082226,1
/REP,FAST   
/DIST, 1 ,1.082226,1
/REP,FAST   
/DIST, 1 ,0.924021,1
/REP,FAST   
/DIST, 1 ,0.924021,1
/REP,FAST   
/DIST, 1 ,0.924021,1
/REP,FAST   
/DIST, 1 ,0.924021,1
/REP,FAST   
/DIST, 1 ,0.924021,1
/REP,FAST   
/DIST, 1 ,1.082226,1
/REP,FAST   
/DIST, 1 ,1.082226,1
/REP,FAST   
/DIST, 1 ,1.082226,1
/REP,FAST   
/DIST, 1 ,1.082226,1
/REP,FAST   
/DIST, 1 ,1.082226,1
/REP,FAST   
/DIST, 1 ,1.082226,1
/REP,FAST   
/DIST, 1 ,1.082226,1
/REP,FAST   
/DIST, 1 ,1.082226,1
/REP,FAST   
/DIST, 1 ,1.082226,1
/REP,FAST   
/DIST, 1 ,1.082226,1
/REP,FAST   
/DIST, 1 ,1.082226,1
/REP,FAST   
/DIST, 1 ,1.082226,1
/REP,FAST   
/DIST, 1 ,1.082226,1
/REP,FAST   
/DIST, 1 ,1.082226,1
/REP,FAST   
/DIST, 1 ,1.082226,1
/REP,FAST   
/DIST, 1 ,1.082226,1
/REP,FAST   
/DIST, 1 ,1.082226,1
/REP,FAST   
/DIST, 1 ,0.924021,1
/REP,FAST   
/DIST, 1 ,0.924021,1
/REP,FAST   
/DIST, 1 ,0.924021,1
/REP,FAST   
/DIST, 1 ,0.924021,1
/REP,FAST   
/DIST, 1 ,0.924021,1
/REP,FAST   
/DIST, 1 ,0.924021,1
/REP,FAST   
/DIST, 1 ,0.924021,1
/REP,FAST   
/DIST, 1 ,0.924021,1
/REP,FAST   
/DIST, 1 ,0.924021,1
/REP,FAST   
/DIST, 1 ,0.924021,1
/REP,FAST   
!*  
PRNSOL,S,COMP   
!*  
/SHRINK,0   
/ESHAPE,1.0 
/EFACET,1   
/RATIO,1,1,1
/CFORMAT,32,0   
/REPLOT 
!*  
!*  
/SHRINK,0   
/ESHAPE,1   
/EFACET,1   
/RATIO,1,1,1
/CFORMAT,32,0   
/REPLOT 
!*  
!*  
PRNSOL,S,COMP   
/DIST, 1 ,1.082226,1
/REP,FAST   
/DIST, 1 ,1.082226,1
/REP,FAST   
!*  
PRESOL,S,COMP   
!*  
/EFACET,1   
PLNSOL, S,X, 0,1.0  
!*  
/EFACET,1   
PLNSOL, S,X, 0,1.0  
/EFACET,1   
PLNSOL, S,X, 0,1.0  
/DIST, 1 ,1.082226,1
/REP,FAST   
/DIST, 1 ,1.082226,1
/REP,FAST   
/DIST, 1 ,1.082226,1
/REP,FAST   
/DIST, 1 ,1.082226,1
/REP,FAST   
/DIST, 1 ,1.082226,1
/REP,FAST   
/DIST, 1 ,1.082226,1
/REP,FAST   
!*  
/SHRINK,0   
/ESHAPE,1   
/EFACET,1   
/RATIO,1,1,1
/CFORMAT,32,0   
/REPLOT 
!*  
!*  
/SHRINK,0   
/ESHAPE,1   
/EFACET,1   
/RATIO,1,1,1
/CFORMAT,32,0   
/REPLOT 
!*  
!*  
/EFACET,1   
PLNSOL, S,X, 0,1.0  
/INPUT,'Task3_lower','mac','C:\Users\HUAWEI\Documents\GitHub\MY_MTO\APDL\',, 0  
/COM,ANSYS RELEASE 2024 R1           BUILD 24.1      UP20231106       16:12:14
/REPLOT,RESIZE  
!*  
/SHRINK,0   
/ESHAPE,1   
/EFACET,1   
/RATIO,1,1,1
/CFORMAT,32,0   
/REPLOT 
!*  
!*  
/SHRINK,0   
/ESHAPE,1   
/EFACET,1   
/RATIO,1,1,1
/CFORMAT,32,0   
/REPLOT 
!*  
!*  
/EFACET,1   
PLNSOL, S,X, 0,1.0  
!*  
PLESOL, S,X, 0,1.0  
/DIST, 1 ,0.924021,1
/REP,FAST   
/DIST, 1 ,0.924021,1
/REP,FAST   
/REPLOT,RESIZE  
/REPLOT,RESIZE  
SET,LAST
SET,LAST
/GRAPHICS,FULL  
!*  
/TYPE,1,6   
/CPLANE,0   
/SHADE,1,1  
/HBC,1,0
/REPLOT 
!*  
!*  
/SHRINK,0   
/ESHAPE,1   
/EFACET,1   
/RATIO,1,1,1
/CFORMAT,32,0   
/REPLOT 
!*  
/INPUT,'Task3_lower','mac','C:\Users\HUAWEI\Documents\GitHub\MY_MTO\APDL\',, 0  
/COM,ANSYS RELEASE 2024 R1           BUILD 24.1      UP20231106       16:24:33
/REPLOT,RESIZE  
SET,LAST
/GRAPHICS,FULL  
!*  
/TYPE,1,6   
/CPLANE,0   
/SHADE,1,1  
/HBC,1,0
/REPLOT 
!*  
/GRAPHICS,FULL  
!*  
/TYPE,1,6   
/CPLANE,0   
/SHADE,1,1  
/HBC,1,0
/REPLOT 
!*  
!*  
/SHRINK,0   
/ESHAPE,1   
/EFACET,1   
/RATIO,1,1,1
/CFORMAT,32,0   
/REPLOT 
!*  
!*  
/SHRINK,0   
/ESHAPE,1   
/EFACET,1   
/RATIO,1,1,1
/CFORMAT,32,0   
/REPLOT 
!*  
EPLOT   
!*  
/EFACET,1   
PLNSOL, S,X, 0,1.0  
!*  
PLESOL, S,X, 0,1.0  
EPLOT   
!*  
PLESOL, S,X, 0,1.0  
EPLOT   
/DIST, 1 ,0.924021,1
/REP,FAST   
/DIST, 1 ,0.924021,1
/REP,FAST   
/DIST, 1 ,0.924021,1
/REP,FAST   
/DIST, 1 ,0.924021,1
/REP,FAST   
/DIST, 1 ,0.924021,1
/REP,FAST   
/DIST, 1 ,0.924021,1
/REP,FAST   
!*  
/EFACET,1   
PLNSOL, S,XY, 0,1.0 
FINISH  
/SOL
/STATUS,SOLU
SOLVE   
/STATUS,SOLU
SOLVE   
/DIST, 1 ,0.924021,1
/REP,FAST   
/DIST, 1 ,0.924021,1
/REP,FAST   
/DIST, 1 ,1.082226,1
/REP,FAST   
/DIST, 1 ,1.082226,1
/REP,FAST   
/REPLOT,RESIZE  
FINISH  
/POST1  
!*  
/EFACET,1   
PLNSOL, S,XY, 0,1.0 
/DIST, 1 ,0.924021,1
/REP,FAST   
/DIST, 1 ,0.924021,1
/REP,FAST   
/DIST, 1 ,1.082226,1
/REP,FAST   
/DIST, 1 ,1.082226,1
/REP,FAST   
/DIST, 1 ,1.082226,1
/REP,FAST   
!*  
/SHRINK,0   
/ESHAPE,1   
/EFACET,1   
/RATIO,1,1,1
/CFORMAT,32,0   
/REPLOT 
!*  
!*  
/SHRINK,0   
/ESHAPE,1   
/EFACET,1   
/RATIO,1,1,1
/CFORMAT,32,0   
/REPLOT 
!*  
/DIST, 1 ,0.924021,1
/REP,FAST   
/DIST, 1 ,0.924021,1
/REP,FAST   
/DIST, 1 ,0.924021,1
/REP,FAST   
/DIST, 1 ,1.082226,1
/REP,FAST   
/DIST, 1 ,1.082226,1
/REP,FAST   
!*  
/EFACET,1   
PLNSOL, S,X, 0,1.0  
/EFACET,1   
PLNSOL, S,X, 0,1.0  
!*  
PLESOL, S,X, 0,1.0  
/DIST, 1 ,0.924021,1
/REP,FAST   
/DIST, 1 ,0.924021,1
/REP,FAST   
/REPLOT,RESIZE  
/REPLOT,RESIZE  
/REPLOT,RESIZE  
!*  
/SHRINK,0   
/ESHAPE,1   
/EFACET,1   
/RATIO,1,1,1
/CFORMAT,32,0   
/REPLOT 
!*  
/GRAPHICS,POWER 
!*  
/TYPE,1,6   
/CPLANE,0   
/SHADE,1,1  
/HBC,1,0
/REPLOT 
!*  
/GRAPHICS,POWER 
!*  
/TYPE,1,6   
/CPLANE,0   
/SHADE,1,1  
/HBC,1,0
/REPLOT 
!*  
!*  
/EFACET,1   
PLNSOL, S,X, 0,1.0  
/VIEW,1,1,1,1   
/ANG,1  
/REP,FAST   
/DIST, 1 ,1.082226,1
/REP,FAST   
/DIST, 1 ,1.082226,1
/REP,FAST   
/DIST, 1 ,0.924021,1
/REP,FAST   
/DIST, 1 ,0.924021,1
/REP,FAST   
/DIST, 1 ,0.924021,1
/REP,FAST   
/DIST, 1 ,0.924021,1
/REP,FAST   
/DIST, 1 ,0.924021,1
/REP,FAST   
/DIST, 1 ,0.924021,1
/REP,FAST   
/DIST, 1 ,0.924021,1
/REP,FAST   
/DIST, 1 ,0.924021,1
/REP,FAST   
/DIST, 1 ,0.924021,1
/REP,FAST   
/DIST, 1 ,0.924021,1
/REP,FAST   
/DIST, 1 ,0.924021,1
/REP,FAST   
/DIST, 1 ,1.082226,1
/REP,FAST   
/DIST, 1 ,1.082226,1
/REP,FAST   
/DIST, 1 ,1.082226,1
/REP,FAST   
/DIST, 1 ,1.082226,1
/REP,FAST   
/DIST, 1 ,1.082226,1
/REP,FAST   
/VIEW,1,1,1,1   
/ANG,1  
/REP,FAST   
!*  
/EFACET,1   
PLNSOL, U,X, 0,1.0  
/DIST, 1 ,1.082226,1
/REP,FAST   
/DIST, 1 ,1.082226,1
/REP,FAST   
!*  
/EFACET,1   
PLNSOL, U,Y, 0,1.0  
!*  
/EFACET,1   
PLNSOL, U,Z, 0,1.0  
!*  
!*  
/EFACET,1   
PLNSOL, ROT,Z, 0,1.0
!*  
/EFACET,1   
PLNSOL, S,Z, 0,1.0  
!*  
/EFACET,1   
PLNSOL, S,Y, 0,1.0  
!*  
/EFACET,1   
PLNSOL, S,X, 0,1.0  
!*  
/EFACET,1   
PLNSOL, S,Y, 0,1.0  
/DIST, 1 ,1.082226,1
/REP,FAST   
/DIST, 1 ,1.082226,1
/REP,FAST   
/DIST, 1 ,1.082226,1
/REP,FAST   
/DIST, 1 ,1.082226,1
/REP,FAST   
/DIST, 1 ,1.082226,1
/REP,FAST   
/DIST, 1 ,1.082226,1
/REP,FAST   
/DIST, 1 ,1.082226,1
/REP,FAST   
!*  
/EFACET,1   
PLNSOL, S,X, 0,1.0  
/ZOOM,1,RECT,-0.19793,0.357281 ,0.251514165328 ,-0.0608469511743
/DIST, 1 ,1.082226,1
/REP,FAST   
/DIST, 1 ,1.082226,1
/REP,FAST   
/DIST, 1 ,1.082226,1
/REP,FAST   
/DIST, 1 ,1.082226,1
/REP,FAST   
/DIST, 1 ,1.082226,1
/REP,FAST   
/DIST, 1 ,1.082226,1
/REP,FAST   
/DIST, 1 ,1.082226,1
/REP,FAST   
/DIST, 1 ,1.082226,1
/REP,FAST   
/DIST, 1 ,1.082226,1
/REP,FAST   
/DIST, 1 ,1.082226,1
/REP,FAST   
/DIST, 1 ,1.082226,1
/REP,FAST   
/DIST, 1 ,1.082226,1
/REP,FAST   
/DIST, 1 ,1.082226,1
/REP,FAST   
/DIST, 1 ,1.082226,1
/REP,FAST   
/DIST, 1 ,1.082226,1
/REP,FAST   
/DIST, 1 ,1.082226,1
/REP,FAST   
/DIST, 1 ,1.082226,1
/REP,FAST   
/DIST, 1 ,1.082226,1
/REP,FAST   
/DIST, 1 ,1.082226,1
/REP,FAST   
/ANG,1,-30,YS,1 
/REP,FAST   
/ANG,1,30,YS,1  
/REP,FAST   
/ANG,1,-30,ZS,1 
/REP,FAST   
/ANG,1,30,ZS,1  
/REP,FAST   
/ANG,1,30,XS,1  
/REP,FAST   
/ANG,1,30,XS,1  
/REP,FAST   
/ANG,1,30,XS,1  
/REP,FAST   
/DIST, 1 ,1.082226,1
/REP,FAST   
/ANG,1,-30,YS,1 
/REP,FAST   
/ANG,1,-30,YS,1 
/REP,FAST   
/ZOOM,1,RECT,0.92568,0.500817 ,1.50309009141 ,-0.129494793525   
/DIST, 1 ,1.082226,1
/REP,FAST   
/DIST, 1 ,1.082226,1
/REP,FAST   
/DIST, 1 ,1.082226,1
/REP,FAST   
/DIST, 1 ,1.082226,1
/REP,FAST   
/DIST, 1 ,1.082226,1
/REP,FAST   
/DIST, 1 ,1.082226,1
/REP,FAST   
/DIST, 1 ,1.082226,1
/REP,FAST   
/DIST, 1 ,1.082226,1
/REP,FAST   
/DIST, 1 ,1.082226,1
/REP,FAST   
/ZOOM,1,RECT,-0.541255,0.722363 ,0.248393028355 ,0.154457645289 
/VIEW,1,1,1,1   
/ANG,1  
/REP,FAST   
/DIST, 1 ,1.082226,1
/REP,FAST   
/DIST, 1 ,1.082226,1
/REP,FAST   
/DIST, 1 ,1.082226,1
/REP,FAST   
/DIST, 1 ,1.082226,1
/REP,FAST   
/DIST, 1 ,1.082226,1
/REP,FAST   
/DIST, 1 ,1.082226,1
/REP,FAST   
/DIST, 1 ,1.082226,1
/REP,FAST   
/DIST, 1 ,1.082226,1
/REP,FAST   
/DIST, 1 ,1.082226,1
/REP,FAST   
/DIST, 1 ,1.082226,1
/REP,FAST   
/DIST, 1 ,1.082226,1
/REP,FAST   
/DIST, 1 ,1.082226,1
/REP,FAST   
/DIST, 1 ,1.082226,1
/REP,FAST   
/DIST, 1 ,1.082226,1
/REP,FAST   
/DIST, 1 ,1.082226,1
/REP,FAST   
/DIST, 1 ,1.082226,1
/REP,FAST   
/DIST, 1 ,1.082226,1
/REP,FAST   
/ZOOM,1,RECT,0.754017,0.781649 ,1.47499985865 ,0.322956894695   
/DIST, 1 ,1.082226,1
/REP,FAST   
/DIST, 1 ,1.082226,1
/REP,FAST   
/DIST, 1 ,1.082226,1
/REP,FAST   
/DIST, 1 ,1.082226,1
/REP,FAST   
/DIST, 1 ,1.082226,1
/REP,FAST   
/DIST, 1 ,1.082226,1
/REP,FAST   
/DIST, 1 ,1.082226,1
/REP,FAST   
/DIST, 1 ,1.082226,1
/REP,FAST   
/DIST, 1 ,1.082226,1
/REP,FAST   
/DIST, 1 ,1.082226,1
/REP,FAST   
/DIST, 1 ,1.082226,1
/REP,FAST   
/DIST, 1 ,1.082226,1
/REP,FAST   
/DIST, 1 ,1.082226,1
/REP,FAST   
/DIST, 1 ,1.082226,1
/REP,FAST   
/DIST, 1 ,1.082226,1
/REP,FAST   
/DIST, 1 ,1.082226,1
/REP,FAST   
