
 Ansys Mechanical Enterprise                       


 *------------------------------------------------------------------*
 |                                                                  |
 |   W E L C O M E   T O   T H E   A N S Y S (R)  P R O G R A M     |
 |                                                                  |
 *------------------------------------------------------------------*




 ***************************************************************
 *         ANSYS MAPDL 2024 R1          LEGAL NOTICES          *
 ***************************************************************
 *                                                             *
 * Copyright 1971-2024 Ansys, Inc.  All rights reserved.       *
 * Unauthorized use, distribution or duplication is            *
 * prohibited.                                                 *
 *                                                             *
 * Ansys is a registered trademark of Ansys, Inc. or its       *
 * subsidiaries in the United States or other countries.       *
 * See the Ansys, Inc. online documentation or the Ansys, Inc. *
 * documentation CD or online help for the complete Legal      *
 * Notice.                                                     *
 *                                                             *
 ***************************************************************
 *                                                             *
 * THIS ANSYS SOFTWARE PRODUCT AND PROGRAM DOCUMENTATION       *
 * INCLUDE TRADE SECRETS AND CONFIDENTIAL AND PROPRIETARY      *
 * PRODUCTS OF ANSYS, INC., ITS SUBSIDIARIES, OR LICENSORS.    *
 * The software products and documentation are furnished by    *
 * Ansys, Inc. or its subsidiaries under a software license    *
 * agreement that contains provisions concerning               *
 * non-disclosure, copying, length and nature of use,          *
 * compliance with exporting laws, warranties, disclaimers,    *
 * limitations of liability, and remedies, and other           *
 * provisions.  The software products and documentation may be *
 * used, disclosed, transferred, or copied only in accordance  *
 * with the terms and conditions of that software license      *
 * agreement.                                                  *
 *                                                             *
 * Ansys, Inc. is a UL registered                              *
 * ISO 9001:2015 company.                                      *
 *                                                             *
 ***************************************************************
 *                                                             *
 * This product is subject to U.S. laws governing export and   *
 * re-export.                                                  *
 *                                                             *
 * For U.S. Government users, except as specifically granted   *
 * by the Ansys, Inc. software license agreement, the use,     *
 * duplication, or disclosure by the United States Government  *
 * is subject to restrictions stated in the Ansys, Inc.        *
 * software license agreement and FAR 12.212 (for non-DOD      *
 * licenses).                                                  *
 *                                                             *
 ***************************************************************

 2024 R1 
     
 Point Releases and Patches installed:   
     
 Ansys, Inc. License Manager 2024 R1 
 Discovery 2024 R1   
 SpaceClaim 2024 R1  
 Icepak (includes CFD-Post) 2024 R1  
 Fluids 2024 R1  
 Ansys Dynamic Reporting 2024 R1 
 CFD-Post only 2024 R1   
 CFX (includes CFD-Post) 2024 R1 
 Chemkin 2024 R1 
 EnSight 2024 R1 
 FENSAP-ICE 2024 R1  
 Fluent (includes CFD-Post) 2024 R1  
 Polyflow (includes CFD-Post) 2024 R1
 Forte (includes EnSight) 2024 R1
 ICEM CFD 2024 R1
 TurboGrid 2024 R1   
 ACIS Geometry Interface 2024 R1 
 AutoCAD Geometry Interface 2024 R1  
 Catia, Version 4 Geometry Interface 2024 R1 
 Catia, Version 5 Geometry Interface 2024 R1 
 Catia, Version 6 Geometry Interface 2024 R1 
 Creo Elements/Direct Modeling Geometry Interface 2024 R1
 Creo Parametric Geometry Interface 2024 R1  
 Inventor Geometry Interface 2024 R1 
 JTOpen Geometry Interface 2024 R1   
 NX Geometry Interface 2024 R1   
 Parasolid Geometry Interface  2024 R1   
 Solid Edge Geometry Interface 2024 R1   
 SOLIDWORKS Geometry Interface 2024 R1   
 Speos 2024 R1   
 Speos HPC 2024 R1   
 optiSLang 2024 R1   
 Remote Solve Manager Standalone Services 2024 R1
 Additive 2024 R1
 Aqwa 2024 R1
 Autodyn 2024 R1 
 Customization Files for User Programmable Features 2024 R1  
 LS-DYNA 2024 R1 
 Material Calibration App 2024 R1
 Mechanical Products 2024 R1 
 Motion 2024 R1  
 Sherlock 2024 R1
 Sound - SAS 2024 R1 


          *****  MAPDL COMMAND LINE ARGUMENTS  *****
  INITIAL JOBNAME              = MAYDAYMDa                                                                                                                                                                                                                                               
  DISTRIBUTED MEMORY PARALLEL REQUESTED
       4 PARALLEL PROCESSES REQUESTED WITH SINGLE THREAD PER PROCESS
    TOTAL OF     4 CORES REQUESTED
  MPI OPTION                   = INTELMPI
  START-UP FILE MODE           = NOREAD
  STOP FILE MODE               = NOREAD
  GRAPHICS DEVICE REQUESTED    = win32   
  GRAPHICAL ENTRY              = YES   
  LANGUAGE                     = en-us               
  INITIAL DIRECTORY = C:\Users\HUAWEI\Documents\GitHub\MY_MTO\APDL

 RELEASE= 2024 R1              BUILD= 24.1      UP20231106   VERSION=WINDOWS x64 
 CURRENT JOBNAME=MAYDAYMDa1  16:54:05  MAR 30, 2026 CP=      5.172


 CLEAR DATABASE AND RERUN START.ANS

 Ansys Mechanical Enterprise                       

 *****  MAPDL SOLUTION ROUTINE  *****

 *** NOTE ***                            CP =       5.625   TIME= 17:03:29
 Predictor is ON by default for structural elements with rotational      
 degrees of freedom.  Use the PRED,OFF command to turn the predictor     
 OFF if it adversely affects the convergence.                            



  *** MASS SUMMARY BY ELEMENT TYPE ***

  TYPE      MASS
     1  0.391288    
 AN AVERAGE OF THE X-, Y-, AND Z-DIRECTION MASS TERMS ARE USED

  Process memory allocated for solver              =     0.802 MB
  Process memory required for in-core solution     =     0.773 MB
  Process memory required for out-of-core solution =     0.773 MB

 *** NOTE ***                            CP =       5.766   TIME= 17:03:29
 The Distributed Sparse Matrix Solver is currently running in the        
 in-core memory mode.  This memory mode uses the most amount of memory   
 in order to avoid using the hard drive as much as possible, which most  
 often results in the fastest solution time.  This mode is recommended   
 if enough physical memory is present to accommodate all of the solver   
 data.                                                                   

   *** ELEMENT RESULT CALCULATION TIMES
     TYPE    NUMBER   ENAME      TOTAL CP  AVE CP

        1       460  BEAM188       0.875   0.001902

   *** NODAL LOAD CALCULATION TIMES
     TYPE    NUMBER   ENAME      TOTAL CP  AVE CP

        1       460  BEAM188       0.047   0.000102
 *** LOAD STEP     1   SUBSTEP     1  COMPLETED.    CUM ITER =      1
 *** TIME =   1.00000         TIME INC =   1.00000      NEW TRIANG MATRIX


 *** MAPDL BINARY FILE STATISTICS
  BUFFER SIZE USED= 16384
        0.125 MB WRITTEN ON ASSEMBLED MATRIX FILE: MAYDAYMDa1.full
        3.562 MB WRITTEN ON RESULTS FILE: MAYDAYMDa1.rst

 FINISH SOLUTION PROCESSING


 ***** ROUTINE COMPLETED *****  CP =         6.797



 CLEAR DATABASE AND RERUN START.ANS

 Ansys Mechanical Enterprise                       

 *****  MAPDL SOLUTION ROUTINE  *****

 *** NOTE ***                            CP =       6.875   TIME= 17:04:08
 Predictor is ON by default for structural elements with rotational      
 degrees of freedom.  Use the PRED,OFF command to turn the predictor     
 OFF if it adversely affects the convergence.                            



  *** MASS SUMMARY BY ELEMENT TYPE ***

  TYPE      MASS
     1  0.700264    
 AN AVERAGE OF THE X-, Y-, AND Z-DIRECTION MASS TERMS ARE USED

  Process memory allocated for solver              =     0.802 MB
  Process memory required for in-core solution     =     0.773 MB
  Process memory required for out-of-core solution =     0.773 MB

 *** NOTE ***                            CP =       6.938   TIME= 17:04:08
 The Distributed Sparse Matrix Solver is currently running in the        
 in-core memory mode.  This memory mode uses the most amount of memory   
 in order to avoid using the hard drive as much as possible, which most  
 often results in the fastest solution time.  This mode is recommended   
 if enough physical memory is present to accommodate all of the solver   
 data.                                                                   

   *** ELEMENT RESULT CALCULATION TIMES
     TYPE    NUMBER   ENAME      TOTAL CP  AVE CP

        1       460  BEAM188       0.484   0.001053

   *** NODAL LOAD CALCULATION TIMES
     TYPE    NUMBER   ENAME      TOTAL CP  AVE CP

        1       460  BEAM188       0.000   0.000000
 *** LOAD STEP     1   SUBSTEP     1  COMPLETED.    CUM ITER =      1
 *** TIME =   1.00000         TIME INC =   1.00000      NEW TRIANG MATRIX


 *** MAPDL BINARY FILE STATISTICS
  BUFFER SIZE USED= 16384
        0.125 MB WRITTEN ON ASSEMBLED MATRIX FILE: MAYDAYMDa1.full
        3.562 MB WRITTEN ON RESULTS FILE: MAYDAYMDa1.rst

 FINISH SOLUTION PROCESSING


 ***** ROUTINE COMPLETED *****  CP =         7.859




 NUMBER OF WARNING MESSAGES ENCOUNTERED=          0
 NUMBER OF ERROR   MESSAGES ENCOUNTERED=          0


 *-----------------------------------------------------------------------------*
 |                                                                             |
 |                               RUN COMPLETED                                 |
 |                                                                             |
 |-----------------------------------------------------------------------------|
 |                                                                             |
 |  Ansys MAPDL 2024 R1         Build 24.1         UP20231106    WINDOWS x64   |
 |                                                                             |
 |-----------------------------------------------------------------------------|
 |                                                                             |
 |  Database Requested(-db)     1 MB     Scratch Memory Requested       240 MB |
 |  Maximum Database Used       1 MB     Maximum Scratch Memory Used     50 MB |
 |                                                                             |
 |-----------------------------------------------------------------------------|
 |                                                                             |
 |        CP Time      (sec) =         10.734       Time  =  17:18:31          |
 |        Elapsed Time (sec) =       1474.000       Date  =  03/30/2026        |
 |                                                                             |
 *-----------------------------------------------------------------------------*
