
 Ansys Mechanical Enterprise                       


 *------------------------------------------------------------------*
 |                                                                  |
 |   W E L C O M E   T O   T H E   A N S Y S (R)  P R O G R A M     |
 |                                                                  |
 *------------------------------------------------------------------*




 ***************************************************************
 *         ANSYS MAPDL 2024 R1          LEGAL NOTICES          *
 ***************************************************************
 *                                                             *
 * Copyright 1971-2024 Ansys, Inc.  All rights reserved.       *
 * Unauthorized use, distribution or duplication is            *
 * prohibited.                                                 *
 *                                                             *
 * Ansys is a registered trademark of Ansys, Inc. or its       *
 * subsidiaries in the United States or other countries.       *
 * See the Ansys, Inc. online documentation or the Ansys, Inc. *
 * documentation CD or online help for the complete Legal      *
 * Notice.                                                     *
 *                                                             *
 ***************************************************************
 *                                                             *
 * THIS ANSYS SOFTWARE PRODUCT AND PROGRAM DOCUMENTATION       *
 * INCLUDE TRADE SECRETS AND CONFIDENTIAL AND PROPRIETARY      *
 * PRODUCTS OF ANSYS, INC., ITS SUBSIDIARIES, OR LICENSORS.    *
 * The software products and documentation are furnished by    *
 * Ansys, Inc. or its subsidiaries under a software license    *
 * agreement that contains provisions concerning               *
 * non-disclosure, copying, length and nature of use,          *
 * compliance with exporting laws, warranties, disclaimers,    *
 * limitations of liability, and remedies, and other           *
 * provisions.  The software products and documentation may be *
 * used, disclosed, transferred, or copied only in accordance  *
 * with the terms and conditions of that software license      *
 * agreement.                                                  *
 *                                                             *
 * Ansys, Inc. is a UL registered                              *
 * ISO 9001:2015 company.                                      *
 *                                                             *
 ***************************************************************
 *                                                             *
 * This product is subject to U.S. laws governing export and   *
 * re-export.                                                  *
 *                                                             *
 * For U.S. Government users, except as specifically granted   *
 * by the Ansys, Inc. software license agreement, the use,     *
 * duplication, or disclosure by the United States Government  *
 * is subject to restrictions stated in the Ansys, Inc.        *
 * software license agreement and FAR 12.212 (for non-DOD      *
 * licenses).                                                  *
 *                                                             *
 ***************************************************************

 2024 R1 
     
 Point Releases and Patches installed:   
     
 Ansys, Inc. License Manager 2024 R1 
 Discovery 2024 R1   
 SpaceClaim 2024 R1  
 Icepak (includes CFD-Post) 2024 R1  
 Fluids 2024 R1  
 Ansys Dynamic Reporting 2024 R1 
 CFD-Post only 2024 R1   
 CFX (includes CFD-Post) 2024 R1 
 Chemkin 2024 R1 
 EnSight 2024 R1 
 FENSAP-ICE 2024 R1  
 Fluent (includes CFD-Post) 2024 R1  
 Polyflow (includes CFD-Post) 2024 R1
 Forte (includes EnSight) 2024 R1
 ICEM CFD 2024 R1
 TurboGrid 2024 R1   
 ACIS Geometry Interface 2024 R1 
 AutoCAD Geometry Interface 2024 R1  
 Catia, Version 4 Geometry Interface 2024 R1 
 Catia, Version 5 Geometry Interface 2024 R1 
 Catia, Version 6 Geometry Interface 2024 R1 
 Creo Elements/Direct Modeling Geometry Interface 2024 R1
 Creo Parametric Geometry Interface 2024 R1  
 Inventor Geometry Interface 2024 R1 
 JTOpen Geometry Interface 2024 R1   
 NX Geometry Interface 2024 R1   
 Parasolid Geometry Interface  2024 R1   
 Solid Edge Geometry Interface 2024 R1   
 SOLIDWORKS Geometry Interface 2024 R1   
 Speos 2024 R1   
 Speos HPC 2024 R1   
 optiSLang 2024 R1   
 Remote Solve Manager Standalone Services 2024 R1
 Additive 2024 R1
 Aqwa 2024 R1
 Autodyn 2024 R1 
 Customization Files for User Programmable Features 2024 R1  
 LS-DYNA 2024 R1 
 Material Calibration App 2024 R1
 Mechanical Products 2024 R1 
 Motion 2024 R1  
 Sherlock 2024 R1
 Sound - SAS 2024 R1 


          *****  MAPDL COMMAND LINE ARGUMENTS  *****
  INITIAL JOBNAME              = task5_base_model_build                                                                                                                                                                                                                                  
  BATCH MODE REQUESTED (-b)    = LIST
  INPUT FILE COPY MODE (-c)    = COPY
       2 PARALLEL PROCESSES REQUESTED WITH SINGLE THREAD PER PROCESS
    TOTAL OF     2 CORES REQUESTED
  INPUT FILE NAME              = C:\Users\HUAWEI\Documents\GitHub\MY_MTO\APDLRESULTS_MTO\task5\task5_base_model_build.mac
  OUTPUT FILE NAME             = C:\Users\HUAWEI\Documents\GitHub\MY_MTO\APDLRESULTS_MTO\task5\task5_base_model_build.out
  INITIAL DIRECTORY = C:\Users\HUAWEI\Documents\GitHub\MY_MTO\APDLRESULTS_MTO\task5

 RELEASE= 2024 R1              BUILD= 24.1      UP20231106   VERSION=WINDOWS x64 
 CURRENT JOBNAME=task5_base_model_build0  14:41:27  APR 21, 2026 CP=      0.125

     1  FINISH  
     2  /CLEAR, START   
     3  /TITLE, Task5_base  
     4  /NOPR   
     5      
     6  /PREP7  
     7  ET, 1, BEAM188  
     8  KEYOPT, 1, 4, 2 
     9      
    10  MP, EX, 1, 2.06e5   
    11  MP, PRXY, 1, 0.3
    12  MP, DENS, 1, 7.85e-9
    13      
    14  SECTYPE, 1, BEAM, I, LONG_C, 5  
    15  SECDATA, 225, 2400, 427, 15, 12, 8  
    16  SECTYPE, 2, BEAM, I, LONG_S, 5  
    17  SECDATA, 225, 1800, 427, 15, 12, 8  
    18  SECTYPE, 3, BEAM, I, RIB_1, 5   
    19  SECDATA, 225, 1200, 245, 8, 12, 8   
    20  SECTYPE, 4, BEAM, I, RIB_2, 5   
    21  SECDATA, 225, 1200, 245, 8, 12, 8   
    22  SECTYPE, 5, BEAM, I, RIB_3, 5   
    23  SECDATA, 225, 1200, 245, 8, 12, 8   
    24  SECTYPE, 6, BEAM, I, RIB_4, 5   
    25  SECDATA, 225, 1200, 245, 8, 12, 8   
    26      
    27  K, 1, -1800, 0, 0   
    28  K, 2, 0, 0, 0   
    29  K, 3, 1800, 0, 0
    30  K, 4, 3600, 0, 0
    31  K, 5, 5400, 0, 0
    32  K, 6, 7200, 0, 0
    33  K, 7, 9000, 0, 0
    34  K, 8, 10800, 0, 0   
    35  K, 9, 12600, 0, 0   
    36  K, 10, -1800, 2400, 0   
    37  K, 11, 0, 2400, 0   
    38  K, 12, 1800, 2400, 0
    39  K, 13, 3600, 2400, 0
    40  K, 14, 5400, 2400, 0
    41  K, 15, 7200, 2400, 0
    42  K, 16, 9000, 2400, 0
    43  K, 17, 10800, 2400, 0   
    44  K, 18, 12600, 2400, 0   
    45  K, 19, -1800, 4800, 0   
    46  K, 20, 0, 4800, 0   
    47  K, 21, 1800, 4800, 0
    48  K, 22, 3600, 4800, 0
    49  K, 23, 5400, 4800, 0
    50  K, 24, 7200, 4800, 0
    51  K, 25, 9000, 4800, 0
    52  K, 26, 10800, 4800, 0   
    53  K, 27, 12600, 4800, 0   
    54  K, 28, 0, -1200, 0  
    55  K, 29, 0, 6000, 0   
    56  K, 30, 1800, -1200, 0   
    57  K, 31, 1800, 6000, 0
    58  K, 32, 3600, -1200, 0   
    59  K, 33, 3600, 6000, 0
    60  K, 34, 5400, -1200, 0   
    61  K, 35, 5400, 6000, 0
    62  K, 36, 7200, -1200, 0   
    63  K, 37, 7200, 6000, 0
    64  K, 38, 9000, -1200, 0   
    65  K, 39, 9000, 6000, 0
    66  K, 40, 10800, -1200, 0  
    67  K, 41, 10800, 6000, 0   
    68      
    69  L, 1, 2 
    70  L, 2, 3 
    71  L, 3, 4 
    72  L, 4, 5 
    73  L, 5, 6 
    74  L, 6, 7 
    75  L, 7, 8 
    76  L, 8, 9 
    77  L, 10, 11   
    78  L, 11, 12   
    79  L, 12, 13   
    80  L, 13, 14   
    81  L, 14, 15   
    82  L, 15, 16   
    83  L, 16, 17   
    84  L, 17, 18   
    85  L, 19, 20   
    86  L, 20, 21   
    87  L, 21, 22   
    88  L, 22, 23   
    89  L, 23, 24   
    90  L, 24, 25   
    91  L, 25, 26   
    92  L, 26, 27   
    93  L, 28, 2
    94  L, 2, 11
    95  L, 11, 20   
    96  L, 20, 29   
    97  L, 30, 3
    98  L, 3, 12
    99  L, 12, 21   
   100  L, 21, 31   
   101  L, 32, 4
   102  L, 4, 13
   103  L, 13, 22   
   104  L, 22, 33   
   105  L, 34, 5
   106  L, 5, 14
   107  L, 14, 23   
   108  L, 23, 35   
   109  L, 36, 6
   110  L, 6, 15
   111  L, 15, 24   
   112  L, 24, 37   
   113  L, 38, 7
   114  L, 7, 16
   115  L, 16, 25   
   116  L, 25, 39   
   117  L, 40, 8
   118  L, 8, 17
   119  L, 17, 26   
   120  L, 26, 41   
   121      
   122  K, 1001, -1800, 0, -1000
   123  K, 1002, 12600, 0, -1000
   124  K, 1003, -1800, 2400, -1000 
   125  K, 1004, 12600, 2400, -1000 
   126  K, 1005, -1800, 4800, -1000 
   127  K, 1006, 12600, 4800, -1000 
   128  K, 2001, 0, -1200, -1000
   129  K, 2002, 0, 6000, -1000 
   130  K, 2003, 1800, -1200, -1000 
   131  K, 2004, 1800, 6000, -1000  
   132  K, 2005, 3600, -1200, -1000 
   133  K, 2006, 3600, 6000, -1000  
   134  K, 2007, 5400, -1200, -1000 
   135  K, 2008, 5400, 6000, -1000  
   136  K, 2009, 7200, -1200, -1000 
   137  K, 2010, 7200, 6000, -1000  
   138  K, 2011, 9000, -1200, -1000 
   139  K, 2012, 9000, 6000, -1000  
   140  K, 2013, 10800, -1200, -1000
   141  K, 2014, 10800, 6000, -1000 
   142      
   143  LSEL, S, LINE, , 1, 8   
   144  LATT, 1, , 1, , 1001, , 2   
   145  LESIZE, ALL, , , 20 
   146  LSEL, S, LINE, , 9, 16  
   147  LATT, 1, , 1, , 1003, , 1   
   148  LESIZE, ALL, , , 20 
   149  LSEL, S, LINE, , 17, 24 
   150  LATT, 1, , 1, , 1005, , 2   
   151  LESIZE, ALL, , , 20 
   152  LSEL, S, LINE, , 25, 28 
   153  LATT, 1, , 1, , 2001, , 6   
   154  LESIZE, ALL, , , 5  
   155  LSEL, S, LINE, , 29, 32 
   156  LATT, 1, , 1, , 2003, , 5   
   157  LESIZE, ALL, , , 5  
   158  LSEL, S, LINE, , 33, 36 
   159  LATT, 1, , 1, , 2005, , 4   
   160  LESIZE, ALL, , , 5  
   161  LSEL, S, LINE, , 37, 40 
   162  LATT, 1, , 1, , 2007, , 3   
   163  LESIZE, ALL, , , 5  
   164  LSEL, S, LINE, , 41, 44 
   165  LATT, 1, , 1, , 2009, , 4   
   166  LESIZE, ALL, , , 5  
   167  LSEL, S, LINE, , 45, 48 
   168  LATT, 1, , 1, , 2011, , 5   
   169  LESIZE, ALL, , , 5  
   170  LSEL, S, LINE, , 49, 52 
   171  LATT, 1, , 1, , 2013, , 6   
   172  LESIZE, ALL, , , 5  
   173      
   174  ALLSEL, ALL 
   175  LMESH, ALL  
   176  ALLSEL, ALL 
   177      
   178  NSEL, S, LOC, X, -1800  
   179  D, ALL, UX, 0   
   180  D, ALL, UY, 0   
   181  D, ALL, UZ, 0   
   182  D, ALL, ROTX, 0 
   183  D, ALL, ROTY, 0 
   184  D, ALL, ROTZ, 0 
   185  ALLSEL, ALL 
   186  NSEL, S, LOC, X, 12600  
   187  D, ALL, UX, 0   
   188  D, ALL, UY, 0   
   189  D, ALL, UZ, 0   
   190  D, ALL, ROTX, 0 
   191  D, ALL, ROTY, 0 
   192  D, ALL, ROTZ, 0 
   193  ALLSEL, ALL 
   194  NSEL, S, LOC, Y, -1200  
   195  D, ALL, UX, 0   
   196  D, ALL, UY, 0   
   197  D, ALL, UZ, 0   
   198  ALLSEL, ALL 
   199  NSEL, S, LOC, Y, 6000   
   200  D, ALL, UX, 0   
   201  D, ALL, UY, 0   
   202  D, ALL, UZ, 0   
   203  ALLSEL, ALL 
   204      
   205  ESEL, S, SEC, , 3, 6
   206  SFBEAM, ALL, 1, PRES, 16.6667, 16.6667  
   207  ALLSEL, ALL 
   208      
   209  SAVE, task5_base_model, db  
   210  FINISH  

 RUN SETUP PROCEDURE FROM FILE= e:\Program Files\ANSYS Inc241\v241\ANSYS\apdl\start.ans

 /INPUT FILE= e:\Program Files\ANSYS Inc241\v241\ANSYS\apdl\start.ans  LINE=       0

 CLEAR DATABASE AND RERUN START.ANS

 RUN SETUP PROCEDURE FROM FILE= e:\Program Files\ANSYS Inc241\v241\ANSYS\apdl\start.ans

 Ansys Mechanical Enterprise                       

 /INPUT FILE= e:\Program Files\ANSYS Inc241\v241\ANSYS\apdl\start.ans  LINE=       0

 TITLE= 
  Task5_base                                                                   


 *** MAPDL - ENGINEERING ANALYSIS SYSTEM  RELEASE 2024 R1          24.1     ***
 Ansys Mechanical Enterprise                       
 20120530  VERSION=WINDOWS x64   14:41:27  APR 21, 2026 CP=      0.266

  Task5_base                                                                   



          ***** MAPDL ANALYSIS DEFINITION (PREP7) *****


 ***** ROUTINE COMPLETED *****  CP =         0.438



 ***** END OF INPUT ENCOUNTERED *****

 PURGE ALL SOLUTION AND POST DATA
 SAVE ALL MODEL DATA

 ALL CURRENT MAPDL DATA WRITTEN TO FILE NAME= task5_base_model_build.db
  FOR POSSIBLE RESUME FROM THIS POINT


 NUMBER OF WARNING MESSAGES ENCOUNTERED=          0
 NUMBER OF ERROR   MESSAGES ENCOUNTERED=          0

+--------------------- M A P D L   S T A T I S T I C S ------------------------+

Release: 2024 R1            Build: 24.1       Update: UP20231106   Platform: WINDOWS x64 
Date Run: 04/21/2026   Time: 14:41     Process ID: 22408
Operating System: Windows 11  (Build: 26200)

Processor Model: 12th Gen Intel(R) Core(TM) i5-1240P

Compiler: Intel(R) Fortran Compiler Classic Version 2021.9  (Build: 20230302)
          Intel(R) C/C++ Compiler Classic Version 2021.9  (Build: 20230302)
          Intel(R) Math Kernel Library Version 2020.0.0 Product Build 20191125
          BLAS Library supplied by Intel(R) MKL

Number of machines requested            :    1
Total number of cores available         :   16
Number of physical cores available      :   12
Number of processes requested           :    2
Number of threads per process requested :    1
Total number of cores requested         :    2 (Distributed Memory Parallel)               
MPI Type: INTELMPI
MPI Version: Intel(R) MPI Library 2021.10 for Windows* OS


GPU Acceleration: Not Requested

Job Name: task5_base_model_build0
Input File: C:\Users\HUAWEI\Documents\GitHub\MY_MTO\APDLRESULTS_MTO\task5\task5_base_model_build.mac

  Core                Machine Name   Working Directory
 -----------------------------------------------------
     0             LAPTOP-TOPLMTNP   C:\Users\HUAWEI\Documents\GitHub\MY_MTO\APDLRESULTS_MTO\task5
     1             LAPTOP-TOPLMTNP   C:\Users\HUAWEI\Documents\GitHub\MY_MTO\APDLRESULTS_MTO\task5
 
Latency time from master to core     1 =    1.666 microseconds
 
Communication speed from master to core     1 =  9403.80 MB/sec

Total CPU time for main thread                    :        0.7 seconds
Total CPU time summed for all threads             :        0.5 seconds

Elapsed time spent obtaining a license            :        1.6 seconds
Elapsed time spent pre-processing model (/PREP7)  :        0.2 seconds
Elapsed time spent solution - preprocessing       :        0.0 seconds
Elapsed time spent computing solution             :        0.0 seconds
Elapsed time spent solution - postprocessing      :        0.0 seconds
Elapsed time spent post-processing model (/POST1) :        0.0 seconds
 

Sum of disk space used on all processes           :        1.5 MB

Sum of memory used on all processes               :       71.0 MB
Sum of memory allocated on all processes          :     2368.0 MB
Physical memory available                         :         16 GB
Total amount of I/O written to disk               :        0.0 GB
Total amount of I/O read from disk                :        0.0 GB

+------------------ E N D   M A P D L   S T A T I S T I C S -------------------+


 *-----------------------------------------------------------------------------*
 |                                                                             |
 |                               RUN COMPLETED                                 |
 |                                                                             |
 |-----------------------------------------------------------------------------|
 |                                                                             |
 |  Ansys MAPDL 2024 R1         Build 24.1         UP20231106    WINDOWS x64   |
 |                                                                             |
 |-----------------------------------------------------------------------------|
 |                                                                             |
 |  Database Requested(-db)     1024 MB     Scratch Memory Requested   1024 MB |
 |  Max Database Used(Master)      2 MB     Max Scratch Used(Master)     65 MB |
 |  Max Database Used(Workers)     1 MB     Max Scratch Used(Workers)     3 MB |
 |  Sum Database Used(All)         3 MB     Sum Scratch Used(All)        68 MB |
 |                                                                             |
 |-----------------------------------------------------------------------------|
 |                                                                             |
 |        CP Time      (sec) =          0.453       Time  =  14:41:27          |
 |        Elapsed Time (sec) =          3.000       Date  =  04/21/2026        |
 |                                                                             |
 *-----------------------------------------------------------------------------*
