
 Ansys Mechanical Enterprise                       


 *------------------------------------------------------------------*
 |                                                                  |
 |   W E L C O M E   T O   T H E   A N S Y S (R)  P R O G R A M     |
 |                                                                  |
 *------------------------------------------------------------------*




 ***************************************************************
 *         ANSYS MAPDL 2024 R1          LEGAL NOTICES          *
 ***************************************************************
 *                                                             *
 * Copyright 1971-2024 Ansys, Inc.  All rights reserved.       *
 * Unauthorized use, distribution or duplication is            *
 * prohibited.                                                 *
 *                                                             *
 * Ansys is a registered trademark of Ansys, Inc. or its       *
 * subsidiaries in the United States or other countries.       *
 * See the Ansys, Inc. online documentation or the Ansys, Inc. *
 * documentation CD or online help for the complete Legal      *
 * Notice.                                                     *
 *                                                             *
 ***************************************************************
 *                                                             *
 * THIS ANSYS SOFTWARE PRODUCT AND PROGRAM DOCUMENTATION       *
 * INCLUDE TRADE SECRETS AND CONFIDENTIAL AND PROPRIETARY      *
 * PRODUCTS OF ANSYS, INC., ITS SUBSIDIARIES, OR LICENSORS.    *
 * The software products and documentation are furnished by    *
 * Ansys, Inc. or its subsidiaries under a software license    *
 * agreement that contains provisions concerning               *
 * non-disclosure, copying, length and nature of use,          *
 * compliance with exporting laws, warranties, disclaimers,    *
 * limitations of liability, and remedies, and other           *
 * provisions.  The software products and documentation may be *
 * used, disclosed, transferred, or copied only in accordance  *
 * with the terms and conditions of that software license      *
 * agreement.                                                  *
 *                                                             *
 * Ansys, Inc. is a UL registered                              *
 * ISO 9001:2015 company.                                      *
 *                                                             *
 ***************************************************************
 *                                                             *
 * This product is subject to U.S. laws governing export and   *
 * re-export.                                                  *
 *                                                             *
 * For U.S. Government users, except as specifically granted   *
 * by the Ansys, Inc. software license agreement, the use,     *
 * duplication, or disclosure by the United States Government  *
 * is subject to restrictions stated in the Ansys, Inc.        *
 * software license agreement and FAR 12.212 (for non-DOD      *
 * licenses).                                                  *
 *                                                             *
 ***************************************************************

 2024 R1 
     
 Point Releases and Patches installed:   
     
 Ansys, Inc. License Manager 2024 R1 
 Discovery 2024 R1   
 SpaceClaim 2024 R1  
 Icepak (includes CFD-Post) 2024 R1  
 Fluids 2024 R1  
 Ansys Dynamic Reporting 2024 R1 
 CFD-Post only 2024 R1   
 CFX (includes CFD-Post) 2024 R1 
 Chemkin 2024 R1 
 EnSight 2024 R1 
 FENSAP-ICE 2024 R1  
 Fluent (includes CFD-Post) 2024 R1  
 Polyflow (includes CFD-Post) 2024 R1
 Forte (includes EnSight) 2024 R1
 ICEM CFD 2024 R1
 TurboGrid 2024 R1   
 ACIS Geometry Interface 2024 R1 
 AutoCAD Geometry Interface 2024 R1  
 Catia, Version 4 Geometry Interface 2024 R1 
 Catia, Version 5 Geometry Interface 2024 R1 
 Catia, Version 6 Geometry Interface 2024 R1 
 Creo Elements/Direct Modeling Geometry Interface 2024 R1
 Creo Parametric Geometry Interface 2024 R1  
 Inventor Geometry Interface 2024 R1 
 JTOpen Geometry Interface 2024 R1   
 NX Geometry Interface 2024 R1   
 Parasolid Geometry Interface  2024 R1   
 Solid Edge Geometry Interface 2024 R1   
 SOLIDWORKS Geometry Interface 2024 R1   
 Speos 2024 R1   
 Speos HPC 2024 R1   
 optiSLang 2024 R1   
 Remote Solve Manager Standalone Services 2024 R1
 Additive 2024 R1
 Aqwa 2024 R1
 Autodyn 2024 R1 
 Customization Files for User Programmable Features 2024 R1  
 LS-DYNA 2024 R1 
 Material Calibration App 2024 R1
 Mechanical Products 2024 R1 
 Motion 2024 R1  
 Sherlock 2024 R1
 Sound - SAS 2024 R1 


          *****  MAPDL COMMAND LINE ARGUMENTS  *****
  INITIAL JOBNAME              = task8_base_model_build                                                                                                                                                                                                                                  
  BATCH MODE REQUESTED (-b)    = LIST
  INPUT FILE COPY MODE (-c)    = COPY
       2 PARALLEL PROCESSES REQUESTED WITH SINGLE THREAD PER PROCESS
    TOTAL OF     2 CORES REQUESTED
  INPUT FILE NAME              = C:\Users\HUAWEI\Documents\GitHub\MY_MTO\APDLRESULTS_MTO\task8\task8_base_model_build.mac
  OUTPUT FILE NAME             = C:\Users\HUAWEI\Documents\GitHub\MY_MTO\APDLRESULTS_MTO\task8\task8_base_model_build.out
  INITIAL DIRECTORY = C:\Users\HUAWEI\Documents\GitHub\MY_MTO\APDLRESULTS_MTO\task8

 RELEASE= 2024 R1              BUILD= 24.1      UP20231106   VERSION=WINDOWS x64 
 CURRENT JOBNAME=task8_base_model_build0  21:31:24  APR 16, 2026 CP=      0.078

     1  FINISH  
     2  /CLEAR, START   
     3  /TITLE, Task8_base  
     4  /NOPR   
     5      
     6  /PREP7  
     7  ET, 1, BEAM188  
     8  KEYOPT, 1, 4, 2 
     9      
    10  MP, EX, 1, 2.06e5   
    11  MP, PRXY, 1, 0.3
    12  MP, DENS, 1, 7.85e-9
    13      
    14  SECTYPE, 1, BEAM, I, LONG_1, 5  
    15  SECDATA, 170, 1600, 425, 15, 10, 7  
    16  SECTYPE, 2, BEAM, I, LONG_2, 5  
    17  SECDATA, 170, 1600, 425, 15, 10, 7  
    18  SECTYPE, 3, BEAM, I, LONG_3, 5  
    19  SECDATA, 170, 1600, 425, 15, 10, 7  
    20  SECTYPE, 4, BEAM, I, LONG_4, 5  
    21  SECDATA, 170, 1200, 425, 15, 10, 7  
    22  SECTYPE, 5, BEAM, I, RIB_1, 5   
    23  SECDATA, 170, 1200, 425, 15, 10, 7  
    24  SECTYPE, 6, BEAM, I, RIB_2, 5   
    25  SECDATA, 170, 1200, 425, 15, 10, 7  
    26  SECTYPE, 7, BEAM, I, RIB_3, 5   
    27  SECDATA, 170, 1200, 425, 15, 10, 7  
    28  SECTYPE, 8, BEAM, I, RIB_4, 5   
    29  SECDATA, 170, 1200, 425, 15, 10, 7  
    30  SECTYPE, 9, BEAM, I, RIB_5, 5   
    31  SECDATA, 170, 1200, 425, 15, 10, 7  
    32      
    33  K, 1, -1200, 0, 0   
    34  K, 2, 0, 0, 0   
    35  K, 3, 1200, 0, 0
    36  K, 4, 2400, 0, 0
    37  K, 5, 3600, 0, 0
    38  K, 6, 4800, 0, 0
    39  K, 7, 6000, 0, 0
    40  K, 8, 7200, 0, 0
    41  K, 9, 8400, 0, 0
    42  K, 10, 9600, 0, 0   
    43  K, 11, 10800, 0, 0  
    44  K, 12, -1200, 1600, 0   
    45  K, 13, 0, 1600, 0   
    46  K, 14, 1200, 1600, 0
    47  K, 15, 2400, 1600, 0
    48  K, 16, 3600, 1600, 0
    49  K, 17, 4800, 1600, 0
    50  K, 18, 6000, 1600, 0
    51  K, 19, 7200, 1600, 0
    52  K, 20, 8400, 1600, 0
    53  K, 21, 9600, 1600, 0
    54  K, 22, 10800, 1600, 0   
    55  K, 23, -1200, 3200, 0   
    56  K, 24, 0, 3200, 0   
    57  K, 25, 1200, 3200, 0
    58  K, 26, 2400, 3200, 0
    59  K, 27, 3600, 3200, 0
    60  K, 28, 4800, 3200, 0
    61  K, 29, 6000, 3200, 0
    62  K, 30, 7200, 3200, 0
    63  K, 31, 8400, 3200, 0
    64  K, 32, 9600, 3200, 0
    65  K, 33, 10800, 3200, 0   
    66  K, 34, -1200, 4800, 0   
    67  K, 35, 0, 4800, 0   
    68  K, 36, 1200, 4800, 0
    69  K, 37, 2400, 4800, 0
    70  K, 38, 3600, 4800, 0
    71  K, 39, 4800, 4800, 0
    72  K, 40, 6000, 4800, 0
    73  K, 41, 7200, 4800, 0
    74  K, 42, 8400, 4800, 0
    75  K, 43, 9600, 4800, 0
    76  K, 44, 10800, 4800, 0   
    77  K, 45, -1200, 6400, 0   
    78  K, 46, 0, 6400, 0   
    79  K, 47, 1200, 6400, 0
    80  K, 48, 2400, 6400, 0
    81  K, 49, 3600, 6400, 0
    82  K, 50, 4800, 6400, 0
    83  K, 51, 6000, 6400, 0
    84  K, 52, 7200, 6400, 0
    85  K, 53, 8400, 6400, 0
    86  K, 54, 9600, 6400, 0
    87  K, 55, 10800, 6400, 0   
    88  K, 56, -1200, 8000, 0   
    89  K, 57, 0, 8000, 0   
    90  K, 58, 1200, 8000, 0
    91  K, 59, 2400, 8000, 0
    92  K, 60, 3600, 8000, 0
    93  K, 61, 4800, 8000, 0
    94  K, 62, 6000, 8000, 0
    95  K, 63, 7200, 8000, 0
    96  K, 64, 8400, 8000, 0
    97  K, 65, 9600, 8000, 0
    98  K, 66, 10800, 8000, 0   
    99  K, 67, -1200, 9600, 0   
   100  K, 68, 0, 9600, 0   
   101  K, 69, 1200, 9600, 0
   102  K, 70, 2400, 9600, 0
   103  K, 71, 3600, 9600, 0
   104  K, 72, 4800, 9600, 0
   105  K, 73, 6000, 9600, 0
   106  K, 74, 7200, 9600, 0
   107  K, 75, 8400, 9600, 0
   108  K, 76, 9600, 9600, 0
   109  K, 77, 10800, 9600, 0   
   110  K, 78, 0, -800, 0   
   111  K, 79, 0, 10400, 0  
   112  K, 80, 1200, -800, 0
   113  K, 81, 1200, 10400, 0   
   114  K, 82, 2400, -800, 0
   115  K, 83, 2400, 10400, 0   
   116  K, 84, 3600, -800, 0
   117  K, 85, 3600, 10400, 0   
   118  K, 86, 4800, -800, 0
   119  K, 87, 4800, 10400, 0   
   120  K, 88, 6000, -800, 0
   121  K, 89, 6000, 10400, 0   
   122  K, 90, 7200, -800, 0
   123  K, 91, 7200, 10400, 0   
   124  K, 92, 8400, -800, 0
   125  K, 93, 8400, 10400, 0   
   126  K, 94, 9600, -800, 0
   127  K, 95, 9600, 10400, 0   
   128      
   129  L, 1, 2 
   130  L, 2, 3 
   131  L, 3, 4 
   132  L, 4, 5 
   133  L, 5, 6 
   134  L, 6, 7 
   135  L, 7, 8 
   136  L, 8, 9 
   137  L, 9, 10
   138  L, 10, 11   
   139  L, 12, 13   
   140  L, 13, 14   
   141  L, 14, 15   
   142  L, 15, 16   
   143  L, 16, 17   
   144  L, 17, 18   
   145  L, 18, 19   
   146  L, 19, 20   
   147  L, 20, 21   
   148  L, 21, 22   
   149  L, 23, 24   
   150  L, 24, 25   
   151  L, 25, 26   
   152  L, 26, 27   
   153  L, 27, 28   
   154  L, 28, 29   
   155  L, 29, 30   
   156  L, 30, 31   
   157  L, 31, 32   
   158  L, 32, 33   
   159  L, 34, 35   
   160  L, 35, 36   
   161  L, 36, 37   
   162  L, 37, 38   
   163  L, 38, 39   
   164  L, 39, 40   
   165  L, 40, 41   
   166  L, 41, 42   
   167  L, 42, 43   
   168  L, 43, 44   
   169  L, 45, 46   
   170  L, 46, 47   
   171  L, 47, 48   
   172  L, 48, 49   
   173  L, 49, 50   
   174  L, 50, 51   
   175  L, 51, 52   
   176  L, 52, 53   
   177  L, 53, 54   
   178  L, 54, 55   
   179  L, 56, 57   
   180  L, 57, 58   
   181  L, 58, 59   
   182  L, 59, 60   
   183  L, 60, 61   
   184  L, 61, 62   
   185  L, 62, 63   
   186  L, 63, 64   
   187  L, 64, 65   
   188  L, 65, 66   
   189  L, 67, 68   
   190  L, 68, 69   
   191  L, 69, 70   
   192  L, 70, 71   
   193  L, 71, 72   
   194  L, 72, 73   
   195  L, 73, 74   
   196  L, 74, 75   
   197  L, 75, 76   
   198  L, 76, 77   
   199  L, 78, 2
   200  L, 2, 13
   201  L, 13, 24   
   202  L, 24, 35   
   203  L, 35, 46   
   204  L, 46, 57   
   205  L, 57, 68   
   206  L, 68, 79   
   207  L, 80, 3
   208  L, 3, 14
   209  L, 14, 25   
   210  L, 25, 36   
   211  L, 36, 47   
   212  L, 47, 58   
   213  L, 58, 69   
   214  L, 69, 81   
   215  L, 82, 4
   216  L, 4, 15
   217  L, 15, 26   
   218  L, 26, 37   
   219  L, 37, 48   
   220  L, 48, 59   
   221  L, 59, 70   
   222  L, 70, 83   
   223  L, 84, 5
   224  L, 5, 16
   225  L, 16, 27   
   226  L, 27, 38   
   227  L, 38, 49   
   228  L, 49, 60   
   229  L, 60, 71   
   230  L, 71, 85   
   231  L, 86, 6
   232  L, 6, 17
   233  L, 17, 28   
   234  L, 28, 39   
   235  L, 39, 50   
   236  L, 50, 61   
   237  L, 61, 72   
   238  L, 72, 87   
   239  L, 88, 7
   240  L, 7, 18
   241  L, 18, 29   
   242  L, 29, 40   
   243  L, 40, 51   
   244  L, 51, 62   
   245  L, 62, 73   
   246  L, 73, 89   
   247  L, 90, 8
   248  L, 8, 19
   249  L, 19, 30   
   250  L, 30, 41   
   251  L, 41, 52   
   252  L, 52, 63   
   253  L, 63, 74   
   254  L, 74, 91   
   255  L, 92, 9
   256  L, 9, 20
   257  L, 20, 31   
   258  L, 31, 42   
   259  L, 42, 53   
   260  L, 53, 64   
   261  L, 64, 75   
   262  L, 75, 93   
   263  L, 94, 10   
   264  L, 10, 21   
   265  L, 21, 32   
   266  L, 32, 43   
   267  L, 43, 54   
   268  L, 54, 65   
   269  L, 65, 76   
   270  L, 76, 95   
   271      
   272  K, 1001, -1200, 0, -1000
   273  K, 1002, 10800, 0, -1000
   274  K, 1003, -1200, 1600, -1000 
   275  K, 1004, 10800, 1600, -1000 
   276  K, 1005, -1200, 3200, -1000 
   277  K, 1006, 10800, 3200, -1000 
   278  K, 1007, -1200, 4800, -1000 
   279  K, 1008, 10800, 4800, -1000 
   280  K, 1009, -1200, 6400, -1000 
   281  K, 1010, 10800, 6400, -1000 
   282  K, 1011, -1200, 8000, -1000 
   283  K, 1012, 10800, 8000, -1000 
   284  K, 1013, -1200, 9600, -1000 
   285  K, 1014, 10800, 9600, -1000 
   286  K, 2001, 0, -800, -1000 
   287  K, 2002, 0, 10400, -1000
   288  K, 2003, 1200, -800, -1000  
   289  K, 2004, 1200, 10400, -1000 
   290  K, 2005, 2400, -800, -1000  
   291  K, 2006, 2400, 10400, -1000 
   292  K, 2007, 3600, -800, -1000  
   293  K, 2008, 3600, 10400, -1000 
   294  K, 2009, 4800, -800, -1000  
   295  K, 2010, 4800, 10400, -1000 
   296  K, 2011, 6000, -800, -1000  
   297  K, 2012, 6000, 10400, -1000 
   298  K, 2013, 7200, -800, -1000  
   299  K, 2014, 7200, 10400, -1000 
   300  K, 2015, 8400, -800, -1000  
   301  K, 2016, 8400, 10400, -1000 
   302  K, 2017, 9600, -800, -1000  
   303  K, 2018, 9600, 10400, -1000 
   304      
   305  LSEL, S, LINE, , 1, 10  
   306  LATT, 1, , 1, , 1001, , 4   
   307  LESIZE, ALL, , , 20 
   308  LSEL, S, LINE, , 11, 20 
   309  LATT, 1, , 1, , 1003, , 3   
   310  LESIZE, ALL, , , 20 
   311  LSEL, S, LINE, , 21, 30 
   312  LATT, 1, , 1, , 1005, , 2   
   313  LESIZE, ALL, , , 20 
   314  LSEL, S, LINE, , 31, 40 
   315  LATT, 1, , 1, , 1007, , 1   
   316  LESIZE, ALL, , , 20 
   317  LSEL, S, LINE, , 41, 50 
   318  LATT, 1, , 1, , 1009, , 2   
   319  LESIZE, ALL, , , 20 
   320  LSEL, S, LINE, , 51, 60 
   321  LATT, 1, , 1, , 1011, , 3   
   322  LESIZE, ALL, , , 20 
   323  LSEL, S, LINE, , 61, 70 
   324  LATT, 1, , 1, , 1013, , 4   
   325  LESIZE, ALL, , , 20 
   326  LSEL, S, LINE, , 71, 78 
   327  LATT, 1, , 1, , 2001, , 9   
   328  LESIZE, ALL, , , 5  
   329  LSEL, S, LINE, , 79, 86 
   330  LATT, 1, , 1, , 2003, , 8   
   331  LESIZE, ALL, , , 5  
   332  LSEL, S, LINE, , 87, 94 
   333  LATT, 1, , 1, , 2005, , 7   
   334  LESIZE, ALL, , , 5  
   335  LSEL, S, LINE, , 95, 102
   336  LATT, 1, , 1, , 2007, , 6   
   337  LESIZE, ALL, , , 5  
   338  LSEL, S, LINE, , 103, 110   
   339  LATT, 1, , 1, , 2009, , 5   
   340  LESIZE, ALL, , , 5  
   341  LSEL, S, LINE, , 111, 118   
   342  LATT, 1, , 1, , 2011, , 6   
   343  LESIZE, ALL, , , 5  
   344  LSEL, S, LINE, , 119, 126   
   345  LATT, 1, , 1, , 2013, , 7   
   346  LESIZE, ALL, , , 5  
   347  LSEL, S, LINE, , 127, 134   
   348  LATT, 1, , 1, , 2015, , 8   
   349  LESIZE, ALL, , , 5  
   350  LSEL, S, LINE, , 135, 142   
   351  LATT, 1, , 1, , 2017, , 9   
   352  LESIZE, ALL, , , 5  
   353      
   354  ALLSEL, ALL 
   355  LMESH, ALL  
   356  ALLSEL, ALL 
   357      
   358  NSEL, S, LOC, X, -1200  
   359  D, ALL, UX, 0   
   360  D, ALL, UY, 0   
   361  D, ALL, UZ, 0   
   362  D, ALL, ROTX, 0 
   363  D, ALL, ROTY, 0 
   364  D, ALL, ROTZ, 0 
   365  ALLSEL, ALL 
   366  NSEL, S, LOC, X, 10800  
   367  D, ALL, UX, 0   
   368  D, ALL, UY, 0   
   369  D, ALL, UZ, 0   
   370  D, ALL, ROTX, 0 
   371  D, ALL, ROTY, 0 
   372  D, ALL, ROTZ, 0 
   373  ALLSEL, ALL 
   374  NSEL, S, LOC, Y, -800   
   375  D, ALL, UX, 0   
   376  D, ALL, UY, 0   
   377  D, ALL, UZ, 0   
   378  ALLSEL, ALL 
   379  NSEL, S, LOC, Y, 10400  
   380  D, ALL, UX, 0   
   381  D, ALL, UY, 0   
   382  D, ALL, UZ, 0   
   383  ALLSEL, ALL 
   384      
   385  ESEL, S, SEC, , 5, 9
   386  SFBEAM, ALL, 1, PRES, 18, 18
   387  ALLSEL, ALL 
   388      
   389  SAVE, task8_base_model, db  
   390  FINISH  

 RUN SETUP PROCEDURE FROM FILE= e:\Program Files\ANSYS Inc241\v241\ANSYS\apdl\start.ans

 /INPUT FILE= e:\Program Files\ANSYS Inc241\v241\ANSYS\apdl\start.ans  LINE=       0

 CLEAR DATABASE AND RERUN START.ANS

 RUN SETUP PROCEDURE FROM FILE= e:\Program Files\ANSYS Inc241\v241\ANSYS\apdl\start.ans

 Ansys Mechanical Enterprise                       

 /INPUT FILE= e:\Program Files\ANSYS Inc241\v241\ANSYS\apdl\start.ans  LINE=       0

 TITLE= 
  Task8_base                                                                   


 *** MAPDL - ENGINEERING ANALYSIS SYSTEM  RELEASE 2024 R1          24.1     ***
 Ansys Mechanical Enterprise                       
 20120530  VERSION=WINDOWS x64   21:31:24  APR 16, 2026 CP=      0.172

  Task8_base                                                                   



          ***** MAPDL ANALYSIS DEFINITION (PREP7) *****


 ***** ROUTINE COMPLETED *****  CP =         0.406



 ***** END OF INPUT ENCOUNTERED *****

 PURGE ALL SOLUTION AND POST DATA
 SAVE ALL MODEL DATA

 ALL CURRENT MAPDL DATA WRITTEN TO FILE NAME= task8_base_model_build.db
  FOR POSSIBLE RESUME FROM THIS POINT


 NUMBER OF WARNING MESSAGES ENCOUNTERED=          0
 NUMBER OF ERROR   MESSAGES ENCOUNTERED=          0

+--------------------- M A P D L   S T A T I S T I C S ------------------------+

Release: 2024 R1            Build: 24.1       Update: UP20231106   Platform: WINDOWS x64 
Date Run: 04/16/2026   Time: 21:31     Process ID: 12580
Operating System: Windows 11  (Build: 26200)

Processor Model: 12th Gen Intel(R) Core(TM) i5-1240P

Compiler: Intel(R) Fortran Compiler Classic Version 2021.9  (Build: 20230302)
          Intel(R) C/C++ Compiler Classic Version 2021.9  (Build: 20230302)
          Intel(R) Math Kernel Library Version 2020.0.0 Product Build 20191125
          BLAS Library supplied by Intel(R) MKL

Number of machines requested            :    1
Total number of cores available         :   16
Number of physical cores available      :   12
Number of processes requested           :    2
Number of threads per process requested :    1
Total number of cores requested         :    2 (Distributed Memory Parallel)               
MPI Type: INTELMPI
MPI Version: Intel(R) MPI Library 2021.10 for Windows* OS


GPU Acceleration: Not Requested

Job Name: task8_base_model_build0
Input File: C:\Users\HUAWEI\Documents\GitHub\MY_MTO\APDLRESULTS_MTO\task8\task8_base_model_build.mac

  Core                Machine Name   Working Directory
 -----------------------------------------------------
     0             LAPTOP-TOPLMTNP   C:\Users\HUAWEI\Documents\GitHub\MY_MTO\APDLRESULTS_MTO\task8
     1             LAPTOP-TOPLMTNP   C:\Users\HUAWEI\Documents\GitHub\MY_MTO\APDLRESULTS_MTO\task8
 
Latency time from master to core     1 =    1.424 microseconds
 
Communication speed from master to core     1 =  9287.10 MB/sec

Total CPU time for main thread                    :        0.7 seconds
Total CPU time summed for all threads             :        0.4 seconds

Elapsed time spent obtaining a license            :        1.6 seconds
Elapsed time spent pre-processing model (/PREP7)  :        0.2 seconds
Elapsed time spent solution - preprocessing       :        0.0 seconds
Elapsed time spent computing solution             :        0.0 seconds
Elapsed time spent solution - postprocessing      :        0.0 seconds
Elapsed time spent post-processing model (/POST1) :        0.0 seconds
 

Sum of disk space used on all processes           :        2.9 MB

Sum of memory used on all processes               :       74.0 MB
Sum of memory allocated on all processes          :     2368.0 MB
Physical memory available                         :         16 GB
Total amount of I/O written to disk               :        0.0 GB
Total amount of I/O read from disk                :        0.0 GB

+------------------ E N D   M A P D L   S T A T I S T I C S -------------------+


 *-----------------------------------------------------------------------------*
 |                                                                             |
 |                               RUN COMPLETED                                 |
 |                                                                             |
 |-----------------------------------------------------------------------------|
 |                                                                             |
 |  Ansys MAPDL 2024 R1         Build 24.1         UP20231106    WINDOWS x64   |
 |                                                                             |
 |-----------------------------------------------------------------------------|
 |                                                                             |
 |  Database Requested(-db)     1024 MB     Scratch Memory Requested   1024 MB |
 |  Max Database Used(Master)      5 MB     Max Scratch Used(Master)     65 MB |
 |  Max Database Used(Workers)     1 MB     Max Scratch Used(Workers)     3 MB |
 |  Sum Database Used(All)         6 MB     Sum Scratch Used(All)        68 MB |
 |                                                                             |
 |-----------------------------------------------------------------------------|
 |                                                                             |
 |        CP Time      (sec) =          0.422       Time  =  21:31:24          |
 |        Elapsed Time (sec) =          3.000       Date  =  04/16/2026        |
 |                                                                             |
 *-----------------------------------------------------------------------------*
